IP Ports Diff Report for qsfp_xcvr_test
Wed May 24 14:27:08 2023
Quartus Prime Version 23.1.0 Build 115 03/30/2023 SC Pro Edition


---------------------
; Table of Contents ;
---------------------
  1. IP Information



+----------------------------------------------------------------------------------------------------------------------------------------------------------------+
; IP Information                                                                                                                                                 ;
+----------------------+-----------------------------------------------------------------------------------------------------------------------------------------+
; IP Variation Name    ; qsfp_xcvr_test                                                                                                                          ;
; Prior Version        ; ACDS_v18.1                                                                                                                              ;
; New Version          ; ACDS_v23.1                                                                                                                              ;
; New File             ; /nfs/site/disks/psg_board_1/guoqin9x/S10/stratix10GX_1sg280u50_fpga_revd_htile_v23.1/qts_qsfp_sdi/qsfp_xcvr_test/synth/qsfp_xcvr_test.v ;
; Has Port Differences ; No                                                                                                                                      ;
+----------------------+-----------------------------------------------------------------------------------------------------------------------------------------+


