IP Ports Diff Report for xcvr_test_system_mm_bridge_0
Wed May 24 14:27:08 2023
Quartus Prime Version 23.1.0 Build 115 03/30/2023 SC Pro Edition


---------------------
; Table of Contents ;
---------------------
  1. IP Information



+----------------------------------------------------------------------------------------------------------------------------------------------------------------------------------------------------------------+
; IP Information                                                                                                                                                                                                 ;
+----------------------+-----------------------------------------------------------------------------------------------------------------------------------------------------------------------------------------+
; IP Variation Name    ; xcvr_test_system_mm_bridge_0                                                                                                                                                            ;
; Prior Version        ; 18.1                                                                                                                                                                                    ;
; New Version          ; 20.0.1                                                                                                                                                                                  ;
; New File             ; /nfs/site/disks/psg_board_1/guoqin9x/S10/stratix10GX_1sg280u50_fpga_revd_htile_v23.1/qts_qsfp_sdi/ip/xcvr_test_system/xcvr_test_system_mm_bridge_0/synth/xcvr_test_system_mm_bridge_0.v ;
; Has Port Differences ; No                                                                                                                                                                                      ;
+----------------------+-----------------------------------------------------------------------------------------------------------------------------------------------------------------------------------------+


