Flow report for qts_qsfp_sdi
Sun Feb  4 17:21:11 2024
Quartus Prime Version 23.3.0 Build 104 09/20/2023 SC Pro Edition


---------------------
; Table of Contents ;
---------------------
  1. Legal Notice
  2. Flow Summary
  3. Flow Settings
  4. Flow Non-Default Global Settings
  5. Flow Elapsed Time
  6. Flow OS Summary
  7. Flow Log



----------------
; Legal Notice ;
----------------
Copyright (C) 2023  Intel Corporation. All rights reserved.
Your use of Intel Corporation's design tools, logic functions 
and other software and tools, and any partner logic 
functions, and any output files from any of the foregoing 
(including device programming or simulation files), and any 
associated documentation or information are expressly subject 
to the terms and conditions of the Intel Program License 
Subscription Agreement, the Intel Quartus Prime License Agreement,
the Intel FPGA IP License Agreement, or other applicable license
agreement, including, without limitation, that your use is for
the sole purpose of programming logic devices manufactured by
Intel and sold by Intel or its authorized distributors.  Please
refer to the Intel FPGA Software License Subscription Agreements 
on the Quartus Prime software download page.



+------------------------------------------------------------------------------+
; Flow Summary                                                                 ;
+---------------------------------+--------------------------------------------+
; Flow Status                     ; Successful - Sun Feb  4 17:21:10 2024      ;
; Quartus Prime Version           ; 23.3.0 Build 104 09/20/2023 SC Pro Edition ;
; Revision Name                   ; qts_qsfp_sdi                               ;
; Top-level Entity Name           ; qts_qsfp_sdi                               ;
; Family                          ; Stratix 10                                 ;
; Device                          ; 1SG280HU2F50E2VG                           ;
; Timing Models                   ; Final                                      ;
; Power Models                    ; Final                                      ;
; Device Status                   ; Final                                      ;
; Logic utilization (in ALMs)     ; 22,327 / 933,120 ( 2 % )                   ;
; Total dedicated logic registers ; 35258                                      ;
; Total pins                      ; 62 / 1,152 ( 5 % )                         ;
; Total block memory bits         ; 966,464 / 240,046,080 ( < 1 % )            ;
; Total RAM Blocks                ; 72 / 11,721 ( < 1 % )                      ;
; Total DSP Blocks                ; 0 / 5,760 ( 0 % )                          ;
; Total DIB Channels              ; 0 / 75 ( 0 % )                             ;
; Total HSSI RX channels          ; 6 / 96 ( 6 % )                             ;
; Total HSSI TX channels          ; 6 / 96 ( 6 % )                             ;
; Total HSSI HPS                  ; 0 / 1 ( 0 % )                              ;
; Total HSSI EHIPs                ; 0 / 4 ( 0 % )                              ;
; Total PLLs                      ; 9 / 184 ( 5 % )                            ;
+---------------------------------+--------------------------------------------+


+-----------------------------------------+
; Flow Settings                           ;
+-------------------+---------------------+
; Option            ; Setting             ;
+-------------------+---------------------+
; Start date & time ; 02/04/2024 17:04:04 ;
; Main task         ; Compilation         ;
; Revision Name     ; qts_qsfp_sdi        ;
+-------------------+---------------------+


+------------------------------------------------------------------------------------------------------------------------------------------------------------------------------------------------------------------------------------------------------------------------------------+
; Flow Non-Default Global Settings                                                                                                                                                                                                                                                   ;
+-------------------------------------+------------------------------------------------------------------------------------------------------------------------------------------------------------------------------------------+--------------------+-------------+----------------+
; Assignment Name                     ; Value                                                                                                                                                                                    ; Default Value      ; Entity Name ; Section Id     ;
+-------------------------------------+------------------------------------------------------------------------------------------------------------------------------------------------------------------------------------------+--------------------+-------------+----------------+
; ADV_NETLIST_OPT_SYNTH_WYSIWYG_REMAP ; On                                                                                                                                                                                       ; Off                ; --          ; --             ;
; ALLOW_DSP_RETIMING                  ; On                                                                                                                                                                                       ; Off                ; --          ; --             ;
; ALLOW_RAM_RETIMING                  ; On                                                                                                                                                                                       ; Off                ; --          ; --             ;
; COMPILER_SIGNATURE_ID               ; 159303458021396.170708431813200                                                                                                                                                          ; --                 ; --          ; --             ;
; EDA_OUTPUT_DATA_FORMAT              ; None                                                                                                                                                                                     ; --                 ; --          ; eda_simulation ;
; ENABLE_SIGNALTAP                    ; On                                                                                                                                                                                       ; --                 ; --          ; --             ;
; ENABLE_TIME_BORROWING_OPTIMIZATION  ; On                                                                                                                                                                                       ; Off                ; --          ; --             ;
; FITTER_EFFORT                       ; -- (Not supported for targeted family)                                                                                                                                                   ; Auto Fit           ; --          ; --             ;
; FLOW_ENABLE_RTL_VIEWER              ; On                                                                                                                                                                                       ; Off                ; --          ; --             ;
; IP_SEARCH_PATHS                     ; ip/intel_avalon_data_pattern_checker/**/*; ip/intel_avalon_data_pattern_generator/**/*                                                                                                   ; --                 ; --          ; --             ;
; MAX_CORE_JUNCTION_TEMP              ; 100                                                                                                                                                                                      ; --                 ; --          ; --             ;
; MIN_CORE_JUNCTION_TEMP              ; 0                                                                                                                                                                                        ; --                 ; --          ; --             ;
; MISC_FILE                           ; C:/Users/Haas1S/Downloads/stratix/qts_qsfp_sdi/qts_qsfp_sdi/dni/sld/ipgen/alt_sld_fab_0/alt_sld_fab_0/alt_sld_fab_0.cmp                                                                  ; --                 ; --          ; --             ;
; MISC_FILE                           ; C:/Users/Haas1S/Downloads/stratix/qts_qsfp_sdi/qts_qsfp_sdi/dni/sld/ipgen/alt_sld_fab_0/alt_sld_fab_0.ip                                                                                 ; --                 ; --          ; --             ;
; MISC_FILE                           ; C:/Users/Haas1S/Downloads/stratix/qts_qsfp_sdi/qts_qsfp_sdi/ip/q_sys/q_sys_clk_100/q_sys_clk_100.cmp                                                                                     ; --                 ; --          ; --             ;
; MISC_FILE                           ; C:/Users/Haas1S/Downloads/stratix/qts_qsfp_sdi/qts_qsfp_sdi/ip/q_sys/q_sys_clk_100.ip                                                                                                    ; --                 ; --          ; --             ;
; MISC_FILE                           ; C:/Users/Haas1S/Downloads/stratix/qts_qsfp_sdi/qts_qsfp_sdi/ip/q_sys/q_sys_clk_50/q_sys_clk_50.cmp                                                                                       ; --                 ; --          ; --             ;
; MISC_FILE                           ; C:/Users/Haas1S/Downloads/stratix/qts_qsfp_sdi/qts_qsfp_sdi/ip/q_sys/q_sys_clk_50.ip                                                                                                     ; --                 ; --          ; --             ;
; MISC_FILE                           ; C:/Users/Haas1S/Downloads/stratix/qts_qsfp_sdi/qts_qsfp_sdi/ip/q_sys/q_sys_clock_bridge_0/q_sys_clock_bridge_0.cmp                                                                       ; --                 ; --          ; --             ;
; MISC_FILE                           ; C:/Users/Haas1S/Downloads/stratix/qts_qsfp_sdi/qts_qsfp_sdi/ip/q_sys/q_sys_clock_bridge_0.ip                                                                                             ; --                 ; --          ; --             ;
; MISC_FILE                           ; C:/Users/Haas1S/Downloads/stratix/qts_qsfp_sdi/qts_qsfp_sdi/ip/q_sys/q_sys_clock_bridge_1/q_sys_clock_bridge_1.cmp                                                                       ; --                 ; --          ; --             ;
; MISC_FILE                           ; C:/Users/Haas1S/Downloads/stratix/qts_qsfp_sdi/qts_qsfp_sdi/ip/q_sys/q_sys_clock_bridge_1.ip                                                                                             ; --                 ; --          ; --             ;
; MISC_FILE                           ; C:/Users/Haas1S/Downloads/stratix/qts_qsfp_sdi/qts_qsfp_sdi/ip/q_sys/q_sys_master_0/q_sys_master_0.cmp                                                                                   ; --                 ; --          ; --             ;
; MISC_FILE                           ; C:/Users/Haas1S/Downloads/stratix/qts_qsfp_sdi/qts_qsfp_sdi/ip/q_sys/q_sys_master_0.ip                                                                                                   ; --                 ; --          ; --             ;
; MISC_FILE                           ; C:/Users/Haas1S/Downloads/stratix/qts_qsfp_sdi/qts_qsfp_sdi/ip/q_sys/q_sys_pll_status_interconnect_0/q_sys_pll_status_interconnect_0.cmp                                                 ; --                 ; --          ; --             ;
; MISC_FILE                           ; C:/Users/Haas1S/Downloads/stratix/qts_qsfp_sdi/qts_qsfp_sdi/ip/q_sys/q_sys_pll_status_interconnect_0.ip                                                                                  ; --                 ; --          ; --             ;
; MISC_FILE                           ; C:/Users/Haas1S/Downloads/stratix/qts_qsfp_sdi/qts_qsfp_sdi/ip/q_sys/q_sys_pll_status_interconnect_2/q_sys_pll_status_interconnect_2.cmp                                                 ; --                 ; --          ; --             ;
; MISC_FILE                           ; C:/Users/Haas1S/Downloads/stratix/qts_qsfp_sdi/qts_qsfp_sdi/ip/q_sys/q_sys_pll_status_interconnect_2.ip                                                                                  ; --                 ; --          ; --             ;
; MISC_FILE                           ; C:/Users/Haas1S/Downloads/stratix/qts_qsfp_sdi/qts_qsfp_sdi/ip/q_sys/q_sys_pll_status_interconnect_4/q_sys_pll_status_interconnect_4.cmp                                                 ; --                 ; --          ; --             ;
; MISC_FILE                           ; C:/Users/Haas1S/Downloads/stratix/qts_qsfp_sdi/qts_qsfp_sdi/ip/q_sys/q_sys_pll_status_interconnect_4.ip                                                                                  ; --                 ; --          ; --             ;
; MISC_FILE                           ; C:/Users/Haas1S/Downloads/stratix/qts_qsfp_sdi/qts_qsfp_sdi/ip/q_sys/q_sys_product_info_0/q_sys_product_info_0.cmp                                                                       ; --                 ; --          ; --             ;
; MISC_FILE                           ; C:/Users/Haas1S/Downloads/stratix/qts_qsfp_sdi/qts_qsfp_sdi/ip/q_sys/q_sys_product_info_0.ip                                                                                             ; --                 ; --          ; --             ;
; MISC_FILE                           ; C:/Users/Haas1S/Downloads/stratix/qts_qsfp_sdi/qts_qsfp_sdi/ip/q_sys/q_sys_xcvr_atx_pll_s10_htile_0/q_sys_xcvr_atx_pll_s10_htile_0.cmp                                                   ; --                 ; --          ; --             ;
; MISC_FILE                           ; C:/Users/Haas1S/Downloads/stratix/qts_qsfp_sdi/qts_qsfp_sdi/ip/q_sys/q_sys_xcvr_atx_pll_s10_htile_0.ip                                                                                   ; --                 ; --          ; --             ;
; MISC_FILE                           ; C:/Users/Haas1S/Downloads/stratix/qts_qsfp_sdi/qts_qsfp_sdi/ip/q_sys/q_sys_xcvr_atx_pll_s10_htile_1/q_sys_xcvr_atx_pll_s10_htile_1.cmp                                                   ; --                 ; --          ; --             ;
; MISC_FILE                           ; C:/Users/Haas1S/Downloads/stratix/qts_qsfp_sdi/qts_qsfp_sdi/ip/q_sys/q_sys_xcvr_atx_pll_s10_htile_1.ip                                                                                   ; --                 ; --          ; --             ;
; MISC_FILE                           ; C:/Users/Haas1S/Downloads/stratix/qts_qsfp_sdi/qts_qsfp_sdi/ip/q_sys/q_sys_xcvr_atx_pll_s10_htile_2/q_sys_xcvr_atx_pll_s10_htile_2.cmp                                                   ; --                 ; --          ; --             ;
; MISC_FILE                           ; C:/Users/Haas1S/Downloads/stratix/qts_qsfp_sdi/qts_qsfp_sdi/ip/q_sys/q_sys_xcvr_atx_pll_s10_htile_2.ip                                                                                   ; --                 ; --          ; --             ;
; MISC_FILE                           ; C:/Users/Haas1S/Downloads/stratix/qts_qsfp_sdi/qts_qsfp_sdi/ip/qsfp_xcvr_test/qsfp_xcvr_test_clk_100/qsfp_xcvr_test_clk_100.cmp                                                          ; --                 ; --          ; --             ;
; MISC_FILE                           ; C:/Users/Haas1S/Downloads/stratix/qts_qsfp_sdi/qts_qsfp_sdi/ip/qsfp_xcvr_test/qsfp_xcvr_test_clk_100.ip                                                                                  ; --                 ; --          ; --             ;
; MISC_FILE                           ; C:/Users/Haas1S/Downloads/stratix/qts_qsfp_sdi/qts_qsfp_sdi/ip/qsfp_xcvr_test/qsfp_xcvr_test_clk_50/qsfp_xcvr_test_clk_50.cmp                                                            ; --                 ; --          ; --             ;
; MISC_FILE                           ; C:/Users/Haas1S/Downloads/stratix/qts_qsfp_sdi/qts_qsfp_sdi/ip/qsfp_xcvr_test/qsfp_xcvr_test_clk_50.ip                                                                                   ; --                 ; --          ; --             ;
; MISC_FILE                           ; C:/Users/Haas1S/Downloads/stratix/qts_qsfp_sdi/qts_qsfp_sdi/ip/qsfp_xcvr_test/qsfp_xcvr_test_default_pma_settings_conf_0/qsfp_xcvr_test_default_pma_settings_conf_0.cmp                  ; --                 ; --          ; --             ;
; MISC_FILE                           ; C:/Users/Haas1S/Downloads/stratix/qts_qsfp_sdi/qts_qsfp_sdi/ip/qsfp_xcvr_test/qsfp_xcvr_test_default_pma_settings_conf_0.ip                                                              ; --                 ; --          ; --             ;
; MISC_FILE                           ; C:/Users/Haas1S/Downloads/stratix/qts_qsfp_sdi/qts_qsfp_sdi/ip/qsfp_xcvr_test/qsfp_xcvr_test_mm_bridge_0/qsfp_xcvr_test_mm_bridge_0.cmp                                                  ; --                 ; --          ; --             ;
; MISC_FILE                           ; C:/Users/Haas1S/Downloads/stratix/qts_qsfp_sdi/qts_qsfp_sdi/ip/qsfp_xcvr_test/qsfp_xcvr_test_mm_bridge_0.ip                                                                              ; --                 ; --          ; --             ;
; MISC_FILE                           ; C:/Users/Haas1S/Downloads/stratix/qts_qsfp_sdi/qts_qsfp_sdi/ip/qsfp_xcvr_test/qsfp_xcvr_test_nativePHY_loopback_cont_0/qsfp_xcvr_test_nativePHY_loopback_cont_0.cmp                      ; --                 ; --          ; --             ;
; MISC_FILE                           ; C:/Users/Haas1S/Downloads/stratix/qts_qsfp_sdi/qts_qsfp_sdi/ip/qsfp_xcvr_test/qsfp_xcvr_test_nativePHY_loopback_cont_0.ip                                                                ; --                 ; --          ; --             ;
; MISC_FILE                           ; C:/Users/Haas1S/Downloads/stratix/qts_qsfp_sdi/qts_qsfp_sdi/ip/qsfp_xcvr_test/qsfp_xcvr_test_pll_status_interconnect_0/qsfp_xcvr_test_pll_status_interconnect_0.cmp                      ; --                 ; --          ; --             ;
; MISC_FILE                           ; C:/Users/Haas1S/Downloads/stratix/qts_qsfp_sdi/qts_qsfp_sdi/ip/qsfp_xcvr_test/qsfp_xcvr_test_pll_status_interconnect_0.ip                                                                ; --                 ; --          ; --             ;
; MISC_FILE                           ; C:/Users/Haas1S/Downloads/stratix/qts_qsfp_sdi/qts_qsfp_sdi/ip/qsfp_xcvr_test/qsfp_xcvr_test_xcvr_native_s10_htile_1/qsfp_xcvr_test_xcvr_native_s10_htile_1.cmp                          ; --                 ; --          ; --             ;
; MISC_FILE                           ; C:/Users/Haas1S/Downloads/stratix/qts_qsfp_sdi/qts_qsfp_sdi/ip/qsfp_xcvr_test/qsfp_xcvr_test_xcvr_native_s10_htile_1.ip                                                                  ; --                 ; --          ; --             ;
; MISC_FILE                           ; C:/Users/Haas1S/Downloads/stratix/qts_qsfp_sdi/qts_qsfp_sdi/ip/qsfp_xcvr_test/qsfp_xcvr_test_xcvr_reset_control_s10_0/qsfp_xcvr_test_xcvr_reset_control_s10_0.cmp                        ; --                 ; --          ; --             ;
; MISC_FILE                           ; C:/Users/Haas1S/Downloads/stratix/qts_qsfp_sdi/qts_qsfp_sdi/ip/qsfp_xcvr_test/qsfp_xcvr_test_xcvr_reset_control_s10_0.ip                                                                 ; --                 ; --          ; --             ;
; MISC_FILE                           ; C:/Users/Haas1S/Downloads/stratix/qts_qsfp_sdi/qts_qsfp_sdi/ip/qsfp_xcvr_test/qsfp_xcvr_test_xcvr_st_converter_0/qsfp_xcvr_test_xcvr_st_converter_0.cmp                                  ; --                 ; --          ; --             ;
; MISC_FILE                           ; C:/Users/Haas1S/Downloads/stratix/qts_qsfp_sdi/qts_qsfp_sdi/ip/qsfp_xcvr_test/qsfp_xcvr_test_xcvr_st_converter_0.ip                                                                      ; --                 ; --          ; --             ;
; MISC_FILE                           ; C:/Users/Haas1S/Downloads/stratix/qts_qsfp_sdi/qts_qsfp_sdi/ip/sdi_xcvr_test/sdi_xcvr_test_clk_100/sdi_xcvr_test_clk_100.cmp                                                             ; --                 ; --          ; --             ;
; MISC_FILE                           ; C:/Users/Haas1S/Downloads/stratix/qts_qsfp_sdi/qts_qsfp_sdi/ip/sdi_xcvr_test/sdi_xcvr_test_clk_100.ip                                                                                    ; --                 ; --          ; --             ;
; MISC_FILE                           ; C:/Users/Haas1S/Downloads/stratix/qts_qsfp_sdi/qts_qsfp_sdi/ip/sdi_xcvr_test/sdi_xcvr_test_clk_50/sdi_xcvr_test_clk_50.cmp                                                               ; --                 ; --          ; --             ;
; MISC_FILE                           ; C:/Users/Haas1S/Downloads/stratix/qts_qsfp_sdi/qts_qsfp_sdi/ip/sdi_xcvr_test/sdi_xcvr_test_clk_50.ip                                                                                     ; --                 ; --          ; --             ;
; MISC_FILE                           ; C:/Users/Haas1S/Downloads/stratix/qts_qsfp_sdi/qts_qsfp_sdi/ip/sdi_xcvr_test/sdi_xcvr_test_default_pma_settings_conf_0/sdi_xcvr_test_default_pma_settings_conf_0.cmp                     ; --                 ; --          ; --             ;
; MISC_FILE                           ; C:/Users/Haas1S/Downloads/stratix/qts_qsfp_sdi/qts_qsfp_sdi/ip/sdi_xcvr_test/sdi_xcvr_test_default_pma_settings_conf_0.ip                                                                ; --                 ; --          ; --             ;
; MISC_FILE                           ; C:/Users/Haas1S/Downloads/stratix/qts_qsfp_sdi/qts_qsfp_sdi/ip/sdi_xcvr_test/sdi_xcvr_test_mm_bridge_0/sdi_xcvr_test_mm_bridge_0.cmp                                                     ; --                 ; --          ; --             ;
; MISC_FILE                           ; C:/Users/Haas1S/Downloads/stratix/qts_qsfp_sdi/qts_qsfp_sdi/ip/sdi_xcvr_test/sdi_xcvr_test_mm_bridge_0.ip                                                                                ; --                 ; --          ; --             ;
; MISC_FILE                           ; C:/Users/Haas1S/Downloads/stratix/qts_qsfp_sdi/qts_qsfp_sdi/ip/sdi_xcvr_test/sdi_xcvr_test_nativePHY_loopback_cont_0/sdi_xcvr_test_nativePHY_loopback_cont_0.cmp                         ; --                 ; --          ; --             ;
; MISC_FILE                           ; C:/Users/Haas1S/Downloads/stratix/qts_qsfp_sdi/qts_qsfp_sdi/ip/sdi_xcvr_test/sdi_xcvr_test_nativePHY_loopback_cont_0.ip                                                                  ; --                 ; --          ; --             ;
; MISC_FILE                           ; C:/Users/Haas1S/Downloads/stratix/qts_qsfp_sdi/qts_qsfp_sdi/ip/sdi_xcvr_test/sdi_xcvr_test_pll_status_interconnect_0/sdi_xcvr_test_pll_status_interconnect_0.cmp                         ; --                 ; --          ; --             ;
; MISC_FILE                           ; C:/Users/Haas1S/Downloads/stratix/qts_qsfp_sdi/qts_qsfp_sdi/ip/sdi_xcvr_test/sdi_xcvr_test_pll_status_interconnect_0.ip                                                                  ; --                 ; --          ; --             ;
; MISC_FILE                           ; C:/Users/Haas1S/Downloads/stratix/qts_qsfp_sdi/qts_qsfp_sdi/ip/sdi_xcvr_test/sdi_xcvr_test_xcvr_native_s10_htile_0/sdi_xcvr_test_xcvr_native_s10_htile_0.cmp                             ; --                 ; --          ; --             ;
; MISC_FILE                           ; C:/Users/Haas1S/Downloads/stratix/qts_qsfp_sdi/qts_qsfp_sdi/ip/sdi_xcvr_test/sdi_xcvr_test_xcvr_native_s10_htile_0.ip                                                                    ; --                 ; --          ; --             ;
; MISC_FILE                           ; C:/Users/Haas1S/Downloads/stratix/qts_qsfp_sdi/qts_qsfp_sdi/ip/sdi_xcvr_test/sdi_xcvr_test_xcvr_reset_control_s10_0/sdi_xcvr_test_xcvr_reset_control_s10_0.cmp                           ; --                 ; --          ; --             ;
; MISC_FILE                           ; C:/Users/Haas1S/Downloads/stratix/qts_qsfp_sdi/qts_qsfp_sdi/ip/sdi_xcvr_test/sdi_xcvr_test_xcvr_reset_control_s10_0.ip                                                                   ; --                 ; --          ; --             ;
; MISC_FILE                           ; C:/Users/Haas1S/Downloads/stratix/qts_qsfp_sdi/qts_qsfp_sdi/ip/sdi_xcvr_test/sdi_xcvr_test_xcvr_st_converter_0/sdi_xcvr_test_xcvr_st_converter_0.cmp                                     ; --                 ; --          ; --             ;
; MISC_FILE                           ; C:/Users/Haas1S/Downloads/stratix/qts_qsfp_sdi/qts_qsfp_sdi/ip/sdi_xcvr_test/sdi_xcvr_test_xcvr_st_converter_0.ip                                                                        ; --                 ; --          ; --             ;
; MISC_FILE                           ; C:/Users/Haas1S/Downloads/stratix/qts_qsfp_sdi/qts_qsfp_sdi/ip/xcvr_test_system/xcvr_test_system_clk_50/xcvr_test_system_clk_50.cmp                                                      ; --                 ; --          ; --             ;
; MISC_FILE                           ; C:/Users/Haas1S/Downloads/stratix/qts_qsfp_sdi/qts_qsfp_sdi/ip/xcvr_test_system/xcvr_test_system_clk_50.ip                                                                               ; --                 ; --          ; --             ;
; MISC_FILE                           ; C:/Users/Haas1S/Downloads/stratix/qts_qsfp_sdi/qts_qsfp_sdi/ip/xcvr_test_system/xcvr_test_system_data_pattern_checker_0/xcvr_test_system_data_pattern_checker_0.cmp                      ; --                 ; --          ; --             ;
; MISC_FILE                           ; C:/Users/Haas1S/Downloads/stratix/qts_qsfp_sdi/qts_qsfp_sdi/ip/xcvr_test_system/xcvr_test_system_data_pattern_checker_0.ip                                                               ; --                 ; --          ; --             ;
; MISC_FILE                           ; C:/Users/Haas1S/Downloads/stratix/qts_qsfp_sdi/qts_qsfp_sdi/ip/xcvr_test_system/xcvr_test_system_data_pattern_generator_0/xcvr_test_system_data_pattern_generator_0.cmp                  ; --                 ; --          ; --             ;
; MISC_FILE                           ; C:/Users/Haas1S/Downloads/stratix/qts_qsfp_sdi/qts_qsfp_sdi/ip/xcvr_test_system/xcvr_test_system_data_pattern_generator_0.ip                                                             ; --                 ; --          ; --             ;
; MISC_FILE                           ; C:/Users/Haas1S/Downloads/stratix/qts_qsfp_sdi/qts_qsfp_sdi/ip/xcvr_test_system/xcvr_test_system_freq_counter_0/xcvr_test_system_freq_counter_0.cmp                                      ; --                 ; --          ; --             ;
; MISC_FILE                           ; C:/Users/Haas1S/Downloads/stratix/qts_qsfp_sdi/qts_qsfp_sdi/ip/xcvr_test_system/xcvr_test_system_freq_counter_0.ip                                                                       ; --                 ; --          ; --             ;
; MISC_FILE                           ; C:/Users/Haas1S/Downloads/stratix/qts_qsfp_sdi/qts_qsfp_sdi/ip/xcvr_test_system/xcvr_test_system_mm_bridge_0/xcvr_test_system_mm_bridge_0.cmp                                            ; --                 ; --          ; --             ;
; MISC_FILE                           ; C:/Users/Haas1S/Downloads/stratix/qts_qsfp_sdi/qts_qsfp_sdi/ip/xcvr_test_system/xcvr_test_system_mm_bridge_0.ip                                                                          ; --                 ; --          ; --             ;
; MISC_FILE                           ; C:/Users/Haas1S/Downloads/stratix/qts_qsfp_sdi/qts_qsfp_sdi/ip/xcvr_test_system/xcvr_test_system_rx_fifo/xcvr_test_system_rx_fifo.cmp                                                    ; --                 ; --          ; --             ;
; MISC_FILE                           ; C:/Users/Haas1S/Downloads/stratix/qts_qsfp_sdi/qts_qsfp_sdi/ip/xcvr_test_system/xcvr_test_system_rx_fifo.ip                                                                              ; --                 ; --          ; --             ;
; MISC_FILE                           ; C:/Users/Haas1S/Downloads/stratix/qts_qsfp_sdi/qts_qsfp_sdi/ip/xcvr_test_system/xcvr_test_system_tx_fifo/xcvr_test_system_tx_fifo.cmp                                                    ; --                 ; --          ; --             ;
; MISC_FILE                           ; C:/Users/Haas1S/Downloads/stratix/qts_qsfp_sdi/qts_qsfp_sdi/ip/xcvr_test_system/xcvr_test_system_tx_fifo.ip                                                                              ; --                 ; --          ; --             ;
; MISC_FILE                           ; C:/Users/Haas1S/Downloads/stratix/qts_qsfp_sdi/qts_qsfp_sdi/ip/xcvr_test_system/xcvr_test_system_xcvr_tx_rx_clkout2_converter_0/xcvr_test_system_xcvr_tx_rx_clkout2_converter_0.cmp      ; --                 ; --          ; --             ;
; MISC_FILE                           ; C:/Users/Haas1S/Downloads/stratix/qts_qsfp_sdi/qts_qsfp_sdi/ip/xcvr_test_system/xcvr_test_system_xcvr_tx_rx_clkout2_converter_0.ip                                                       ; --                 ; --          ; --             ;
; MISC_FILE                           ; C:/Users/Haas1S/Downloads/stratix/qts_qsfp_sdi/qts_qsfp_sdi/ip/xcvr_test_system/xcvr_test_system_xcvr_user_rx_fifo_converter_0/xcvr_test_system_xcvr_user_rx_fifo_converter_0.cmp        ; --                 ; --          ; --             ;
; MISC_FILE                           ; C:/Users/Haas1S/Downloads/stratix/qts_qsfp_sdi/qts_qsfp_sdi/ip/xcvr_test_system/xcvr_test_system_xcvr_user_rx_fifo_converter_0.ip                                                        ; --                 ; --          ; --             ;
; MISC_FILE                           ; C:/Users/Haas1S/Downloads/stratix/qts_qsfp_sdi/qts_qsfp_sdi/ip/xcvr_test_system/xcvr_test_system_xcvr_user_tx_fifo_converter_0/xcvr_test_system_xcvr_user_tx_fifo_converter_0.cmp        ; --                 ; --          ; --             ;
; MISC_FILE                           ; C:/Users/Haas1S/Downloads/stratix/qts_qsfp_sdi/qts_qsfp_sdi/ip/xcvr_test_system/xcvr_test_system_xcvr_user_tx_fifo_converter_0.ip                                                        ; --                 ; --          ; --             ;
; MISC_FILE                           ; C:/Users/Haas1S/Downloads/stratix/qts_qsfp_sdi/qts_qsfp_sdi/q_sys/q_sys.cmp                                                                                                              ; --                 ; --          ; --             ;
; MISC_FILE                           ; C:/Users/Haas1S/Downloads/stratix/qts_qsfp_sdi/qts_qsfp_sdi/q_sys.qsys                                                                                                                   ; --                 ; --          ; --             ;
; MISC_FILE                           ; C:/Users/Haas1S/Downloads/stratix/qts_qsfp_sdi/qts_qsfp_sdi/qsfp_xcvr_test/qsfp_xcvr_test.cmp                                                                                            ; --                 ; --          ; --             ;
; MISC_FILE                           ; C:/Users/Haas1S/Downloads/stratix/qts_qsfp_sdi/qts_qsfp_sdi/qsfp_xcvr_test.qsys                                                                                                          ; --                 ; --          ; --             ;
; MISC_FILE                           ; C:/Users/Haas1S/Downloads/stratix/qts_qsfp_sdi/qts_qsfp_sdi/sdi_xcvr_test/sdi_xcvr_test.cmp                                                                                              ; --                 ; --          ; --             ;
; MISC_FILE                           ; C:/Users/Haas1S/Downloads/stratix/qts_qsfp_sdi/qts_qsfp_sdi/sdi_xcvr_test.qsys                                                                                                           ; --                 ; --          ; --             ;
; MISC_FILE                           ; C:/Users/Haas1S/Downloads/stratix/qts_qsfp_sdi/qts_qsfp_sdi/xcvr_test_system/xcvr_test_system.cmp                                                                                        ; --                 ; --          ; --             ;
; MISC_FILE                           ; C:/Users/Haas1S/Downloads/stratix/qts_qsfp_sdi/qts_qsfp_sdi/xcvr_test_system.qsys                                                                                                        ; --                 ; --          ; --             ;
; MUX_RESTRUCTURE                     ; Off                                                                                                                                                                                      ; Auto               ; --          ; --             ;
; OPTIMIZATION_MODE                   ; High Performance Effort                                                                                                                                                                  ; Balanced           ; --          ; --             ;
; OPTIMIZATION_TECHNIQUE              ; Speed                                                                                                                                                                                    ; Balanced           ; --          ; --             ;
; OPTIMIZE_POWER_DURING_FITTING       ; Off                                                                                                                                                                                      ; Normal compilation ; --          ; --             ;
; OPTIMIZE_POWER_DURING_SYNTHESIS     ; Off                                                                                                                                                                                      ; Normal compilation ; --          ; --             ;
; PHYSICAL_SYNTHESIS                  ; On                                                                                                                                                                                       ; Off                ; --          ; --             ;
; PHYSICAL_SYNTHESIS_HIGH_EFFORT      ; On                                                                                                                                                                                       ; Off                ; --          ; --             ;
; POST_ROUTE_PHYSICAL_SYNTHESIS       ; On                                                                                                                                                                                       ; Off                ; --          ; --             ;
; PROJECT_OUTPUT_DIRECTORY            ; C:/Users/Haas1S/Downloads/stratix/qts_qsfp_sdi/qts_qsfp_sdi/output_files                                                                                                                 ; --                 ; --          ; --             ;
; QII_AUTO_PACKED_REGISTERS           ; Normal                                                                                                                                                                                   ; Auto               ; --          ; --             ;
; ROUTER_TIMING_OPTIMIZATION_LEVEL    ; MAXIMUM                                                                                                                                                                                  ; Normal             ; --          ; --             ;
; RTM_HIGH_PERFORMANCE_EFFORT         ; On                                                                                                                                                                                       ; Off                ; --          ; --             ;
; SEED                                ; 100                                                                                                                                                                                      ; 1                  ; --          ; --             ;
; SOPCINFO_FILE                       ; C:/Users/Haas1S/Downloads/stratix/qts_qsfp_sdi/qts_qsfp_sdi/dni/sld/ipgen/alt_sld_fab_0/alt_sld_fab_0/alt_sld_fab_0.sopcinfo                                                             ; --                 ; --          ; --             ;
; SOPCINFO_FILE                       ; C:/Users/Haas1S/Downloads/stratix/qts_qsfp_sdi/qts_qsfp_sdi/ip/q_sys/q_sys_clk_100/q_sys_clk_100.sopcinfo                                                                                ; --                 ; --          ; --             ;
; SOPCINFO_FILE                       ; C:/Users/Haas1S/Downloads/stratix/qts_qsfp_sdi/qts_qsfp_sdi/ip/q_sys/q_sys_clk_50/q_sys_clk_50.sopcinfo                                                                                  ; --                 ; --          ; --             ;
; SOPCINFO_FILE                       ; C:/Users/Haas1S/Downloads/stratix/qts_qsfp_sdi/qts_qsfp_sdi/ip/q_sys/q_sys_clock_bridge_0/q_sys_clock_bridge_0.sopcinfo                                                                  ; --                 ; --          ; --             ;
; SOPCINFO_FILE                       ; C:/Users/Haas1S/Downloads/stratix/qts_qsfp_sdi/qts_qsfp_sdi/ip/q_sys/q_sys_clock_bridge_1/q_sys_clock_bridge_1.sopcinfo                                                                  ; --                 ; --          ; --             ;
; SOPCINFO_FILE                       ; C:/Users/Haas1S/Downloads/stratix/qts_qsfp_sdi/qts_qsfp_sdi/ip/q_sys/q_sys_master_0/q_sys_master_0.sopcinfo                                                                              ; --                 ; --          ; --             ;
; SOPCINFO_FILE                       ; C:/Users/Haas1S/Downloads/stratix/qts_qsfp_sdi/qts_qsfp_sdi/ip/q_sys/q_sys_pll_status_interconnect_0/q_sys_pll_status_interconnect_0.sopcinfo                                            ; --                 ; --          ; --             ;
; SOPCINFO_FILE                       ; C:/Users/Haas1S/Downloads/stratix/qts_qsfp_sdi/qts_qsfp_sdi/ip/q_sys/q_sys_pll_status_interconnect_2/q_sys_pll_status_interconnect_2.sopcinfo                                            ; --                 ; --          ; --             ;
; SOPCINFO_FILE                       ; C:/Users/Haas1S/Downloads/stratix/qts_qsfp_sdi/qts_qsfp_sdi/ip/q_sys/q_sys_pll_status_interconnect_4/q_sys_pll_status_interconnect_4.sopcinfo                                            ; --                 ; --          ; --             ;
; SOPCINFO_FILE                       ; C:/Users/Haas1S/Downloads/stratix/qts_qsfp_sdi/qts_qsfp_sdi/ip/q_sys/q_sys_product_info_0/q_sys_product_info_0.sopcinfo                                                                  ; --                 ; --          ; --             ;
; SOPCINFO_FILE                       ; C:/Users/Haas1S/Downloads/stratix/qts_qsfp_sdi/qts_qsfp_sdi/ip/q_sys/q_sys_xcvr_atx_pll_s10_htile_0/q_sys_xcvr_atx_pll_s10_htile_0.sopcinfo                                              ; --                 ; --          ; --             ;
; SOPCINFO_FILE                       ; C:/Users/Haas1S/Downloads/stratix/qts_qsfp_sdi/qts_qsfp_sdi/ip/q_sys/q_sys_xcvr_atx_pll_s10_htile_1/q_sys_xcvr_atx_pll_s10_htile_1.sopcinfo                                              ; --                 ; --          ; --             ;
; SOPCINFO_FILE                       ; C:/Users/Haas1S/Downloads/stratix/qts_qsfp_sdi/qts_qsfp_sdi/ip/q_sys/q_sys_xcvr_atx_pll_s10_htile_2/q_sys_xcvr_atx_pll_s10_htile_2.sopcinfo                                              ; --                 ; --          ; --             ;
; SOPCINFO_FILE                       ; C:/Users/Haas1S/Downloads/stratix/qts_qsfp_sdi/qts_qsfp_sdi/ip/qsfp_xcvr_test/qsfp_xcvr_test_clk_100/qsfp_xcvr_test_clk_100.sopcinfo                                                     ; --                 ; --          ; --             ;
; SOPCINFO_FILE                       ; C:/Users/Haas1S/Downloads/stratix/qts_qsfp_sdi/qts_qsfp_sdi/ip/qsfp_xcvr_test/qsfp_xcvr_test_clk_50/qsfp_xcvr_test_clk_50.sopcinfo                                                       ; --                 ; --          ; --             ;
; SOPCINFO_FILE                       ; C:/Users/Haas1S/Downloads/stratix/qts_qsfp_sdi/qts_qsfp_sdi/ip/qsfp_xcvr_test/qsfp_xcvr_test_default_pma_settings_conf_0/qsfp_xcvr_test_default_pma_settings_conf_0.sopcinfo             ; --                 ; --          ; --             ;
; SOPCINFO_FILE                       ; C:/Users/Haas1S/Downloads/stratix/qts_qsfp_sdi/qts_qsfp_sdi/ip/qsfp_xcvr_test/qsfp_xcvr_test_mm_bridge_0/qsfp_xcvr_test_mm_bridge_0.sopcinfo                                             ; --                 ; --          ; --             ;
; SOPCINFO_FILE                       ; C:/Users/Haas1S/Downloads/stratix/qts_qsfp_sdi/qts_qsfp_sdi/ip/qsfp_xcvr_test/qsfp_xcvr_test_nativePHY_loopback_cont_0/qsfp_xcvr_test_nativePHY_loopback_cont_0.sopcinfo                 ; --                 ; --          ; --             ;
; SOPCINFO_FILE                       ; C:/Users/Haas1S/Downloads/stratix/qts_qsfp_sdi/qts_qsfp_sdi/ip/qsfp_xcvr_test/qsfp_xcvr_test_pll_status_interconnect_0/qsfp_xcvr_test_pll_status_interconnect_0.sopcinfo                 ; --                 ; --          ; --             ;
; SOPCINFO_FILE                       ; C:/Users/Haas1S/Downloads/stratix/qts_qsfp_sdi/qts_qsfp_sdi/ip/qsfp_xcvr_test/qsfp_xcvr_test_xcvr_native_s10_htile_1/qsfp_xcvr_test_xcvr_native_s10_htile_1.sopcinfo                     ; --                 ; --          ; --             ;
; SOPCINFO_FILE                       ; C:/Users/Haas1S/Downloads/stratix/qts_qsfp_sdi/qts_qsfp_sdi/ip/qsfp_xcvr_test/qsfp_xcvr_test_xcvr_reset_control_s10_0/qsfp_xcvr_test_xcvr_reset_control_s10_0.sopcinfo                   ; --                 ; --          ; --             ;
; SOPCINFO_FILE                       ; C:/Users/Haas1S/Downloads/stratix/qts_qsfp_sdi/qts_qsfp_sdi/ip/qsfp_xcvr_test/qsfp_xcvr_test_xcvr_st_converter_0/qsfp_xcvr_test_xcvr_st_converter_0.sopcinfo                             ; --                 ; --          ; --             ;
; SOPCINFO_FILE                       ; C:/Users/Haas1S/Downloads/stratix/qts_qsfp_sdi/qts_qsfp_sdi/ip/sdi_xcvr_test/sdi_xcvr_test_clk_100/sdi_xcvr_test_clk_100.sopcinfo                                                        ; --                 ; --          ; --             ;
; SOPCINFO_FILE                       ; C:/Users/Haas1S/Downloads/stratix/qts_qsfp_sdi/qts_qsfp_sdi/ip/sdi_xcvr_test/sdi_xcvr_test_clk_50/sdi_xcvr_test_clk_50.sopcinfo                                                          ; --                 ; --          ; --             ;
; SOPCINFO_FILE                       ; C:/Users/Haas1S/Downloads/stratix/qts_qsfp_sdi/qts_qsfp_sdi/ip/sdi_xcvr_test/sdi_xcvr_test_default_pma_settings_conf_0/sdi_xcvr_test_default_pma_settings_conf_0.sopcinfo                ; --                 ; --          ; --             ;
; SOPCINFO_FILE                       ; C:/Users/Haas1S/Downloads/stratix/qts_qsfp_sdi/qts_qsfp_sdi/ip/sdi_xcvr_test/sdi_xcvr_test_mm_bridge_0/sdi_xcvr_test_mm_bridge_0.sopcinfo                                                ; --                 ; --          ; --             ;
; SOPCINFO_FILE                       ; C:/Users/Haas1S/Downloads/stratix/qts_qsfp_sdi/qts_qsfp_sdi/ip/sdi_xcvr_test/sdi_xcvr_test_nativePHY_loopback_cont_0/sdi_xcvr_test_nativePHY_loopback_cont_0.sopcinfo                    ; --                 ; --          ; --             ;
; SOPCINFO_FILE                       ; C:/Users/Haas1S/Downloads/stratix/qts_qsfp_sdi/qts_qsfp_sdi/ip/sdi_xcvr_test/sdi_xcvr_test_pll_status_interconnect_0/sdi_xcvr_test_pll_status_interconnect_0.sopcinfo                    ; --                 ; --          ; --             ;
; SOPCINFO_FILE                       ; C:/Users/Haas1S/Downloads/stratix/qts_qsfp_sdi/qts_qsfp_sdi/ip/sdi_xcvr_test/sdi_xcvr_test_xcvr_native_s10_htile_0/sdi_xcvr_test_xcvr_native_s10_htile_0.sopcinfo                        ; --                 ; --          ; --             ;
; SOPCINFO_FILE                       ; C:/Users/Haas1S/Downloads/stratix/qts_qsfp_sdi/qts_qsfp_sdi/ip/sdi_xcvr_test/sdi_xcvr_test_xcvr_reset_control_s10_0/sdi_xcvr_test_xcvr_reset_control_s10_0.sopcinfo                      ; --                 ; --          ; --             ;
; SOPCINFO_FILE                       ; C:/Users/Haas1S/Downloads/stratix/qts_qsfp_sdi/qts_qsfp_sdi/ip/sdi_xcvr_test/sdi_xcvr_test_xcvr_st_converter_0/sdi_xcvr_test_xcvr_st_converter_0.sopcinfo                                ; --                 ; --          ; --             ;
; SOPCINFO_FILE                       ; C:/Users/Haas1S/Downloads/stratix/qts_qsfp_sdi/qts_qsfp_sdi/ip/xcvr_test_system/xcvr_test_system_clk_50/xcvr_test_system_clk_50.sopcinfo                                                 ; --                 ; --          ; --             ;
; SOPCINFO_FILE                       ; C:/Users/Haas1S/Downloads/stratix/qts_qsfp_sdi/qts_qsfp_sdi/ip/xcvr_test_system/xcvr_test_system_data_pattern_checker_0/xcvr_test_system_data_pattern_checker_0.sopcinfo                 ; --                 ; --          ; --             ;
; SOPCINFO_FILE                       ; C:/Users/Haas1S/Downloads/stratix/qts_qsfp_sdi/qts_qsfp_sdi/ip/xcvr_test_system/xcvr_test_system_data_pattern_generator_0/xcvr_test_system_data_pattern_generator_0.sopcinfo             ; --                 ; --          ; --             ;
; SOPCINFO_FILE                       ; C:/Users/Haas1S/Downloads/stratix/qts_qsfp_sdi/qts_qsfp_sdi/ip/xcvr_test_system/xcvr_test_system_freq_counter_0/xcvr_test_system_freq_counter_0.sopcinfo                                 ; --                 ; --          ; --             ;
; SOPCINFO_FILE                       ; C:/Users/Haas1S/Downloads/stratix/qts_qsfp_sdi/qts_qsfp_sdi/ip/xcvr_test_system/xcvr_test_system_mm_bridge_0/xcvr_test_system_mm_bridge_0.sopcinfo                                       ; --                 ; --          ; --             ;
; SOPCINFO_FILE                       ; C:/Users/Haas1S/Downloads/stratix/qts_qsfp_sdi/qts_qsfp_sdi/ip/xcvr_test_system/xcvr_test_system_rx_fifo/xcvr_test_system_rx_fifo.sopcinfo                                               ; --                 ; --          ; --             ;
; SOPCINFO_FILE                       ; C:/Users/Haas1S/Downloads/stratix/qts_qsfp_sdi/qts_qsfp_sdi/ip/xcvr_test_system/xcvr_test_system_tx_fifo/xcvr_test_system_tx_fifo.sopcinfo                                               ; --                 ; --          ; --             ;
; SOPCINFO_FILE                       ; C:/Users/Haas1S/Downloads/stratix/qts_qsfp_sdi/qts_qsfp_sdi/ip/xcvr_test_system/xcvr_test_system_xcvr_tx_rx_clkout2_converter_0/xcvr_test_system_xcvr_tx_rx_clkout2_converter_0.sopcinfo ; --                 ; --          ; --             ;
; SOPCINFO_FILE                       ; C:/Users/Haas1S/Downloads/stratix/qts_qsfp_sdi/qts_qsfp_sdi/ip/xcvr_test_system/xcvr_test_system_xcvr_user_rx_fifo_converter_0/xcvr_test_system_xcvr_user_rx_fifo_converter_0.sopcinfo   ; --                 ; --          ; --             ;
; SOPCINFO_FILE                       ; C:/Users/Haas1S/Downloads/stratix/qts_qsfp_sdi/qts_qsfp_sdi/ip/xcvr_test_system/xcvr_test_system_xcvr_user_tx_fifo_converter_0/xcvr_test_system_xcvr_user_tx_fifo_converter_0.sopcinfo   ; --                 ; --          ; --             ;
; SOPCINFO_FILE                       ; C:/Users/Haas1S/Downloads/stratix/qts_qsfp_sdi/qts_qsfp_sdi/q_sys/q_sys.sopcinfo                                                                                                         ; --                 ; --          ; --             ;
; SOPCINFO_FILE                       ; C:/Users/Haas1S/Downloads/stratix/qts_qsfp_sdi/qts_qsfp_sdi/qsfp_xcvr_test/qsfp_xcvr_test.sopcinfo                                                                                       ; --                 ; --          ; --             ;
; SOPCINFO_FILE                       ; C:/Users/Haas1S/Downloads/stratix/qts_qsfp_sdi/qts_qsfp_sdi/sdi_xcvr_test/sdi_xcvr_test.sopcinfo                                                                                         ; --                 ; --          ; --             ;
; SOPCINFO_FILE                       ; C:/Users/Haas1S/Downloads/stratix/qts_qsfp_sdi/qts_qsfp_sdi/xcvr_test_system/xcvr_test_system.sopcinfo                                                                                   ; --                 ; --          ; --             ;
; USE_SIGNALTAP_FILE                  ; C:/Users/Haas1S/Downloads/stratix/qts_qsfp_sdi/qts_qsfp_sdi/stp1.stp                                                                                                                     ; --                 ; --          ; --             ;
+-------------------------------------+------------------------------------------------------------------------------------------------------------------------------------------------------------------------------------------+--------------------+-------------+----------------+


+-----------------------------------------------------+
; Flow Elapsed Time                                   ;
+----------------+--------------+---------------------+
; Module Name    ; Elapsed Time ; Peak Virtual Memory ;
+----------------+--------------+---------------------+
; Synthesis      ; 00:02:00     ; 1584 MB             ;
; Fitter         ; 00:14:10     ; 23426 MB            ;
; Power Analyzer ; 00:00:50     ; 11484 MB            ;
; Total          ; 00:17:00     ; --                  ;
+----------------+--------------+---------------------+


+------------------------------------------------------------------------------+
; Flow OS Summary                                                              ;
+----------------+------------------+------------+------------+----------------+
; Module Name    ; Machine Hostname ; OS Name    ; OS Version ; Processor type ;
+----------------+------------------+------------+------------+----------------+
; Synthesis      ; DESKTOP-4STBDIB  ; Windows 10 ; 10.0.19045 ; x86_64         ;
; Fitter         ; DESKTOP-4STBDIB  ; Windows 10 ; 10.0.19045 ; x86_64         ;
; Power Analyzer ; DESKTOP-4STBDIB  ; Windows 10 ; 10.0.19045 ; x86_64         ;
+----------------+------------------+------------+------------+----------------+


------------
; Flow Log ;
------------
quartus_syn --dni --read_settings_files=on --write_settings_files=off qts_qsfp_sdi -c qts_qsfp_sdi
quartus_fit --read_settings_files=on --write_settings_files=off qts_qsfp_sdi -c qts_qsfp_sdi
quartus_pow --read_settings_files=on --write_settings_files=off qts_qsfp_sdi -c qts_qsfp_sdi



