------------------------------------------------------------
Timing Analyzer Summary
------------------------------------------------------------

Type  : Setup 'q_sys_i|qsfp_xcvr_test_4|xcvr_native_s10_0|tx_clkout|ch0'
Slack : 0.406
TNS   : 0.000
Corner: Slow 900mV 100C Model

Type  : Setup 'q_sys_i|qsfp_xcvr_test_3|xcvr_native_s10_0|tx_clkout|ch0'
Slack : 0.418
TNS   : 0.000
Corner: Slow 900mV 100C Model

Type  : Setup 'q_sys_i|qsfp_xcvr_test_4|xcvr_native_s10_0|rx_clkout|ch0'
Slack : 0.435
TNS   : 0.000
Corner: Slow 900mV 100C Model

Type  : Setup 'q_sys_i|qsfp_xcvr_test_0|xcvr_native_s10_0|rx_clkout|ch0'
Slack : 0.437
TNS   : 0.000
Corner: Slow 900mV 100C Model

Type  : Setup 'q_sys_i|qsfp_xcvr_test_1|xcvr_native_s10_0|tx_clkout|ch0'
Slack : 0.452
TNS   : 0.000
Corner: Slow 900mV 0C Model

Type  : Setup 'q_sys_i|qsfp_xcvr_test_1|xcvr_native_s10_0|rx_clkout|ch0'
Slack : 0.491
TNS   : 0.000
Corner: Slow 900mV 100C Model

Type  : Setup 'q_sys_i|qsfp_xcvr_test_0|xcvr_native_s10_0|tx_clkout|ch0'
Slack : 0.536
TNS   : 0.000
Corner: Slow 900mV 100C Model

Type  : Setup 'q_sys_i|qsfp_xcvr_test_3|xcvr_native_s10_0|rx_clkout|ch0'
Slack : 0.582
TNS   : 0.000
Corner: Slow 900mV 100C Model

Type  : Setup 'q_sys_i|qsfp_xcvr_test_3|xcvr_native_s10_0|rx_clkout2|ch0'
Slack : 0.589
TNS   : 0.000
Corner: Slow 900mV 100C Model

Type  : Setup 'q_sys_i|qsfp_xcvr_test_0|xcvr_native_s10_0|rx_clkout2|ch0'
Slack : 0.850
TNS   : 0.000
Corner: Slow 900mV 100C Model

Type  : Setup 'q_sys_i|qsfp_xcvr_test_1|xcvr_native_s10_0|rx_clkout2|ch0'
Slack : 1.040
TNS   : 0.000
Corner: Slow 900mV 100C Model

Type  : Setup 'q_sys_i|qsfp_xcvr_test_4|xcvr_native_s10_0|rx_clkout2|ch0'
Slack : 1.149
TNS   : 0.000
Corner: Slow 900mV 100C Model

Type  : Setup 'q_sys_i|qsfp_xcvr_test_1|xcvr_native_s10_0|tx_clkout2|ch0'
Slack : 1.650
TNS   : 0.000
Corner: Slow 900mV 100C Model

Type  : Setup 'q_sys_i|qsfp_xcvr_test_4|xcvr_native_s10_0|tx_clkout2|ch0'
Slack : 1.802
TNS   : 0.000
Corner: Slow 900mV 100C Model

Type  : Setup 'q_sys_i|qsfp_xcvr_test_0|xcvr_native_s10_0|tx_clkout2|ch0'
Slack : 1.811
TNS   : 0.000
Corner: Slow 900mV 100C Model

Type  : Setup 'q_sys_i|qsfp_xcvr_test_3|xcvr_native_s10_0|tx_clkout2|ch0'
Slack : 1.947
TNS   : 0.000
Corner: Slow 900mV 100C Model

Type  : Setup 'clk_fpga_100m'
Slack : 3.496
TNS   : 0.000
Corner: Slow 900mV 100C Model

Type  : Setup 'altera_int_osc_clk'
Slack : 3.505
TNS   : 0.000
Corner: Slow 900mV 100C Model

Type  : Setup 'ALTERA_INSERTED_INTOSC_FOR_TRS|divided_osc_clk'
Slack : 3.954
TNS   : 0.000
Corner: Slow 900mV 100C Model

Type  : Setup 'altera_reserved_tck'
Slack : 4.783
TNS   : 0.000
Corner: Slow 900mV 100C Model

Type  : Setup 'q_sys_i|sdi_xcvr_test_1|xcvr_native_s10_0|tx_clkout|ch0'
Slack : 7.977
TNS   : 0.000
Corner: Slow 900mV 100C Model

Type  : Setup 'q_sys_i|sdi_xcvr_test_0|xcvr_native_s10_0|rx_clkout|ch0'
Slack : 8.262
TNS   : 0.000
Corner: Slow 900mV 100C Model

Type  : Setup 'q_sys_i|sdi_xcvr_test_0|xcvr_native_s10_0|tx_clkout|ch0'
Slack : 8.447
TNS   : 0.000
Corner: Slow 900mV 100C Model

Type  : Setup 'q_sys_i|sdi_xcvr_test_1|xcvr_native_s10_0|rx_clkout|ch0'
Slack : 8.857
TNS   : 0.000
Corner: Slow 900mV 100C Model

Type  : Setup 'clk_50'
Slack : 14.666
TNS   : 0.000
Corner: Slow 900mV 100C Model

Type  : Setup 'q_sys_i|sdi_xcvr_test_0|xcvr_native_s10_0|rx_clkout2|ch0'
Slack : 15.107
TNS   : 0.000
Corner: Slow 900mV 100C Model

Type  : Setup 'q_sys_i|sdi_xcvr_test_1|xcvr_native_s10_0|rx_clkout2|ch0'
Slack : 16.170
TNS   : 0.000
Corner: Slow 900mV 100C Model

Type  : Setup 'q_sys_i|sdi_xcvr_test_1|xcvr_native_s10_0|tx_clkout2|ch0'
Slack : 17.880
TNS   : 0.000
Corner: Slow 900mV 100C Model

Type  : Setup 'q_sys_i|sdi_xcvr_test_0|xcvr_native_s10_0|tx_clkout2|ch0'
Slack : 18.243
TNS   : 0.000
Corner: Slow 900mV 100C Model

Type  : Setup 'q_sys_i|qsfp_xcvr_test_3|xcvr_native_s10_0|qsfp_xcvr_test_xcvr_native_s10_htile_1|recal_clk_div8|ch0'
Slack : 60.590
TNS   : 0.000
Corner: Slow 900mV 100C Model

Type  : Setup 'q_sys_i|qsfp_xcvr_test_1|xcvr_native_s10_0|qsfp_xcvr_test_xcvr_native_s10_htile_1|recal_clk_div8|ch0'
Slack : 60.765
TNS   : 0.000
Corner: Slow 900mV 100C Model

Type  : Setup 'q_sys_i|qsfp_xcvr_test_4|xcvr_native_s10_0|qsfp_xcvr_test_xcvr_native_s10_htile_1|recal_clk_div8|ch0'
Slack : 60.784
TNS   : 0.000
Corner: Slow 900mV 100C Model

Type  : Setup 'q_sys_i|qsfp_xcvr_test_0|xcvr_native_s10_0|qsfp_xcvr_test_xcvr_native_s10_htile_1|recal_clk_div8|ch0'
Slack : 60.990
TNS   : 0.000
Corner: Slow 900mV 100C Model

Type  : Hold 'clk_fpga_100m'
Slack : 0.036
TNS   : 0.000
Corner: 2 Slow vid2 100C Model

Type  : Hold 'q_sys_i|qsfp_xcvr_test_0|xcvr_native_s10_0|tx_clkout2|ch0'
Slack : 0.036
TNS   : 0.000
Corner: 2 Slow vid2 100C Model

Type  : Hold 'q_sys_i|qsfp_xcvr_test_1|xcvr_native_s10_0|tx_clkout2|ch0'
Slack : 0.052
TNS   : 0.000
Corner: Slow 900mV 0C Model

Type  : Hold 'q_sys_i|qsfp_xcvr_test_1|xcvr_native_s10_0|rx_clkout|ch0'
Slack : 0.054
TNS   : 0.000
Corner: Slow 900mV 0C Model

Type  : Hold 'q_sys_i|qsfp_xcvr_test_4|xcvr_native_s10_0|tx_clkout2|ch0'
Slack : 0.054
TNS   : 0.000
Corner: 2 Slow vid2 100C Model

Type  : Hold 'q_sys_i|sdi_xcvr_test_0|xcvr_native_s10_0|tx_clkout2|ch0'
Slack : 0.055
TNS   : 0.000
Corner: Fast 900mV 0C Model

Type  : Hold 'q_sys_i|qsfp_xcvr_test_4|xcvr_native_s10_0|rx_clkout|ch0'
Slack : 0.058
TNS   : 0.000
Corner: Fast 900mV 0C Model

Type  : Hold 'clk_50'
Slack : 0.076
TNS   : 0.000
Corner: 2 Slow vid2 100C Model

Type  : Hold 'q_sys_i|sdi_xcvr_test_1|xcvr_native_s10_0|tx_clkout2|ch0'
Slack : 0.081
TNS   : 0.000
Corner: Fast 900mV 0C Model

Type  : Hold 'q_sys_i|qsfp_xcvr_test_3|xcvr_native_s10_0|tx_clkout2|ch0'
Slack : 0.095
TNS   : 0.000
Corner: Fast 900mV 0C Model

Type  : Hold 'q_sys_i|qsfp_xcvr_test_1|xcvr_native_s10_0|qsfp_xcvr_test_xcvr_native_s10_htile_1|recal_clk_div8|ch0'
Slack : 0.099
TNS   : 0.000
Corner: Fast 900mV 0C Model

Type  : Hold 'q_sys_i|qsfp_xcvr_test_4|xcvr_native_s10_0|qsfp_xcvr_test_xcvr_native_s10_htile_1|recal_clk_div8|ch0'
Slack : 0.102
TNS   : 0.000
Corner: Fast 900mV 100C Model

Type  : Hold 'q_sys_i|qsfp_xcvr_test_0|xcvr_native_s10_0|qsfp_xcvr_test_xcvr_native_s10_htile_1|recal_clk_div8|ch0'
Slack : 0.112
TNS   : 0.000
Corner: Fast 900mV 0C Model

Type  : Hold 'q_sys_i|qsfp_xcvr_test_3|xcvr_native_s10_0|rx_clkout|ch0'
Slack : 0.122
TNS   : 0.000
Corner: Fast 900mV 0C Model

Type  : Hold 'ALTERA_INSERTED_INTOSC_FOR_TRS|divided_osc_clk'
Slack : 0.128
TNS   : 0.000
Corner: Fast 900mV 0C Model

Type  : Hold 'q_sys_i|qsfp_xcvr_test_0|xcvr_native_s10_0|rx_clkout2|ch0'
Slack : 0.130
TNS   : 0.000
Corner: Fast 900mV 0C Model

Type  : Hold 'q_sys_i|qsfp_xcvr_test_1|xcvr_native_s10_0|rx_clkout2|ch0'
Slack : 0.130
TNS   : 0.000
Corner: Fast 900mV 0C Model

Type  : Hold 'q_sys_i|qsfp_xcvr_test_4|xcvr_native_s10_0|tx_clkout|ch0'
Slack : 0.132
TNS   : 0.000
Corner: Fast 900mV 0C Model

Type  : Hold 'q_sys_i|sdi_xcvr_test_0|xcvr_native_s10_0|rx_clkout|ch0'
Slack : 0.132
TNS   : 0.000
Corner: Fast 900mV 0C Model

Type  : Hold 'q_sys_i|sdi_xcvr_test_0|xcvr_native_s10_0|tx_clkout|ch0'
Slack : 0.132
TNS   : 0.000
Corner: Fast 900mV 0C Model

Type  : Hold 'q_sys_i|sdi_xcvr_test_1|xcvr_native_s10_0|rx_clkout2|ch0'
Slack : 0.133
TNS   : 0.000
Corner: Fast 900mV 0C Model

Type  : Hold 'q_sys_i|qsfp_xcvr_test_4|xcvr_native_s10_0|rx_clkout2|ch0'
Slack : 0.134
TNS   : 0.000
Corner: Fast 900mV 0C Model

Type  : Hold 'q_sys_i|qsfp_xcvr_test_0|xcvr_native_s10_0|tx_clkout|ch0'
Slack : 0.135
TNS   : 0.000
Corner: Fast 900mV 0C Model

Type  : Hold 'q_sys_i|qsfp_xcvr_test_3|xcvr_native_s10_0|rx_clkout2|ch0'
Slack : 0.135
TNS   : 0.000
Corner: Fast 900mV 0C Model

Type  : Hold 'q_sys_i|qsfp_xcvr_test_0|xcvr_native_s10_0|rx_clkout|ch0'
Slack : 0.136
TNS   : 0.000
Corner: Fast 900mV 0C Model

Type  : Hold 'q_sys_i|qsfp_xcvr_test_1|xcvr_native_s10_0|tx_clkout|ch0'
Slack : 0.139
TNS   : 0.000
Corner: Fast 900mV 0C Model

Type  : Hold 'q_sys_i|sdi_xcvr_test_0|xcvr_native_s10_0|rx_clkout2|ch0'
Slack : 0.140
TNS   : 0.000
Corner: Fast 900mV 0C Model

Type  : Hold 'q_sys_i|sdi_xcvr_test_1|xcvr_native_s10_0|rx_clkout|ch0'
Slack : 0.140
TNS   : 0.000
Corner: Fast 900mV 0C Model

Type  : Hold 'altera_reserved_tck'
Slack : 0.145
TNS   : 0.000
Corner: Fast 900mV 0C Model

Type  : Hold 'q_sys_i|qsfp_xcvr_test_3|xcvr_native_s10_0|tx_clkout|ch0'
Slack : 0.145
TNS   : 0.000
Corner: Fast 900mV 0C Model

Type  : Hold 'q_sys_i|sdi_xcvr_test_1|xcvr_native_s10_0|tx_clkout|ch0'
Slack : 0.153
TNS   : 0.000
Corner: Fast 900mV 0C Model

Type  : Hold 'q_sys_i|qsfp_xcvr_test_1|xcvr_native_s10_0|tx_pcs_x2_clk|ch0'
Slack : 0.158
TNS   : 0.000
Corner: Slow 900mV 100C Model

Type  : Hold 'altera_int_osc_clk'
Slack : 0.164
TNS   : 0.000
Corner: Fast 900mV 0C Model

Type  : Hold 'q_sys_i|qsfp_xcvr_test_3|xcvr_native_s10_0|qsfp_xcvr_test_xcvr_native_s10_htile_1|recal_clk_div8|ch0'
Slack : 0.166
TNS   : 0.000
Corner: Fast 900mV 100C Model

Type  : Recovery 'q_sys_i|qsfp_xcvr_test_3|xcvr_native_s10_0|rx_clkout|ch0'
Slack : 1.360
TNS   : 0.000
Corner: Slow 900mV 0C Model

Type  : Recovery 'q_sys_i|qsfp_xcvr_test_4|xcvr_native_s10_0|rx_clkout|ch0'
Slack : 1.471
TNS   : 0.000
Corner: Slow 900mV 0C Model

Type  : Recovery 'q_sys_i|qsfp_xcvr_test_1|xcvr_native_s10_0|rx_clkout|ch0'
Slack : 1.544
TNS   : 0.000
Corner: Slow 900mV 0C Model

Type  : Recovery 'q_sys_i|qsfp_xcvr_test_0|xcvr_native_s10_0|rx_clkout|ch0'
Slack : 1.580
TNS   : 0.000
Corner: Slow 900mV 0C Model

Type  : Recovery 'q_sys_i|qsfp_xcvr_test_0|xcvr_native_s10_0|rx_clkout2|ch0'
Slack : 2.147
TNS   : 0.000
Corner: Slow 900mV 100C Model

Type  : Recovery 'q_sys_i|qsfp_xcvr_test_3|xcvr_native_s10_0|rx_clkout2|ch0'
Slack : 2.188
TNS   : 0.000
Corner: Slow 900mV 100C Model

Type  : Recovery 'q_sys_i|qsfp_xcvr_test_4|xcvr_native_s10_0|rx_clkout2|ch0'
Slack : 2.405
TNS   : 0.000
Corner: Slow 900mV 100C Model

Type  : Recovery 'q_sys_i|qsfp_xcvr_test_1|xcvr_native_s10_0|tx_clkout2|ch0'
Slack : 2.622
TNS   : 0.000
Corner: Slow 900mV 100C Model

Type  : Recovery 'q_sys_i|qsfp_xcvr_test_1|xcvr_native_s10_0|rx_clkout2|ch0'
Slack : 2.695
TNS   : 0.000
Corner: Slow 900mV 100C Model

Type  : Recovery 'q_sys_i|qsfp_xcvr_test_3|xcvr_native_s10_0|tx_clkout2|ch0'
Slack : 2.819
TNS   : 0.000
Corner: Slow 900mV 100C Model

Type  : Recovery 'q_sys_i|qsfp_xcvr_test_0|xcvr_native_s10_0|tx_clkout2|ch0'
Slack : 3.112
TNS   : 0.000
Corner: Slow 900mV 100C Model

Type  : Recovery 'q_sys_i|qsfp_xcvr_test_4|xcvr_native_s10_0|tx_clkout2|ch0'
Slack : 3.362
TNS   : 0.000
Corner: Slow 900mV 100C Model

Type  : Recovery 'ALTERA_INSERTED_INTOSC_FOR_TRS|divided_osc_clk'
Slack : 6.518
TNS   : 0.000
Corner: Slow 900mV 100C Model

Type  : Recovery 'clk_fpga_100m'
Slack : 6.717
TNS   : 0.000
Corner: Slow 900mV 100C Model

Type  : Recovery 'q_sys_i|sdi_xcvr_test_1|xcvr_native_s10_0|rx_clkout|ch0'
Slack : 9.626
TNS   : 0.000
Corner: Slow 900mV 0C Model

Type  : Recovery 'q_sys_i|sdi_xcvr_test_0|xcvr_native_s10_0|rx_clkout|ch0'
Slack : 9.853
TNS   : 0.000
Corner: Slow 900mV 0C Model

Type  : Recovery 'clk_50'
Slack : 13.388
TNS   : 0.000
Corner: Slow 900mV 100C Model

Type  : Recovery 'q_sys_i|sdi_xcvr_test_1|xcvr_native_s10_0|rx_clkout2|ch0'
Slack : 18.814
TNS   : 0.000
Corner: Slow 900mV 100C Model

Type  : Recovery 'q_sys_i|sdi_xcvr_test_1|xcvr_native_s10_0|tx_clkout2|ch0'
Slack : 19.307
TNS   : 0.000
Corner: Slow 900mV 100C Model

Type  : Recovery 'q_sys_i|sdi_xcvr_test_0|xcvr_native_s10_0|rx_clkout2|ch0'
Slack : 19.341
TNS   : 0.000
Corner: Slow 900mV 100C Model

Type  : Recovery 'q_sys_i|sdi_xcvr_test_0|xcvr_native_s10_0|tx_clkout2|ch0'
Slack : 19.417
TNS   : 0.000
Corner: Slow 900mV 100C Model

Type  : Recovery 'altera_reserved_tck'
Slack : 34.990
TNS   : 0.000
Corner: Slow 900mV 100C Model

Type  : Recovery 'q_sys_i|qsfp_xcvr_test_3|xcvr_native_s10_0|qsfp_xcvr_test_xcvr_native_s10_htile_1|recal_clk_div8|ch0'
Slack : 62.651
TNS   : 0.000
Corner: Slow 900mV 0C Model

Type  : Recovery 'q_sys_i|qsfp_xcvr_test_4|xcvr_native_s10_0|qsfp_xcvr_test_xcvr_native_s10_htile_1|recal_clk_div8|ch0'
Slack : 62.774
TNS   : 0.000
Corner: Slow 900mV 100C Model

Type  : Recovery 'q_sys_i|qsfp_xcvr_test_1|xcvr_native_s10_0|qsfp_xcvr_test_xcvr_native_s10_htile_1|recal_clk_div8|ch0'
Slack : 62.819
TNS   : 0.000
Corner: Slow 900mV 0C Model

Type  : Recovery 'q_sys_i|qsfp_xcvr_test_0|xcvr_native_s10_0|qsfp_xcvr_test_xcvr_native_s10_htile_1|recal_clk_div8|ch0'
Slack : 62.968
TNS   : 0.000
Corner: Slow 900mV 0C Model

Type  : Recovery 'q_sys_i|qsfp_xcvr_test_3|xcvr_native_s10_0|tx_pcs_x2_clk|ch0'
Slack : 101.436
TNS   : 0.000
Corner: Slow 900mV 100C Model

Type  : Recovery 'q_sys_i|sdi_xcvr_test_0|xcvr_native_s10_0|tx_pcs_x2_clk|ch0'
Slack : 101.514
TNS   : 0.000
Corner: Slow 900mV 100C Model

Type  : Recovery 'q_sys_i|sdi_xcvr_test_1|xcvr_native_s10_0|tx_pcs_x2_clk|ch0'
Slack : 101.542
TNS   : 0.000
Corner: Slow 900mV 100C Model

Type  : Recovery 'q_sys_i|sdi_xcvr_test_0|xcvr_native_s10_0|rx_pcs_x2_clk|ch0'
Slack : 101.681
TNS   : 0.000
Corner: Slow 900mV 100C Model

Type  : Recovery 'q_sys_i|sdi_xcvr_test_1|xcvr_native_s10_0|rx_pcs_x2_clk|ch0'
Slack : 101.775
TNS   : 0.000
Corner: Slow 900mV 100C Model

Type  : Recovery 'q_sys_i|qsfp_xcvr_test_3|xcvr_native_s10_0|rx_pcs_x2_clk|ch0'
Slack : 101.791
TNS   : 0.000
Corner: Slow 900mV 100C Model

Type  : Recovery 'q_sys_i|qsfp_xcvr_test_0|xcvr_native_s10_0|rx_pcs_x2_clk|ch0'
Slack : 101.822
TNS   : 0.000
Corner: Slow 900mV 100C Model

Type  : Recovery 'q_sys_i|qsfp_xcvr_test_1|xcvr_native_s10_0|rx_pcs_x2_clk|ch0'
Slack : 101.990
TNS   : 0.000
Corner: Slow 900mV 100C Model

Type  : Recovery 'q_sys_i|qsfp_xcvr_test_1|xcvr_native_s10_0|tx_pcs_x2_clk|ch0'
Slack : 102.022
TNS   : 0.000
Corner: Slow 900mV 100C Model

Type  : Recovery 'q_sys_i|qsfp_xcvr_test_4|xcvr_native_s10_0|rx_pcs_x2_clk|ch0'
Slack : 102.471
TNS   : 0.000
Corner: Slow 900mV 100C Model

Type  : Recovery 'q_sys_i|qsfp_xcvr_test_0|xcvr_native_s10_0|tx_pcs_x2_clk|ch0'
Slack : 102.588
TNS   : 0.000
Corner: Slow 900mV 100C Model

Type  : Recovery 'q_sys_i|qsfp_xcvr_test_4|xcvr_native_s10_0|tx_pcs_x2_clk|ch0'
Slack : 102.588
TNS   : 0.000
Corner: Slow 900mV 100C Model

Type  : Recovery 'q_sys_i|sdi_xcvr_test_0|xcvr_native_s10_0|tx_clkout|ch0'
Slack : 103.281
TNS   : 0.000
Corner: Slow 900mV 100C Model

Type  : Recovery 'q_sys_i|qsfp_xcvr_test_3|xcvr_native_s10_0|tx_clkout|ch0'
Slack : 103.673
TNS   : 0.000
Corner: Slow 900mV 100C Model

Type  : Recovery 'q_sys_i|sdi_xcvr_test_1|xcvr_native_s10_0|tx_clkout|ch0'
Slack : 103.685
TNS   : 0.000
Corner: Slow 900mV 100C Model

Type  : Recovery 'q_sys_i|qsfp_xcvr_test_1|xcvr_native_s10_0|tx_clkout|ch0'
Slack : 104.242
TNS   : 0.000
Corner: Slow 900mV 100C Model

Type  : Recovery 'q_sys_i|qsfp_xcvr_test_4|xcvr_native_s10_0|tx_clkout|ch0'
Slack : 104.250
TNS   : 0.000
Corner: Slow 900mV 100C Model

Type  : Recovery 'q_sys_i|qsfp_xcvr_test_0|xcvr_native_s10_0|tx_clkout|ch0'
Slack : 104.789
TNS   : 0.000
Corner: Slow 900mV 100C Model

Type  : Removal 'clk_fpga_100m'
Slack : 0.163
TNS   : 0.000
Corner: Fast 900mV 0C Model

Type  : Removal 'q_sys_i|qsfp_xcvr_test_1|xcvr_native_s10_0|qsfp_xcvr_test_xcvr_native_s10_htile_1|recal_clk_div8|ch0'
Slack : 0.186
TNS   : 0.000
Corner: Fast 900mV 100C Model

Type  : Removal 'q_sys_i|qsfp_xcvr_test_4|xcvr_native_s10_0|qsfp_xcvr_test_xcvr_native_s10_htile_1|recal_clk_div8|ch0'
Slack : 0.215
TNS   : 0.000
Corner: Fast 900mV 100C Model

Type  : Removal 'q_sys_i|qsfp_xcvr_test_4|xcvr_native_s10_0|rx_clkout2|ch0'
Slack : 0.242
TNS   : 0.000
Corner: Fast 900mV 0C Model

Type  : Removal 'q_sys_i|qsfp_xcvr_test_3|xcvr_native_s10_0|rx_clkout2|ch0'
Slack : 0.252
TNS   : 0.000
Corner: Fast 900mV 0C Model

Type  : Removal 'q_sys_i|qsfp_xcvr_test_0|xcvr_native_s10_0|rx_clkout2|ch0'
Slack : 0.254
TNS   : 0.000
Corner: Fast 900mV 0C Model

Type  : Removal 'clk_50'
Slack : 0.260
TNS   : 0.000
Corner: Fast 900mV 0C Model

Type  : Removal 'q_sys_i|qsfp_xcvr_test_1|xcvr_native_s10_0|rx_clkout2|ch0'
Slack : 0.262
TNS   : 0.000
Corner: Fast 900mV 0C Model

Type  : Removal 'q_sys_i|qsfp_xcvr_test_3|xcvr_native_s10_0|tx_clkout2|ch0'
Slack : 0.263
TNS   : 0.000
Corner: Fast 900mV 0C Model

Type  : Removal 'ALTERA_INSERTED_INTOSC_FOR_TRS|divided_osc_clk'
Slack : 0.264
TNS   : 0.000
Corner: Fast 900mV 0C Model

Type  : Removal 'q_sys_i|sdi_xcvr_test_0|xcvr_native_s10_0|rx_clkout2|ch0'
Slack : 0.264
TNS   : 0.000
Corner: Fast 900mV 0C Model

Type  : Removal 'q_sys_i|sdi_xcvr_test_0|xcvr_native_s10_0|tx_clkout2|ch0'
Slack : 0.264
TNS   : 0.000
Corner: Fast 900mV 0C Model

Type  : Removal 'q_sys_i|sdi_xcvr_test_1|xcvr_native_s10_0|rx_clkout2|ch0'
Slack : 0.266
TNS   : 0.000
Corner: Fast 900mV 0C Model

Type  : Removal 'q_sys_i|qsfp_xcvr_test_0|xcvr_native_s10_0|qsfp_xcvr_test_xcvr_native_s10_htile_1|recal_clk_div8|ch0'
Slack : 0.268
TNS   : 0.000
Corner: Fast 900mV 0C Model

Type  : Removal 'altera_reserved_tck'
Slack : 0.271
TNS   : 0.000
Corner: Fast 900mV 0C Model

Type  : Removal 'q_sys_i|qsfp_xcvr_test_3|xcvr_native_s10_0|rx_clkout|ch0'
Slack : 0.273
TNS   : 0.000
Corner: Fast 900mV 0C Model

Type  : Removal 'q_sys_i|qsfp_xcvr_test_0|xcvr_native_s10_0|tx_clkout2|ch0'
Slack : 0.274
TNS   : 0.000
Corner: Fast 900mV 0C Model

Type  : Removal 'q_sys_i|sdi_xcvr_test_0|xcvr_native_s10_0|rx_clkout|ch0'
Slack : 0.275
TNS   : 0.000
Corner: Fast 900mV 0C Model

Type  : Removal 'q_sys_i|qsfp_xcvr_test_0|xcvr_native_s10_0|rx_clkout|ch0'
Slack : 0.283
TNS   : 0.000
Corner: Fast 900mV 0C Model

Type  : Removal 'q_sys_i|qsfp_xcvr_test_1|xcvr_native_s10_0|tx_clkout2|ch0'
Slack : 0.290
TNS   : 0.000
Corner: Fast 900mV 0C Model

Type  : Removal 'q_sys_i|sdi_xcvr_test_1|xcvr_native_s10_0|tx_clkout2|ch0'
Slack : 0.294
TNS   : 0.000
Corner: Fast 900mV 0C Model

Type  : Removal 'q_sys_i|qsfp_xcvr_test_4|xcvr_native_s10_0|rx_clkout|ch0'
Slack : 0.295
TNS   : 0.000
Corner: Fast 900mV 0C Model

Type  : Removal 'q_sys_i|qsfp_xcvr_test_1|xcvr_native_s10_0|rx_clkout|ch0'
Slack : 0.317
TNS   : 0.000
Corner: Fast 900mV 0C Model

Type  : Removal 'q_sys_i|qsfp_xcvr_test_3|xcvr_native_s10_0|qsfp_xcvr_test_xcvr_native_s10_htile_1|recal_clk_div8|ch0'
Slack : 0.318
TNS   : 0.000
Corner: Fast 900mV 0C Model

Type  : Removal 'q_sys_i|qsfp_xcvr_test_4|xcvr_native_s10_0|tx_clkout2|ch0'
Slack : 0.334
TNS   : 0.000
Corner: Fast 900mV 0C Model

Type  : Removal 'q_sys_i|sdi_xcvr_test_1|xcvr_native_s10_0|rx_clkout|ch0'
Slack : 0.383
TNS   : 0.000
Corner: Fast 900mV 0C Model

Type  : Removal 'q_sys_i|qsfp_xcvr_test_0|xcvr_native_s10_0|tx_clkout|ch0'
Slack : 203.731
TNS   : 0.000
Corner: Fast 900mV 0C Model

Type  : Removal 'q_sys_i|qsfp_xcvr_test_1|xcvr_native_s10_0|tx_clkout|ch0'
Slack : 204.075
TNS   : 0.000
Corner: Fast 900mV 0C Model

Type  : Removal 'q_sys_i|qsfp_xcvr_test_4|xcvr_native_s10_0|tx_clkout|ch0'
Slack : 204.111
TNS   : 0.000
Corner: Fast 900mV 0C Model

Type  : Removal 'q_sys_i|sdi_xcvr_test_1|xcvr_native_s10_0|tx_clkout|ch0'
Slack : 204.366
TNS   : 0.000
Corner: Fast 900mV 0C Model

Type  : Removal 'q_sys_i|qsfp_xcvr_test_3|xcvr_native_s10_0|tx_clkout|ch0'
Slack : 204.390
TNS   : 0.000
Corner: Fast 900mV 0C Model

Type  : Removal 'q_sys_i|sdi_xcvr_test_0|xcvr_native_s10_0|tx_clkout|ch0'
Slack : 204.746
TNS   : 0.000
Corner: Fast 900mV 0C Model

Type  : Removal 'q_sys_i|qsfp_xcvr_test_0|xcvr_native_s10_0|tx_pcs_x2_clk|ch0'
Slack : 205.342
TNS   : 0.000
Corner: Fast 900mV 0C Model

Type  : Removal 'q_sys_i|qsfp_xcvr_test_4|xcvr_native_s10_0|rx_pcs_x2_clk|ch0'
Slack : 205.346
TNS   : 0.000
Corner: Fast 900mV 0C Model

Type  : Removal 'q_sys_i|qsfp_xcvr_test_4|xcvr_native_s10_0|tx_pcs_x2_clk|ch0'
Slack : 205.351
TNS   : 0.000
Corner: Fast 900mV 0C Model

Type  : Removal 'q_sys_i|qsfp_xcvr_test_1|xcvr_native_s10_0|rx_pcs_x2_clk|ch0'
Slack : 205.637
TNS   : 0.000
Corner: Fast 900mV 0C Model

Type  : Removal 'q_sys_i|qsfp_xcvr_test_3|xcvr_native_s10_0|rx_pcs_x2_clk|ch0'
Slack : 205.669
TNS   : 0.000
Corner: Fast 900mV 0C Model

Type  : Removal 'q_sys_i|qsfp_xcvr_test_0|xcvr_native_s10_0|rx_pcs_x2_clk|ch0'
Slack : 205.695
TNS   : 0.000
Corner: Fast 900mV 0C Model

Type  : Removal 'q_sys_i|qsfp_xcvr_test_1|xcvr_native_s10_0|tx_pcs_x2_clk|ch0'
Slack : 205.700
TNS   : 0.000
Corner: Fast 900mV 0C Model

Type  : Removal 'q_sys_i|sdi_xcvr_test_1|xcvr_native_s10_0|rx_pcs_x2_clk|ch0'
Slack : 205.744
TNS   : 0.000
Corner: Fast 900mV 0C Model

Type  : Removal 'q_sys_i|sdi_xcvr_test_0|xcvr_native_s10_0|rx_pcs_x2_clk|ch0'
Slack : 205.837
TNS   : 0.000
Corner: Fast 900mV 0C Model

Type  : Removal 'q_sys_i|sdi_xcvr_test_1|xcvr_native_s10_0|tx_pcs_x2_clk|ch0'
Slack : 205.938
TNS   : 0.000
Corner: Fast 900mV 0C Model

Type  : Removal 'q_sys_i|qsfp_xcvr_test_3|xcvr_native_s10_0|tx_pcs_x2_clk|ch0'
Slack : 206.026
TNS   : 0.000
Corner: Fast 900mV 0C Model

Type  : Removal 'q_sys_i|sdi_xcvr_test_0|xcvr_native_s10_0|tx_pcs_x2_clk|ch0'
Slack : 206.057
TNS   : 0.000
Corner: Fast 900mV 0C Model

Type  : Minimum Pulse Width 'q_sys_i|qsfp_xcvr_test_0|xcvr_native_s10_0|rx_pcs_x2_clk|ch0'
Slack : 0.368
TNS   : 0.000
Corner: Slow 900mV 0C Model

Type  : Minimum Pulse Width 'q_sys_i|qsfp_xcvr_test_1|xcvr_native_s10_0|rx_pcs_x2_clk|ch0'
Slack : 0.368
TNS   : 0.000
Corner: Slow 900mV 0C Model

Type  : Minimum Pulse Width 'q_sys_i|qsfp_xcvr_test_3|xcvr_native_s10_0|rx_pcs_x2_clk|ch0'
Slack : 0.368
TNS   : 0.000
Corner: Slow 900mV 0C Model

Type  : Minimum Pulse Width 'q_sys_i|qsfp_xcvr_test_4|xcvr_native_s10_0|rx_pcs_x2_clk|ch0'
Slack : 0.368
TNS   : 0.000
Corner: Slow 900mV 0C Model

Type  : Minimum Pulse Width 'q_sys_i|qsfp_xcvr_test_0|xcvr_native_s10_0|tx_pcs_x2_clk|ch0'
Slack : 0.407
TNS   : 0.000
Corner: Slow 900mV 0C Model

Type  : Minimum Pulse Width 'q_sys_i|qsfp_xcvr_test_1|xcvr_native_s10_0|tx_pcs_x2_clk|ch0'
Slack : 0.407
TNS   : 0.000
Corner: Slow 900mV 0C Model

Type  : Minimum Pulse Width 'q_sys_i|qsfp_xcvr_test_3|xcvr_native_s10_0|tx_pcs_x2_clk|ch0'
Slack : 0.407
TNS   : 0.000
Corner: Slow 900mV 0C Model

Type  : Minimum Pulse Width 'q_sys_i|qsfp_xcvr_test_4|xcvr_native_s10_0|tx_pcs_x2_clk|ch0'
Slack : 0.407
TNS   : 0.000
Corner: Slow 900mV 0C Model

Type  : Minimum Pulse Width 'q_sys_i|qsfp_xcvr_test_3|xcvr_native_s10_0|rx_clkout|ch0'
Slack : 0.748
TNS   : 0.000
Corner: Slow 900mV 0C Model

Type  : Minimum Pulse Width 'q_sys_i|qsfp_xcvr_test_1|xcvr_native_s10_0|rx_clkout|ch0'
Slack : 0.753
TNS   : 0.000
Corner: Slow 900mV 0C Model

Type  : Minimum Pulse Width 'q_sys_i|qsfp_xcvr_test_0|xcvr_native_s10_0|rx_clkout|ch0'
Slack : 0.754
TNS   : 0.000
Corner: Slow 900mV 0C Model

Type  : Minimum Pulse Width 'q_sys_i|qsfp_xcvr_test_3|xcvr_native_s10_0|tx_clkout|ch0'
Slack : 0.764
TNS   : 0.000
Corner: Slow 900mV 100C Model

Type  : Minimum Pulse Width 'q_sys_i|qsfp_xcvr_test_1|xcvr_native_s10_0|tx_clkout|ch0'
Slack : 0.767
TNS   : 0.000
Corner: Slow 900mV 100C Model

Type  : Minimum Pulse Width 'q_sys_i|qsfp_xcvr_test_0|xcvr_native_s10_0|tx_clkout|ch0'
Slack : 0.768
TNS   : 0.000
Corner: Slow 900mV 100C Model

Type  : Minimum Pulse Width 'refclk_qsfp_p'
Slack : 0.775
TNS   : 0.000
Corner: 2 Slow vid2 100C Model

Type  : Minimum Pulse Width 'q_sys_i|qsfp_xcvr_test_4|xcvr_native_s10_0|rx_clkout|ch0'
Slack : 0.782
TNS   : 0.000
Corner: Slow 900mV 0C Model

Type  : Minimum Pulse Width 'q_sys_i|qsfp_xcvr_test_4|xcvr_native_s10_0|tx_clkout|ch0'
Slack : 0.826
TNS   : 0.000
Corner: Slow 900mV 0C Model

Type  : Minimum Pulse Width 'altera_int_osc_clk'
Slack : 0.906
TNS   : 0.000
Corner: Slow 900mV 0C Model

Type  : Minimum Pulse Width 'q_sys_i|qsfp_xcvr_test_3|xcvr_native_s10_0|rx_clkout2|ch0'
Slack : 1.975
TNS   : 0.000
Corner: Slow 900mV 0C Model

Type  : Minimum Pulse Width 'q_sys_i|qsfp_xcvr_test_1|xcvr_native_s10_0|rx_clkout2|ch0'
Slack : 2.000
TNS   : 0.000
Corner: Slow 900mV 0C Model

Type  : Minimum Pulse Width 'q_sys_i|qsfp_xcvr_test_0|xcvr_native_s10_0|rx_clkout2|ch0'
Slack : 2.005
TNS   : 0.000
Corner: Slow 900mV 0C Model

Type  : Minimum Pulse Width 'q_sys_i|qsfp_xcvr_test_4|xcvr_native_s10_0|rx_clkout2|ch0'
Slack : 2.014
TNS   : 0.000
Corner: Slow 900mV 0C Model

Type  : Minimum Pulse Width 'q_sys_i|qsfp_xcvr_test_0|xcvr_native_s10_0|tx_clkout2|ch0'
Slack : 2.046
TNS   : 0.000
Corner: Slow 900mV 100C Model

Type  : Minimum Pulse Width 'q_sys_i|qsfp_xcvr_test_1|xcvr_native_s10_0|tx_clkout2|ch0'
Slack : 2.047
TNS   : 0.000
Corner: Slow 900mV 100C Model

Type  : Minimum Pulse Width 'q_sys_i|qsfp_xcvr_test_3|xcvr_native_s10_0|tx_clkout2|ch0'
Slack : 2.051
TNS   : 0.000
Corner: Slow 900mV 100C Model

Type  : Minimum Pulse Width 'q_sys_i|qsfp_xcvr_test_4|xcvr_native_s10_0|tx_clkout2|ch0'
Slack : 2.071
TNS   : 0.000
Corner: Slow 900mV 100C Model

Type  : Minimum Pulse Width 'q_sys_i|sdi_xcvr_test_0|xcvr_native_s10_0|rx_pcs_x2_clk|ch0'
Slack : 2.441
TNS   : 0.000
Corner: Slow 900mV 0C Model

Type  : Minimum Pulse Width 'q_sys_i|sdi_xcvr_test_1|xcvr_native_s10_0|rx_pcs_x2_clk|ch0'
Slack : 2.441
TNS   : 0.000
Corner: Slow 900mV 0C Model

Type  : Minimum Pulse Width 'q_sys_i|sdi_xcvr_test_0|xcvr_native_s10_0|tx_pcs_x2_clk|ch0'
Slack : 2.480
TNS   : 0.000
Corner: Slow 900mV 0C Model

Type  : Minimum Pulse Width 'q_sys_i|sdi_xcvr_test_1|xcvr_native_s10_0|tx_pcs_x2_clk|ch0'
Slack : 2.480
TNS   : 0.000
Corner: Slow 900mV 0C Model

Type  : Minimum Pulse Width 'ALTERA_INSERTED_INTOSC_FOR_TRS|divided_osc_clk'
Slack : 3.337
TNS   : 0.000
Corner: Slow 900mV 0C Model

Type  : Minimum Pulse Width 'refclk_sdi_p'
Slack : 3.367
TNS   : 0.000
Corner: 2 Slow vid2 100C Model

Type  : Minimum Pulse Width 'clk_fpga_100m'
Slack : 4.170
TNS   : 0.000
Corner: Slow 900mV 0C Model

Type  : Minimum Pulse Width 'q_sys_i|sdi_xcvr_test_1|xcvr_native_s10_0|rx_clkout|ch0'
Slack : 4.898
TNS   : 0.000
Corner: Slow 900mV 0C Model

Type  : Minimum Pulse Width 'q_sys_i|sdi_xcvr_test_0|xcvr_native_s10_0|rx_clkout|ch0'
Slack : 4.919
TNS   : 0.000
Corner: Slow 900mV 0C Model

Type  : Minimum Pulse Width 'q_sys_i|sdi_xcvr_test_1|xcvr_native_s10_0|tx_clkout|ch0'
Slack : 4.921
TNS   : 0.000
Corner: Slow 900mV 100C Model

Type  : Minimum Pulse Width 'q_sys_i|sdi_xcvr_test_0|xcvr_native_s10_0|tx_clkout|ch0'
Slack : 4.966
TNS   : 0.000
Corner: Slow 900mV 0C Model

Type  : Minimum Pulse Width 'clk_50'
Slack : 9.170
TNS   : 0.000
Corner: Slow 900mV 100C Model

Type  : Minimum Pulse Width 'q_sys_i|sdi_xcvr_test_1|xcvr_native_s10_0|rx_clkout2|ch0'
Slack : 10.285
TNS   : 0.000
Corner: Slow 900mV 0C Model

Type  : Minimum Pulse Width 'q_sys_i|sdi_xcvr_test_0|xcvr_native_s10_0|rx_clkout2|ch0'
Slack : 10.304
TNS   : 0.000
Corner: Slow 900mV 0C Model

Type  : Minimum Pulse Width 'q_sys_i|sdi_xcvr_test_1|xcvr_native_s10_0|tx_clkout2|ch0'
Slack : 10.344
TNS   : 0.000
Corner: Slow 900mV 0C Model

Type  : Minimum Pulse Width 'q_sys_i|sdi_xcvr_test_0|xcvr_native_s10_0|tx_clkout2|ch0'
Slack : 10.363
TNS   : 0.000
Corner: Slow 900mV 100C Model

Type  : Minimum Pulse Width 'altera_reserved_tck'
Slack : 17.885
TNS   : 0.000
Corner: Slow 900mV 0C Model

Type  : Minimum Pulse Width 'q_sys_i|qsfp_xcvr_test_1|xcvr_native_s10_0|qsfp_xcvr_test_xcvr_native_s10_htile_1|recal_clk_div8|ch0'
Slack : 31.596
TNS   : 0.000
Corner: Slow 900mV 100C Model

Type  : Minimum Pulse Width 'q_sys_i|qsfp_xcvr_test_3|xcvr_native_s10_0|qsfp_xcvr_test_xcvr_native_s10_htile_1|recal_clk_div8|ch0'
Slack : 31.606
TNS   : 0.000
Corner: Slow 900mV 100C Model

Type  : Minimum Pulse Width 'q_sys_i|qsfp_xcvr_test_4|xcvr_native_s10_0|qsfp_xcvr_test_xcvr_native_s10_htile_1|recal_clk_div8|ch0'
Slack : 31.617
TNS   : 0.000
Corner: Slow 900mV 100C Model

Type  : Minimum Pulse Width 'q_sys_i|qsfp_xcvr_test_0|xcvr_native_s10_0|qsfp_xcvr_test_xcvr_native_s10_htile_1|recal_clk_div8|ch0'
Slack : 31.619
TNS   : 0.000
Corner: Slow 900mV 100C Model

Type  : 2 Slow vid2 100C Model Max Skew 'set_max_skew'
Slack : 1.290

Type  : 2 Slow vid2 100C Model Max Skew 'set_max_skew'
Slack : 1.341

Type  : 2 Slow vid2 100C Model Max Skew 'set_max_skew'
Slack : 1.358

Type  : 2 Slow vid2 100C Model Max Skew 'set_max_skew'
Slack : 1.366

Type  : 2 Slow vid2 100C Model Max Skew 'set_max_skew'
Slack : 1.408

Type  : 2 Slow vid2 100C Model Max Skew 'set_max_skew'
Slack : 1.425

Type  : 2 Slow vid2 100C Model Max Skew 'set_max_skew'
Slack : 1.433

Type  : 2 Slow vid2 100C Model Max Skew 'set_max_skew'
Slack : 1.449

Type  : 2 Slow vid2 100C Model Max Skew 'set_max_skew'
Slack : 3.348

Type  : 2 Slow vid2 100C Model Max Skew 'set_max_skew'
Slack : 3.402

Type  : 2 Slow vid2 100C Model Max Skew 'set_max_skew'
Slack : 3.402

Type  : 2 Slow vid2 100C Model Max Skew 'set_max_skew'
Slack : 3.404

Type  : 2 Slow vid2 100C Model Max Skew 'set_max_skew'
Slack : 3.427

Type  : 2 Slow vid2 100C Model Max Skew 'set_max_skew'
Slack : 3.483

Type  : 2 Slow vid2 100C Model Max Skew 'set_max_skew'
Slack : 3.483

Type  : 2 Slow vid2 100C Model Max Skew 'set_max_skew'
Slack : 3.490

Type  : 2 Slow vid2 100C Model Max Skew 'set_max_skew'
Slack : 7.473

Type  : 2 Slow vid2 100C Model Max Skew 'set_max_skew'
Slack : 7.509

Type  : 2 Slow vid2 100C Model Max Skew 'set_max_skew'
Slack : 7.518

Type  : 2 Slow vid2 100C Model Max Skew 'set_max_skew'
Slack : 7.520

Type  : 2 Slow vid2 100C Model Max Skew 'set_max_skew'
Slack : 7.575

Type  : 2 Slow vid2 100C Model Max Skew 'set_max_skew'
Slack : 7.584

Type  : 2 Slow vid2 100C Model Max Skew 'set_max_skew'
Slack : 7.599

Type  : 2 Slow vid2 100C Model Max Skew 'set_max_skew'
Slack : 7.606

Type  : 2 Slow vid2 100C Model Max Skew 'set_max_skew'
Slack : 7.617

Type  : 2 Slow vid2 100C Model Max Skew 'set_max_skew'
Slack : 7.618

Type  : 2 Slow vid2 100C Model Max Skew 'set_max_skew'
Slack : 7.618

Type  : 2 Slow vid2 100C Model Max Skew 'set_max_skew'
Slack : 7.622

Type  : 2 Slow vid2 100C Model Max Skew 'set_max_skew'
Slack : 7.627

Type  : 2 Slow vid2 100C Model Max Skew 'set_max_skew'
Slack : 7.631

Type  : 2 Slow vid2 100C Model Max Skew 'set_max_skew'
Slack : 7.631

Type  : 2 Slow vid2 100C Model Max Skew 'set_max_skew'
Slack : 7.634

Type  : 2 Slow vid2 100C Model Max Skew 'set_max_skew'
Slack : 7.646

Type  : 2 Slow vid2 100C Model Max Skew 'set_max_skew'
Slack : 7.657

Type  : 2 Slow vid2 100C Model Max Skew 'set_max_skew'
Slack : 7.658

Type  : 2 Slow vid2 100C Model Max Skew 'set_max_skew'
Slack : 7.681

Type  : 2 Slow vid2 100C Model Max Skew 'set_max_skew'
Slack : 7.970

Type  : 2 Slow vid2 100C Model Max Skew 'set_max_skew'
Slack : 7.998

Type  : 2 Slow vid2 100C Model Max Skew 'set_max_skew'
Slack : 8.058

Type  : 2 Slow vid2 100C Model Max Skew 'set_max_skew'
Slack : 8.067

Type  : 2 Slow vid2 100C Model Max Skew 'set_max_skew'
Slack : 15.216

Type  : 2 Slow vid2 100C Model Max Skew 'set_max_skew'
Slack : 15.329

Type  : 2 Slow vid2 100C Model Max Skew 'set_max_skew'
Slack : 15.332

Type  : 2 Slow vid2 100C Model Max Skew 'set_max_skew'
Slack : 15.343

Type  : 2 Slow vid2 100C Model Max Skew 'set_max_skew'
Slack : 15.354

Type  : 2 Slow vid2 100C Model Max Skew 'set_max_skew'
Slack : 15.373

Type  : 2 Slow vid2 100C Model Max Skew 'set_max_skew'
Slack : 15.389

Type  : 2 Slow vid2 100C Model Max Skew 'set_max_skew'
Slack : 15.422

Type  : 2 Slow vid2 100C Model Max Skew 'set_max_skew'
Slack : 15.429

Type  : 2 Slow vid2 100C Model Max Skew 'set_max_skew'
Slack : 15.447

Type  : 2 Slow vid2 100C Model Max Skew 'set_max_skew'
Slack : 15.472

Type  : 2 Slow vid2 100C Model Max Skew 'set_max_skew'
Slack : 15.487

Type  : 2 Slow vid2 100C Model Max Skew 'set_max_skew'
Slack : 15.532

Type  : 2 Slow vid2 100C Model Max Skew 'set_max_skew'
Slack : 15.540

Type  : 2 Slow vid2 100C Model Max Skew 'set_max_skew'
Slack : 15.644

Type  : 2 Slow vid2 100C Model Max Skew 'set_max_skew'
Slack : 15.647

Type  : 2 Slow vid2 100C Model Max Skew 'set_max_skew'
Slack : 16.639

Type  : 2 Slow vid2 100C Model Max Skew 'set_max_skew'
Slack : 16.659

Type  : 2 Slow vid2 100C Model Max Skew 'set_max_skew'
Slack : 16.680

Type  : 2 Slow vid2 100C Model Max Skew 'set_max_skew'
Slack : 16.728

Type  : 2 Slow vid2 0C Model Max Skew 'set_max_skew'
Slack : 1.270

Type  : 2 Slow vid2 0C Model Max Skew 'set_max_skew'
Slack : 1.337

Type  : 2 Slow vid2 0C Model Max Skew 'set_max_skew'
Slack : 1.356

Type  : 2 Slow vid2 0C Model Max Skew 'set_max_skew'
Slack : 1.370

Type  : 2 Slow vid2 0C Model Max Skew 'set_max_skew'
Slack : 1.381

Type  : 2 Slow vid2 0C Model Max Skew 'set_max_skew'
Slack : 1.418

Type  : 2 Slow vid2 0C Model Max Skew 'set_max_skew'
Slack : 1.427

Type  : 2 Slow vid2 0C Model Max Skew 'set_max_skew'
Slack : 1.454

Type  : 2 Slow vid2 0C Model Max Skew 'set_max_skew'
Slack : 3.336

Type  : 2 Slow vid2 0C Model Max Skew 'set_max_skew'
Slack : 3.391

Type  : 2 Slow vid2 0C Model Max Skew 'set_max_skew'
Slack : 3.391

Type  : 2 Slow vid2 0C Model Max Skew 'set_max_skew'
Slack : 3.393

Type  : 2 Slow vid2 0C Model Max Skew 'set_max_skew'
Slack : 3.400

Type  : 2 Slow vid2 0C Model Max Skew 'set_max_skew'
Slack : 3.482

Type  : 2 Slow vid2 0C Model Max Skew 'set_max_skew'
Slack : 3.486

Type  : 2 Slow vid2 0C Model Max Skew 'set_max_skew'
Slack : 3.492

Type  : 2 Slow vid2 0C Model Max Skew 'set_max_skew'
Slack : 7.473

Type  : 2 Slow vid2 0C Model Max Skew 'set_max_skew'
Slack : 7.492

Type  : 2 Slow vid2 0C Model Max Skew 'set_max_skew'
Slack : 7.517

Type  : 2 Slow vid2 0C Model Max Skew 'set_max_skew'
Slack : 7.521

Type  : 2 Slow vid2 0C Model Max Skew 'set_max_skew'
Slack : 7.552

Type  : 2 Slow vid2 0C Model Max Skew 'set_max_skew'
Slack : 7.583

Type  : 2 Slow vid2 0C Model Max Skew 'set_max_skew'
Slack : 7.591

Type  : 2 Slow vid2 0C Model Max Skew 'set_max_skew'
Slack : 7.594

Type  : 2 Slow vid2 0C Model Max Skew 'set_max_skew'
Slack : 7.609

Type  : 2 Slow vid2 0C Model Max Skew 'set_max_skew'
Slack : 7.610

Type  : 2 Slow vid2 0C Model Max Skew 'set_max_skew'
Slack : 7.612

Type  : 2 Slow vid2 0C Model Max Skew 'set_max_skew'
Slack : 7.617

Type  : 2 Slow vid2 0C Model Max Skew 'set_max_skew'
Slack : 7.619

Type  : 2 Slow vid2 0C Model Max Skew 'set_max_skew'
Slack : 7.621

Type  : 2 Slow vid2 0C Model Max Skew 'set_max_skew'
Slack : 7.629

Type  : 2 Slow vid2 0C Model Max Skew 'set_max_skew'
Slack : 7.639

Type  : 2 Slow vid2 0C Model Max Skew 'set_max_skew'
Slack : 7.641

Type  : 2 Slow vid2 0C Model Max Skew 'set_max_skew'
Slack : 7.657

Type  : 2 Slow vid2 0C Model Max Skew 'set_max_skew'
Slack : 7.657

Type  : 2 Slow vid2 0C Model Max Skew 'set_max_skew'
Slack : 7.683

Type  : 2 Slow vid2 0C Model Max Skew 'set_max_skew'
Slack : 7.969

Type  : 2 Slow vid2 0C Model Max Skew 'set_max_skew'
Slack : 8.012

Type  : 2 Slow vid2 0C Model Max Skew 'set_max_skew'
Slack : 8.030

Type  : 2 Slow vid2 0C Model Max Skew 'set_max_skew'
Slack : 8.058

Type  : 2 Slow vid2 0C Model Max Skew 'set_max_skew'
Slack : 15.230

Type  : 2 Slow vid2 0C Model Max Skew 'set_max_skew'
Slack : 15.330

Type  : 2 Slow vid2 0C Model Max Skew 'set_max_skew'
Slack : 15.337

Type  : 2 Slow vid2 0C Model Max Skew 'set_max_skew'
Slack : 15.342

Type  : 2 Slow vid2 0C Model Max Skew 'set_max_skew'
Slack : 15.349

Type  : 2 Slow vid2 0C Model Max Skew 'set_max_skew'
Slack : 15.378

Type  : 2 Slow vid2 0C Model Max Skew 'set_max_skew'
Slack : 15.414

Type  : 2 Slow vid2 0C Model Max Skew 'set_max_skew'
Slack : 15.427

Type  : 2 Slow vid2 0C Model Max Skew 'set_max_skew'
Slack : 15.430

Type  : 2 Slow vid2 0C Model Max Skew 'set_max_skew'
Slack : 15.455

Type  : 2 Slow vid2 0C Model Max Skew 'set_max_skew'
Slack : 15.461

Type  : 2 Slow vid2 0C Model Max Skew 'set_max_skew'
Slack : 15.468

Type  : 2 Slow vid2 0C Model Max Skew 'set_max_skew'
Slack : 15.507

Type  : 2 Slow vid2 0C Model Max Skew 'set_max_skew'
Slack : 15.550

Type  : 2 Slow vid2 0C Model Max Skew 'set_max_skew'
Slack : 15.635

Type  : 2 Slow vid2 0C Model Max Skew 'set_max_skew'
Slack : 15.646

Type  : 2 Slow vid2 0C Model Max Skew 'set_max_skew'
Slack : 16.638

Type  : 2 Slow vid2 0C Model Max Skew 'set_max_skew'
Slack : 16.645

Type  : 2 Slow vid2 0C Model Max Skew 'set_max_skew'
Slack : 16.667

Type  : 2 Slow vid2 0C Model Max Skew 'set_max_skew'
Slack : 16.708

Type  : Slow 900mV 100C Model Max Skew 'set_max_skew'
Slack : 1.185

Type  : Slow 900mV 100C Model Max Skew 'set_max_skew'
Slack : 1.216

Type  : Slow 900mV 100C Model Max Skew 'set_max_skew'
Slack : 1.245

Type  : Slow 900mV 100C Model Max Skew 'set_max_skew'
Slack : 1.259

Type  : Slow 900mV 100C Model Max Skew 'set_max_skew'
Slack : 1.320

Type  : Slow 900mV 100C Model Max Skew 'set_max_skew'
Slack : 1.332

Type  : Slow 900mV 100C Model Max Skew 'set_max_skew'
Slack : 1.339

Type  : Slow 900mV 100C Model Max Skew 'set_max_skew'
Slack : 1.351

Type  : Slow 900mV 100C Model Max Skew 'set_max_skew'
Slack : 3.245

Type  : Slow 900mV 100C Model Max Skew 'set_max_skew'
Slack : 3.292

Type  : Slow 900mV 100C Model Max Skew 'set_max_skew'
Slack : 3.304

Type  : Slow 900mV 100C Model Max Skew 'set_max_skew'
Slack : 3.315

Type  : Slow 900mV 100C Model Max Skew 'set_max_skew'
Slack : 3.318

Type  : Slow 900mV 100C Model Max Skew 'set_max_skew'
Slack : 3.387

Type  : Slow 900mV 100C Model Max Skew 'set_max_skew'
Slack : 3.390

Type  : Slow 900mV 100C Model Max Skew 'set_max_skew'
Slack : 3.394

Type  : Slow 900mV 100C Model Max Skew 'set_max_skew'
Slack : 7.382

Type  : Slow 900mV 100C Model Max Skew 'set_max_skew'
Slack : 7.425

Type  : Slow 900mV 100C Model Max Skew 'set_max_skew'
Slack : 7.427

Type  : Slow 900mV 100C Model Max Skew 'set_max_skew'
Slack : 7.443

Type  : Slow 900mV 100C Model Max Skew 'set_max_skew'
Slack : 7.491

Type  : Slow 900mV 100C Model Max Skew 'set_max_skew'
Slack : 7.497

Type  : Slow 900mV 100C Model Max Skew 'set_max_skew'
Slack : 7.503

Type  : Slow 900mV 100C Model Max Skew 'set_max_skew'
Slack : 7.523

Type  : Slow 900mV 100C Model Max Skew 'set_max_skew'
Slack : 7.525

Type  : Slow 900mV 100C Model Max Skew 'set_max_skew'
Slack : 7.534

Type  : Slow 900mV 100C Model Max Skew 'set_max_skew'
Slack : 7.535

Type  : Slow 900mV 100C Model Max Skew 'set_max_skew'
Slack : 7.547

Type  : Slow 900mV 100C Model Max Skew 'set_max_skew'
Slack : 7.551

Type  : Slow 900mV 100C Model Max Skew 'set_max_skew'
Slack : 7.555

Type  : Slow 900mV 100C Model Max Skew 'set_max_skew'
Slack : 7.557

Type  : Slow 900mV 100C Model Max Skew 'set_max_skew'
Slack : 7.557

Type  : Slow 900mV 100C Model Max Skew 'set_max_skew'
Slack : 7.569

Type  : Slow 900mV 100C Model Max Skew 'set_max_skew'
Slack : 7.584

Type  : Slow 900mV 100C Model Max Skew 'set_max_skew'
Slack : 7.586

Type  : Slow 900mV 100C Model Max Skew 'set_max_skew'
Slack : 7.616

Type  : Slow 900mV 100C Model Max Skew 'set_max_skew'
Slack : 7.881

Type  : Slow 900mV 100C Model Max Skew 'set_max_skew'
Slack : 7.884

Type  : Slow 900mV 100C Model Max Skew 'set_max_skew'
Slack : 7.959

Type  : Slow 900mV 100C Model Max Skew 'set_max_skew'
Slack : 7.973

Type  : Slow 900mV 100C Model Max Skew 'set_max_skew'
Slack : 15.098

Type  : Slow 900mV 100C Model Max Skew 'set_max_skew'
Slack : 15.216

Type  : Slow 900mV 100C Model Max Skew 'set_max_skew'
Slack : 15.222

Type  : Slow 900mV 100C Model Max Skew 'set_max_skew'
Slack : 15.236

Type  : Slow 900mV 100C Model Max Skew 'set_max_skew'
Slack : 15.248

Type  : Slow 900mV 100C Model Max Skew 'set_max_skew'
Slack : 15.258

Type  : Slow 900mV 100C Model Max Skew 'set_max_skew'
Slack : 15.278

Type  : Slow 900mV 100C Model Max Skew 'set_max_skew'
Slack : 15.320

Type  : Slow 900mV 100C Model Max Skew 'set_max_skew'
Slack : 15.336

Type  : Slow 900mV 100C Model Max Skew 'set_max_skew'
Slack : 15.348

Type  : Slow 900mV 100C Model Max Skew 'set_max_skew'
Slack : 15.394

Type  : Slow 900mV 100C Model Max Skew 'set_max_skew'
Slack : 15.399

Type  : Slow 900mV 100C Model Max Skew 'set_max_skew'
Slack : 15.444

Type  : Slow 900mV 100C Model Max Skew 'set_max_skew'
Slack : 15.446

Type  : Slow 900mV 100C Model Max Skew 'set_max_skew'
Slack : 15.566

Type  : Slow 900mV 100C Model Max Skew 'set_max_skew'
Slack : 15.570

Type  : Slow 900mV 100C Model Max Skew 'set_max_skew'
Slack : 16.537

Type  : Slow 900mV 100C Model Max Skew 'set_max_skew'
Slack : 16.568

Type  : Slow 900mV 100C Model Max Skew 'set_max_skew'
Slack : 16.575

Type  : Slow 900mV 100C Model Max Skew 'set_max_skew'
Slack : 16.636

Type  : Slow 900mV 0C Model Max Skew 'set_max_skew'
Slack : 1.184

Type  : Slow 900mV 0C Model Max Skew 'set_max_skew'
Slack : 1.244

Type  : Slow 900mV 0C Model Max Skew 'set_max_skew'
Slack : 1.257

Type  : Slow 900mV 0C Model Max Skew 'set_max_skew'
Slack : 1.279

Type  : Slow 900mV 0C Model Max Skew 'set_max_skew'
Slack : 1.307

Type  : Slow 900mV 0C Model Max Skew 'set_max_skew'
Slack : 1.336

Type  : Slow 900mV 0C Model Max Skew 'set_max_skew'
Slack : 1.348

Type  : Slow 900mV 0C Model Max Skew 'set_max_skew'
Slack : 1.358

Type  : Slow 900mV 0C Model Max Skew 'set_max_skew'
Slack : 3.256

Type  : Slow 900mV 0C Model Max Skew 'set_max_skew'
Slack : 3.300

Type  : Slow 900mV 0C Model Max Skew 'set_max_skew'
Slack : 3.313

Type  : Slow 900mV 0C Model Max Skew 'set_max_skew'
Slack : 3.314

Type  : Slow 900mV 0C Model Max Skew 'set_max_skew'
Slack : 3.326

Type  : Slow 900mV 0C Model Max Skew 'set_max_skew'
Slack : 3.397

Type  : Slow 900mV 0C Model Max Skew 'set_max_skew'
Slack : 3.398

Type  : Slow 900mV 0C Model Max Skew 'set_max_skew'
Slack : 3.405

Type  : Slow 900mV 0C Model Max Skew 'set_max_skew'
Slack : 7.395

Type  : Slow 900mV 0C Model Max Skew 'set_max_skew'
Slack : 7.427

Type  : Slow 900mV 0C Model Max Skew 'set_max_skew'
Slack : 7.447

Type  : Slow 900mV 0C Model Max Skew 'set_max_skew'
Slack : 7.448

Type  : Slow 900mV 0C Model Max Skew 'set_max_skew'
Slack : 7.488

Type  : Slow 900mV 0C Model Max Skew 'set_max_skew'
Slack : 7.504

Type  : Slow 900mV 0C Model Max Skew 'set_max_skew'
Slack : 7.511

Type  : Slow 900mV 0C Model Max Skew 'set_max_skew'
Slack : 7.527

Type  : Slow 900mV 0C Model Max Skew 'set_max_skew'
Slack : 7.534

Type  : Slow 900mV 0C Model Max Skew 'set_max_skew'
Slack : 7.539

Type  : Slow 900mV 0C Model Max Skew 'set_max_skew'
Slack : 7.545

Type  : Slow 900mV 0C Model Max Skew 'set_max_skew'
Slack : 7.552

Type  : Slow 900mV 0C Model Max Skew 'set_max_skew'
Slack : 7.554

Type  : Slow 900mV 0C Model Max Skew 'set_max_skew'
Slack : 7.557

Type  : Slow 900mV 0C Model Max Skew 'set_max_skew'
Slack : 7.558

Type  : Slow 900mV 0C Model Max Skew 'set_max_skew'
Slack : 7.564

Type  : Slow 900mV 0C Model Max Skew 'set_max_skew'
Slack : 7.575

Type  : Slow 900mV 0C Model Max Skew 'set_max_skew'
Slack : 7.590

Type  : Slow 900mV 0C Model Max Skew 'set_max_skew'
Slack : 7.594

Type  : Slow 900mV 0C Model Max Skew 'set_max_skew'
Slack : 7.623

Type  : Slow 900mV 0C Model Max Skew 'set_max_skew'
Slack : 7.883

Type  : Slow 900mV 0C Model Max Skew 'set_max_skew'
Slack : 7.909

Type  : Slow 900mV 0C Model Max Skew 'set_max_skew'
Slack : 7.957

Type  : Slow 900mV 0C Model Max Skew 'set_max_skew'
Slack : 7.987

Type  : Slow 900mV 0C Model Max Skew 'set_max_skew'
Slack : 15.126

Type  : Slow 900mV 0C Model Max Skew 'set_max_skew'
Slack : 15.222

Type  : Slow 900mV 0C Model Max Skew 'set_max_skew'
Slack : 15.237

Type  : Slow 900mV 0C Model Max Skew 'set_max_skew'
Slack : 15.238

Type  : Slow 900mV 0C Model Max Skew 'set_max_skew'
Slack : 15.253

Type  : Slow 900mV 0C Model Max Skew 'set_max_skew'
Slack : 15.286

Type  : Slow 900mV 0C Model Max Skew 'set_max_skew'
Slack : 15.302

Type  : Slow 900mV 0C Model Max Skew 'set_max_skew'
Slack : 15.332

Type  : Slow 900mV 0C Model Max Skew 'set_max_skew'
Slack : 15.362

Type  : Slow 900mV 0C Model Max Skew 'set_max_skew'
Slack : 15.366

Type  : Slow 900mV 0C Model Max Skew 'set_max_skew'
Slack : 15.390

Type  : Slow 900mV 0C Model Max Skew 'set_max_skew'
Slack : 15.398

Type  : Slow 900mV 0C Model Max Skew 'set_max_skew'
Slack : 15.446

Type  : Slow 900mV 0C Model Max Skew 'set_max_skew'
Slack : 15.471

Type  : Slow 900mV 0C Model Max Skew 'set_max_skew'
Slack : 15.572

Type  : Slow 900mV 0C Model Max Skew 'set_max_skew'
Slack : 15.574

Type  : Slow 900mV 0C Model Max Skew 'set_max_skew'
Slack : 16.553

Type  : Slow 900mV 0C Model Max Skew 'set_max_skew'
Slack : 16.562

Type  : Slow 900mV 0C Model Max Skew 'set_max_skew'
Slack : 16.589

Type  : Slow 900mV 0C Model Max Skew 'set_max_skew'
Slack : 16.638

Type  : Fast 900mV 100C Model Max Skew 'set_max_skew'
Slack : 1.346

Type  : Fast 900mV 100C Model Max Skew 'set_max_skew'
Slack : 1.380

Type  : Fast 900mV 100C Model Max Skew 'set_max_skew'
Slack : 1.407

Type  : Fast 900mV 100C Model Max Skew 'set_max_skew'
Slack : 1.410

Type  : Fast 900mV 100C Model Max Skew 'set_max_skew'
Slack : 1.457

Type  : Fast 900mV 100C Model Max Skew 'set_max_skew'
Slack : 1.458

Type  : Fast 900mV 100C Model Max Skew 'set_max_skew'
Slack : 1.464

Type  : Fast 900mV 100C Model Max Skew 'set_max_skew'
Slack : 1.474

Type  : Fast 900mV 100C Model Max Skew 'set_max_skew'
Slack : 3.350

Type  : Fast 900mV 100C Model Max Skew 'set_max_skew'
Slack : 3.441

Type  : Fast 900mV 100C Model Max Skew 'set_max_skew'
Slack : 3.442

Type  : Fast 900mV 100C Model Max Skew 'set_max_skew'
Slack : 3.461

Type  : Fast 900mV 100C Model Max Skew 'set_max_skew'
Slack : 3.494

Type  : Fast 900mV 100C Model Max Skew 'set_max_skew'
Slack : 3.515

Type  : Fast 900mV 100C Model Max Skew 'set_max_skew'
Slack : 3.524

Type  : Fast 900mV 100C Model Max Skew 'set_max_skew'
Slack : 3.535

Type  : Fast 900mV 100C Model Max Skew 'set_max_skew'
Slack : 7.502

Type  : Fast 900mV 100C Model Max Skew 'set_max_skew'
Slack : 7.544

Type  : Fast 900mV 100C Model Max Skew 'set_max_skew'
Slack : 7.554

Type  : Fast 900mV 100C Model Max Skew 'set_max_skew'
Slack : 7.555

Type  : Fast 900mV 100C Model Max Skew 'set_max_skew'
Slack : 7.624

Type  : Fast 900mV 100C Model Max Skew 'set_max_skew'
Slack : 7.630

Type  : Fast 900mV 100C Model Max Skew 'set_max_skew'
Slack : 7.631

Type  : Fast 900mV 100C Model Max Skew 'set_max_skew'
Slack : 7.644

Type  : Fast 900mV 100C Model Max Skew 'set_max_skew'
Slack : 7.647

Type  : Fast 900mV 100C Model Max Skew 'set_max_skew'
Slack : 7.650

Type  : Fast 900mV 100C Model Max Skew 'set_max_skew'
Slack : 7.654

Type  : Fast 900mV 100C Model Max Skew 'set_max_skew'
Slack : 7.656

Type  : Fast 900mV 100C Model Max Skew 'set_max_skew'
Slack : 7.656

Type  : Fast 900mV 100C Model Max Skew 'set_max_skew'
Slack : 7.661

Type  : Fast 900mV 100C Model Max Skew 'set_max_skew'
Slack : 7.664

Type  : Fast 900mV 100C Model Max Skew 'set_max_skew'
Slack : 7.664

Type  : Fast 900mV 100C Model Max Skew 'set_max_skew'
Slack : 7.666

Type  : Fast 900mV 100C Model Max Skew 'set_max_skew'
Slack : 7.681

Type  : Fast 900mV 100C Model Max Skew 'set_max_skew'
Slack : 7.684

Type  : Fast 900mV 100C Model Max Skew 'set_max_skew'
Slack : 7.711

Type  : Fast 900mV 100C Model Max Skew 'set_max_skew'
Slack : 8.014

Type  : Fast 900mV 100C Model Max Skew 'set_max_skew'
Slack : 8.048

Type  : Fast 900mV 100C Model Max Skew 'set_max_skew'
Slack : 8.095

Type  : Fast 900mV 100C Model Max Skew 'set_max_skew'
Slack : 8.096

Type  : Fast 900mV 100C Model Max Skew 'set_max_skew'
Slack : 15.292

Type  : Fast 900mV 100C Model Max Skew 'set_max_skew'
Slack : 15.332

Type  : Fast 900mV 100C Model Max Skew 'set_max_skew'
Slack : 15.352

Type  : Fast 900mV 100C Model Max Skew 'set_max_skew'
Slack : 15.377

Type  : Fast 900mV 100C Model Max Skew 'set_max_skew'
Slack : 15.388

Type  : Fast 900mV 100C Model Max Skew 'set_max_skew'
Slack : 15.409

Type  : Fast 900mV 100C Model Max Skew 'set_max_skew'
Slack : 15.437

Type  : Fast 900mV 100C Model Max Skew 'set_max_skew'
Slack : 15.450

Type  : Fast 900mV 100C Model Max Skew 'set_max_skew'
Slack : 15.463

Type  : Fast 900mV 100C Model Max Skew 'set_max_skew'
Slack : 15.472

Type  : Fast 900mV 100C Model Max Skew 'set_max_skew'
Slack : 15.515

Type  : Fast 900mV 100C Model Max Skew 'set_max_skew'
Slack : 15.537

Type  : Fast 900mV 100C Model Max Skew 'set_max_skew'
Slack : 15.563

Type  : Fast 900mV 100C Model Max Skew 'set_max_skew'
Slack : 15.582

Type  : Fast 900mV 100C Model Max Skew 'set_max_skew'
Slack : 15.678

Type  : Fast 900mV 100C Model Max Skew 'set_max_skew'
Slack : 15.681

Type  : Fast 900mV 100C Model Max Skew 'set_max_skew'
Slack : 16.686

Type  : Fast 900mV 100C Model Max Skew 'set_max_skew'
Slack : 16.696

Type  : Fast 900mV 100C Model Max Skew 'set_max_skew'
Slack : 16.717

Type  : Fast 900mV 100C Model Max Skew 'set_max_skew'
Slack : 16.725

Type  : Fast 900mV 0C Model Max Skew 'set_max_skew'
Slack : 1.398

Type  : Fast 900mV 0C Model Max Skew 'set_max_skew'
Slack : 1.431

Type  : Fast 900mV 0C Model Max Skew 'set_max_skew'
Slack : 1.434

Type  : Fast 900mV 0C Model Max Skew 'set_max_skew'
Slack : 1.453

Type  : Fast 900mV 0C Model Max Skew 'set_max_skew'
Slack : 1.486

Type  : Fast 900mV 0C Model Max Skew 'set_max_skew'
Slack : 1.499

Type  : Fast 900mV 0C Model Max Skew 'set_max_skew'
Slack : 1.500

Type  : Fast 900mV 0C Model Max Skew 'set_max_skew'
Slack : 1.515

Type  : Fast 900mV 0C Model Max Skew 'set_max_skew'
Slack : 3.381

Type  : Fast 900mV 0C Model Max Skew 'set_max_skew'
Slack : 3.479

Type  : Fast 900mV 0C Model Max Skew 'set_max_skew'
Slack : 3.480

Type  : Fast 900mV 0C Model Max Skew 'set_max_skew'
Slack : 3.491

Type  : Fast 900mV 0C Model Max Skew 'set_max_skew'
Slack : 3.504

Type  : Fast 900mV 0C Model Max Skew 'set_max_skew'
Slack : 3.543

Type  : Fast 900mV 0C Model Max Skew 'set_max_skew'
Slack : 3.557

Type  : Fast 900mV 0C Model Max Skew 'set_max_skew'
Slack : 3.557

Type  : Fast 900mV 0C Model Max Skew 'set_max_skew'
Slack : 7.550

Type  : Fast 900mV 0C Model Max Skew 'set_max_skew'
Slack : 7.575

Type  : Fast 900mV 0C Model Max Skew 'set_max_skew'
Slack : 7.577

Type  : Fast 900mV 0C Model Max Skew 'set_max_skew'
Slack : 7.585

Type  : Fast 900mV 0C Model Max Skew 'set_max_skew'
Slack : 7.630

Type  : Fast 900mV 0C Model Max Skew 'set_max_skew'
Slack : 7.644

Type  : Fast 900mV 0C Model Max Skew 'set_max_skew'
Slack : 7.647

Type  : Fast 900mV 0C Model Max Skew 'set_max_skew'
Slack : 7.659

Type  : Fast 900mV 0C Model Max Skew 'set_max_skew'
Slack : 7.669

Type  : Fast 900mV 0C Model Max Skew 'set_max_skew'
Slack : 7.670

Type  : Fast 900mV 0C Model Max Skew 'set_max_skew'
Slack : 7.670

Type  : Fast 900mV 0C Model Max Skew 'set_max_skew'
Slack : 7.671

Type  : Fast 900mV 0C Model Max Skew 'set_max_skew'
Slack : 7.671

Type  : Fast 900mV 0C Model Max Skew 'set_max_skew'
Slack : 7.672

Type  : Fast 900mV 0C Model Max Skew 'set_max_skew'
Slack : 7.672

Type  : Fast 900mV 0C Model Max Skew 'set_max_skew'
Slack : 7.678

Type  : Fast 900mV 0C Model Max Skew 'set_max_skew'
Slack : 7.680

Type  : Fast 900mV 0C Model Max Skew 'set_max_skew'
Slack : 7.693

Type  : Fast 900mV 0C Model Max Skew 'set_max_skew'
Slack : 7.699

Type  : Fast 900mV 0C Model Max Skew 'set_max_skew'
Slack : 7.722

Type  : Fast 900mV 0C Model Max Skew 'set_max_skew'
Slack : 8.060

Type  : Fast 900mV 0C Model Max Skew 'set_max_skew'
Slack : 8.100

Type  : Fast 900mV 0C Model Max Skew 'set_max_skew'
Slack : 8.123

Type  : Fast 900mV 0C Model Max Skew 'set_max_skew'
Slack : 8.135

Type  : Fast 900mV 0C Model Max Skew 'set_max_skew'
Slack : 15.330

Type  : Fast 900mV 0C Model Max Skew 'set_max_skew'
Slack : 15.365

Type  : Fast 900mV 0C Model Max Skew 'set_max_skew'
Slack : 15.401

Type  : Fast 900mV 0C Model Max Skew 'set_max_skew'
Slack : 15.431

Type  : Fast 900mV 0C Model Max Skew 'set_max_skew'
Slack : 15.432

Type  : Fast 900mV 0C Model Max Skew 'set_max_skew'
Slack : 15.438

Type  : Fast 900mV 0C Model Max Skew 'set_max_skew'
Slack : 15.468

Type  : Fast 900mV 0C Model Max Skew 'set_max_skew'
Slack : 15.488

Type  : Fast 900mV 0C Model Max Skew 'set_max_skew'
Slack : 15.498

Type  : Fast 900mV 0C Model Max Skew 'set_max_skew'
Slack : 15.505

Type  : Fast 900mV 0C Model Max Skew 'set_max_skew'
Slack : 15.551

Type  : Fast 900mV 0C Model Max Skew 'set_max_skew'
Slack : 15.561

Type  : Fast 900mV 0C Model Max Skew 'set_max_skew'
Slack : 15.596

Type  : Fast 900mV 0C Model Max Skew 'set_max_skew'
Slack : 15.596

Type  : Fast 900mV 0C Model Max Skew 'set_max_skew'
Slack : 15.686

Type  : Fast 900mV 0C Model Max Skew 'set_max_skew'
Slack : 15.690

Type  : Fast 900mV 0C Model Max Skew 'set_max_skew'
Slack : 16.734

Type  : Fast 900mV 0C Model Max Skew 'set_max_skew'
Slack : 16.746

Type  : Fast 900mV 0C Model Max Skew 'set_max_skew'
Slack : 16.753

Type  : Fast 900mV 0C Model Max Skew 'set_max_skew'
Slack : 16.753

Type  : Net Delay 'set_net_delay'
Slack : 1.174

Type  : Net Delay 'set_net_delay'
Slack : 1.205

Type  : Net Delay 'set_net_delay'
Slack : 1.210

Type  : Net Delay 'set_net_delay'
Slack : 1.267

Type  : Net Delay 'set_net_delay'
Slack : 1.285

Type  : Net Delay 'set_net_delay'
Slack : 1.358

Type  : Net Delay 'set_net_delay'
Slack : 1.361

Type  : Net Delay 'set_net_delay'
Slack : 1.366

Type  : Net Delay 'set_net_delay'
Slack : 1.412

Type  : Net Delay 'set_net_delay'
Slack : 1.464

Type  : Net Delay 'set_net_delay'
Slack : 1.470

Type  : Net Delay 'set_net_delay'
Slack : 1.475

Type  : Net Delay 'set_net_delay'
Slack : 1.475

Type  : Net Delay 'set_net_delay'
Slack : 1.478

Type  : Net Delay 'set_net_delay'
Slack : 1.496

Type  : Net Delay 'set_net_delay'
Slack : 1.518

Type  : Net Delay 'set_net_delay'
Slack : 3.115

Type  : Net Delay 'set_net_delay'
Slack : 3.129

Type  : Net Delay 'set_net_delay'
Slack : 3.165

Type  : Net Delay 'set_net_delay'
Slack : 3.189

Type  : Net Delay 'set_net_delay'
Slack : 3.208

Type  : Net Delay 'set_net_delay'
Slack : 3.216

Type  : Net Delay 'set_net_delay'
Slack : 3.218

Type  : Net Delay 'set_net_delay'
Slack : 3.258

Type  : Net Delay 'set_net_delay'
Slack : 3.357

Type  : Net Delay 'set_net_delay'
Slack : 3.370

Type  : Net Delay 'set_net_delay'
Slack : 3.375

Type  : Net Delay 'set_net_delay'
Slack : 3.376

Type  : Net Delay 'set_net_delay'
Slack : 3.398

Type  : Net Delay 'set_net_delay'
Slack : 3.404

Type  : Net Delay 'set_net_delay'
Slack : 3.434

Type  : Net Delay 'set_net_delay'
Slack : 3.467

Type  : Net Delay 'set_net_delay'
Slack : 7.054

Type  : Net Delay 'set_net_delay'
Slack : 7.096

Type  : Net Delay 'set_net_delay'
Slack : 7.128

Type  : Net Delay 'set_net_delay'
Slack : 7.131

Type  : Net Delay 'set_net_delay'
Slack : 7.135

Type  : Net Delay 'set_net_delay'
Slack : 7.139

Type  : Net Delay 'set_net_delay'
Slack : 7.151

Type  : Net Delay 'set_net_delay'
Slack : 7.188

Type  : Net Delay 'set_net_delay'
Slack : 7.213

Type  : Net Delay 'set_net_delay'
Slack : 7.214

Type  : Net Delay 'set_net_delay'
Slack : 7.214

Type  : Net Delay 'set_net_delay'
Slack : 7.222

Type  : Net Delay 'set_net_delay'
Slack : 7.235

Type  : Net Delay 'set_net_delay'
Slack : 7.240

Type  : Net Delay 'set_net_delay'
Slack : 7.254

Type  : Net Delay 'set_net_delay'
Slack : 7.259

Type  : Net Delay 'set_net_delay'
Slack : 7.272

Type  : Net Delay 'set_net_delay'
Slack : 7.272

Type  : Net Delay 'set_net_delay'
Slack : 7.282

Type  : Net Delay 'set_net_delay'
Slack : 7.292

Type  : Net Delay 'set_net_delay'
Slack : 7.295

Type  : Net Delay 'set_net_delay'
Slack : 7.301

Type  : Net Delay 'set_net_delay'
Slack : 7.324

Type  : Net Delay 'set_net_delay'
Slack : 7.361

Type  : Net Delay 'set_net_delay'
Slack : 7.390

Type  : Net Delay 'set_net_delay'
Slack : 7.392

Type  : Net Delay 'set_net_delay'
Slack : 7.393

Type  : Net Delay 'set_net_delay'
Slack : 7.398

Type  : Net Delay 'set_net_delay'
Slack : 7.399

Type  : Net Delay 'set_net_delay'
Slack : 7.399

Type  : Net Delay 'set_net_delay'
Slack : 7.400

Type  : Net Delay 'set_net_delay'
Slack : 7.413

Type  : Net Delay 'set_net_delay'
Slack : 7.415

Type  : Net Delay 'set_net_delay'
Slack : 7.417

Type  : Net Delay 'set_net_delay'
Slack : 7.420

Type  : Net Delay 'set_net_delay'
Slack : 7.424

Type  : Net Delay 'set_net_delay'
Slack : 7.436

Type  : Net Delay 'set_net_delay'
Slack : 7.441

Type  : Net Delay 'set_net_delay'
Slack : 7.452

Type  : Net Delay 'set_net_delay'
Slack : 7.463

Type  : Net Delay 'set_net_delay'
Slack : 7.465

Type  : Net Delay 'set_net_delay'
Slack : 7.469

Type  : Net Delay 'set_net_delay'
Slack : 7.472

Type  : Net Delay 'set_net_delay'
Slack : 7.476

Type  : Net Delay 'set_net_delay'
Slack : 7.491

Type  : Net Delay 'set_net_delay'
Slack : 7.492

Type  : Net Delay 'set_net_delay'
Slack : 7.689

Type  : Net Delay 'set_net_delay'
Slack : 7.701

Type  : Net Delay 'set_net_delay'
Slack : 7.855

Type  : Net Delay 'set_net_delay'
Slack : 7.881

Type  : Net Delay 'set_net_delay'
Slack : 7.882

Type  : Net Delay 'set_net_delay'
Slack : 7.915

Type  : Net Delay 'set_net_delay'
Slack : 7.996

Type  : Net Delay 'set_net_delay'
Slack : 8.022

Type  : Net Delay 'set_net_delay'
Slack : 8.108

Type  : Net Delay 'set_net_delay'
Slack : 8.124

Type  : Net Delay 'set_net_delay'
Slack : 15.191

Type  : Net Delay 'set_net_delay'
Slack : 15.226

Type  : Net Delay 'set_net_delay'
Slack : 15.238

Type  : Net Delay 'set_net_delay'
Slack : 15.251

Type  : Net Delay 'set_net_delay'
Slack : 15.252

Type  : Net Delay 'set_net_delay'
Slack : 15.295

Type  : Net Delay 'set_net_delay'
Slack : 15.301

Type  : Net Delay 'set_net_delay'
Slack : 15.329

Type  : Net Delay 'set_net_delay'
Slack : 15.348

Type  : Net Delay 'set_net_delay'
Slack : 15.369

Type  : Net Delay 'set_net_delay'
Slack : 15.372

Type  : Net Delay 'set_net_delay'
Slack : 15.378

Type  : Net Delay 'set_net_delay'
Slack : 15.379

Type  : Net Delay 'set_net_delay'
Slack : 15.380

Type  : Net Delay 'set_net_delay'
Slack : 15.382

Type  : Net Delay 'set_net_delay'
Slack : 15.382

Type  : Net Delay 'set_net_delay'
Slack : 15.389

Type  : Net Delay 'set_net_delay'
Slack : 15.389

Type  : Net Delay 'set_net_delay'
Slack : 15.392

Type  : Net Delay 'set_net_delay'
Slack : 15.396

Type  : Net Delay 'set_net_delay'
Slack : 15.399

Type  : Net Delay 'set_net_delay'
Slack : 15.399

Type  : Net Delay 'set_net_delay'
Slack : 15.404

Type  : Net Delay 'set_net_delay'
Slack : 15.406

Type  : Net Delay 'set_net_delay'
Slack : 15.407

Type  : Net Delay 'set_net_delay'
Slack : 15.410

Type  : Net Delay 'set_net_delay'
Slack : 15.411

Type  : Net Delay 'set_net_delay'
Slack : 15.411

Type  : Net Delay 'set_net_delay'
Slack : 15.418

Type  : Net Delay 'set_net_delay'
Slack : 15.426

Type  : Net Delay 'set_net_delay'
Slack : 15.429

Type  : Net Delay 'set_net_delay'
Slack : 15.433

Type  : Net Delay 'set_net_delay'
Slack : 15.436

Type  : Net Delay 'set_net_delay'
Slack : 15.438

Type  : Net Delay 'set_net_delay'
Slack : 15.442

Type  : Net Delay 'set_net_delay'
Slack : 15.452

Type  : Net Delay 'set_net_delay'
Slack : 15.454

Type  : Net Delay 'set_net_delay'
Slack : 15.458

Type  : Net Delay 'set_net_delay'
Slack : 15.459

Type  : Net Delay 'set_net_delay'
Slack : 15.476

Type  : Net Delay 'set_net_delay'
Slack : 15.481

Type  : Net Delay 'set_net_delay'
Slack : 15.483

Type  : Net Delay 'set_net_delay'
Slack : 15.490

Type  : Net Delay 'set_net_delay'
Slack : 15.492

Type  : Net Delay 'set_net_delay'
Slack : 15.500

Type  : Net Delay 'set_net_delay'
Slack : 15.538

Type  : Net Delay 'set_net_delay'
Slack : 16.448

Type  : Net Delay 'set_net_delay'
Slack : 16.459

Type  : Net Delay 'set_net_delay'
Slack : 16.487

Type  : Net Delay 'set_net_delay'
Slack : 16.501

Type  : Net Delay 'set_net_delay'
Slack : 16.662

Type  : Net Delay 'set_net_delay'
Slack : 16.707

Type  : Net Delay 'set_net_delay'
Slack : 16.750

Type  : Net Delay 'set_net_delay'
Slack : 16.761

Type  : Net Delay 'set_net_delay'
Slack : 32.635

Type  : Net Delay 'set_net_delay'
Slack : 32.748

Type  : Net Delay 'set_net_delay'
Slack : 32.749

Type  : Net Delay 'set_net_delay'
Slack : 32.837

------------------------------------------------------------
