------------------------------------------------------------
Timing Analyzer Summary
------------------------------------------------------------

Type  : Setup 'q_sys_i|qsfp_xcvr_test_1|xcvr_native_s10_0|profile1|tx_clkout|ch0'
Slack : 0.402
TNS   : 0.000
Corner: Slow 900mV 100C Model

Type  : Setup 'q_sys_i|qsfp_xcvr_test_0|xcvr_native_s10_0|profile1|tx_clkout|ch0'
Slack : 0.410
TNS   : 0.000
Corner: Slow 900mV 100C Model

Type  : Setup 'q_sys_i|qsfp_xcvr_test_3|xcvr_native_s10_0|profile1|rx_clkout|ch0'
Slack : 0.434
TNS   : 0.000
Corner: Slow 900mV 100C Model

Type  : Setup 'q_sys_i|qsfp_xcvr_test_3|xcvr_native_s10_0|profile1|tx_clkout|ch0'
Slack : 0.463
TNS   : 0.000
Corner: Slow 900mV 100C Model

Type  : Setup 'q_sys_i|qsfp_xcvr_test_1|xcvr_native_s10_0|profile1|rx_clkout|ch0'
Slack : 0.486
TNS   : 0.000
Corner: Slow 900mV 0C Model

Type  : Setup 'q_sys_i|qsfp_xcvr_test_0|xcvr_native_s10_0|profile1|rx_clkout|ch0'
Slack : 0.529
TNS   : 0.000
Corner: Slow 900mV 100C Model

Type  : Setup 'q_sys_i|qsfp_xcvr_test_4|xcvr_native_s10_0|profile1|rx_clkout|ch0'
Slack : 0.540
TNS   : 0.000
Corner: Slow 900mV 0C Model

Type  : Setup 'q_sys_i|qsfp_xcvr_test_4|xcvr_native_s10_0|profile1|tx_clkout|ch0'
Slack : 0.591
TNS   : 0.000
Corner: Slow 900mV 100C Model

Type  : Setup 'q_sys_i|qsfp_xcvr_test_0|xcvr_native_s10_0|profile1|rx_clkout2|ch0'
Slack : 0.621
TNS   : 0.000
Corner: Slow 900mV 100C Model

Type  : Setup 'q_sys_i|qsfp_xcvr_test_1|xcvr_native_s10_0|profile1|rx_clkout2|ch0'
Slack : 0.913
TNS   : 0.000
Corner: Slow 900mV 100C Model

Type  : Setup 'q_sys_i|qsfp_xcvr_test_3|xcvr_native_s10_0|profile1|rx_clkout2|ch0'
Slack : 0.981
TNS   : 0.000
Corner: Slow 900mV 100C Model

Type  : Setup 'q_sys_i|qsfp_xcvr_test_4|xcvr_native_s10_0|profile1|rx_clkout2|ch0'
Slack : 1.040
TNS   : 0.000
Corner: Slow 900mV 100C Model

Type  : Setup 'q_sys_i|qsfp_xcvr_test_3|xcvr_native_s10_0|profile1|tx_clkout2|ch0'
Slack : 1.584
TNS   : 0.000
Corner: Slow 900mV 100C Model

Type  : Setup 'q_sys_i|qsfp_xcvr_test_4|xcvr_native_s10_0|profile1|tx_clkout2|ch0'
Slack : 1.598
TNS   : 0.000
Corner: Slow 900mV 100C Model

Type  : Setup 'q_sys_i|qsfp_xcvr_test_1|xcvr_native_s10_0|profile1|tx_clkout2|ch0'
Slack : 1.869
TNS   : 0.000
Corner: Slow 900mV 100C Model

Type  : Setup 'q_sys_i|qsfp_xcvr_test_0|xcvr_native_s10_0|profile1|tx_clkout2|ch0'
Slack : 1.932
TNS   : 0.000
Corner: Slow 900mV 100C Model

Type  : Setup 'altera_int_osc_clk'
Slack : 3.543
TNS   : 0.000
Corner: Slow 900mV 100C Model

Type  : Setup 'ALTERA_INSERTED_INTOSC_FOR_TRS|divided_osc_clk'
Slack : 3.889
TNS   : 0.000
Corner: Slow 900mV 100C Model

Type  : Setup 'clk_fpga_100m'
Slack : 4.003
TNS   : 0.000
Corner: Slow 900mV 100C Model

Type  : Setup 'q_sys_i|qsfp_xcvr_test_1|xcvr_native_s10_0|profile0|tx_clkout|ch0'
Slack : 4.126
TNS   : 0.000
Corner: Slow 900mV 100C Model

Type  : Setup 'q_sys_i|qsfp_xcvr_test_0|xcvr_native_s10_0|profile0|tx_clkout|ch0'
Slack : 4.134
TNS   : 0.000
Corner: Slow 900mV 100C Model

Type  : Setup 'q_sys_i|qsfp_xcvr_test_3|xcvr_native_s10_0|profile0|rx_clkout|ch0'
Slack : 4.158
TNS   : 0.000
Corner: Slow 900mV 100C Model

Type  : Setup 'q_sys_i|qsfp_xcvr_test_3|xcvr_native_s10_0|profile0|tx_clkout|ch0'
Slack : 4.187
TNS   : 0.000
Corner: Slow 900mV 100C Model

Type  : Setup 'q_sys_i|qsfp_xcvr_test_1|xcvr_native_s10_0|profile0|rx_clkout|ch0'
Slack : 4.210
TNS   : 0.000
Corner: Slow 900mV 0C Model

Type  : Setup 'q_sys_i|qsfp_xcvr_test_0|xcvr_native_s10_0|profile0|rx_clkout|ch0'
Slack : 4.253
TNS   : 0.000
Corner: Slow 900mV 100C Model

Type  : Setup 'q_sys_i|qsfp_xcvr_test_4|xcvr_native_s10_0|profile0|rx_clkout|ch0'
Slack : 4.264
TNS   : 0.000
Corner: Slow 900mV 0C Model

Type  : Setup 'q_sys_i|qsfp_xcvr_test_4|xcvr_native_s10_0|profile0|tx_clkout|ch0'
Slack : 4.315
TNS   : 0.000
Corner: Slow 900mV 100C Model

Type  : Setup 'altera_reserved_tck'
Slack : 4.698
TNS   : 0.000
Corner: Slow 900mV 100C Model

Type  : Setup 'q_sys_i|qsfp_xcvr_test_0|xcvr_native_s10_0|profile0|rx_clkout2|ch0'
Slack : 8.069
TNS   : 0.000
Corner: Slow 900mV 100C Model

Type  : Setup 'q_sys_i|sdi_xcvr_test_1|xcvr_native_s10_0|tx_clkout|ch0'
Slack : 8.141
TNS   : 0.000
Corner: Slow 900mV 100C Model

Type  : Setup 'q_sys_i|sdi_xcvr_test_0|xcvr_native_s10_0|tx_clkout|ch0'
Slack : 8.173
TNS   : 0.000
Corner: Slow 900mV 100C Model

Type  : Setup 'q_sys_i|qsfp_xcvr_test_1|xcvr_native_s10_0|profile0|rx_clkout2|ch0'
Slack : 8.361
TNS   : 0.000
Corner: Slow 900mV 100C Model

Type  : Setup 'q_sys_i|sdi_xcvr_test_1|xcvr_native_s10_0|rx_clkout|ch0'
Slack : 8.371
TNS   : 0.000
Corner: Slow 900mV 100C Model

Type  : Setup 'q_sys_i|qsfp_xcvr_test_3|xcvr_native_s10_0|profile0|rx_clkout2|ch0'
Slack : 8.429
TNS   : 0.000
Corner: Slow 900mV 100C Model

Type  : Setup 'q_sys_i|qsfp_xcvr_test_4|xcvr_native_s10_0|profile0|rx_clkout2|ch0'
Slack : 8.488
TNS   : 0.000
Corner: Slow 900mV 100C Model

Type  : Setup 'q_sys_i|sdi_xcvr_test_0|xcvr_native_s10_0|rx_clkout|ch0'
Slack : 8.633
TNS   : 0.000
Corner: Slow 900mV 100C Model

Type  : Setup 'q_sys_i|qsfp_xcvr_test_3|xcvr_native_s10_0|profile0|tx_clkout2|ch0'
Slack : 9.032
TNS   : 0.000
Corner: Slow 900mV 100C Model

Type  : Setup 'q_sys_i|qsfp_xcvr_test_4|xcvr_native_s10_0|profile0|tx_clkout2|ch0'
Slack : 9.046
TNS   : 0.000
Corner: Slow 900mV 100C Model

Type  : Setup 'q_sys_i|qsfp_xcvr_test_1|xcvr_native_s10_0|profile0|tx_clkout2|ch0'
Slack : 9.317
TNS   : 0.000
Corner: Slow 900mV 100C Model

Type  : Setup 'q_sys_i|qsfp_xcvr_test_0|xcvr_native_s10_0|profile0|tx_clkout2|ch0'
Slack : 9.380
TNS   : 0.000
Corner: Slow 900mV 100C Model

Type  : Setup 'q_sys_i|sdi_xcvr_test_0|xcvr_native_s10_0|rx_clkout2|ch0'
Slack : 14.807
TNS   : 0.000
Corner: Slow 900mV 100C Model

Type  : Setup 'clk_50'
Slack : 15.053
TNS   : 0.000
Corner: Slow 900mV 100C Model

Type  : Setup 'q_sys_i|sdi_xcvr_test_1|xcvr_native_s10_0|rx_clkout2|ch0'
Slack : 16.184
TNS   : 0.000
Corner: Slow 900mV 100C Model

Type  : Setup 'q_sys_i|sdi_xcvr_test_1|xcvr_native_s10_0|tx_clkout2|ch0'
Slack : 17.982
TNS   : 0.000
Corner: Slow 900mV 100C Model

Type  : Setup 'q_sys_i|sdi_xcvr_test_0|xcvr_native_s10_0|tx_clkout2|ch0'
Slack : 18.196
TNS   : 0.000
Corner: Slow 900mV 100C Model

Type  : Setup 'q_sys_i|qsfp_xcvr_test_1|xcvr_native_s10_0|qsfp_xcvr_test_xcvr_native_s10_htile_1|recal_clk_div8|ch0'
Slack : 60.310
TNS   : 0.000
Corner: Slow 900mV 100C Model

Type  : Setup 'q_sys_i|qsfp_xcvr_test_3|xcvr_native_s10_0|qsfp_xcvr_test_xcvr_native_s10_htile_1|recal_clk_div8|ch0'
Slack : 60.714
TNS   : 0.000
Corner: Slow 900mV 100C Model

Type  : Setup 'q_sys_i|qsfp_xcvr_test_0|xcvr_native_s10_0|qsfp_xcvr_test_xcvr_native_s10_htile_1|recal_clk_div8|ch0'
Slack : 60.724
TNS   : 0.000
Corner: Slow 900mV 100C Model

Type  : Setup 'q_sys_i|qsfp_xcvr_test_4|xcvr_native_s10_0|qsfp_xcvr_test_xcvr_native_s10_htile_1|recal_clk_div8|ch0'
Slack : 60.890
TNS   : 0.000
Corner: Slow 900mV 100C Model

Type  : Hold 'clk_fpga_100m'
Slack : 0.024
TNS   : 0.000
Corner: Slow 900mV 0C Model

Type  : Hold 'q_sys_i|qsfp_xcvr_test_1|xcvr_native_s10_0|profile0|tx_clkout2|ch0'
Slack : 0.024
TNS   : 0.000
Corner: Slow 900mV 0C Model

Type  : Hold 'q_sys_i|qsfp_xcvr_test_1|xcvr_native_s10_0|profile1|tx_clkout2|ch0'
Slack : 0.024
TNS   : 0.000
Corner: Slow 900mV 0C Model

Type  : Hold 'q_sys_i|qsfp_xcvr_test_4|xcvr_native_s10_0|profile0|tx_clkout2|ch0'
Slack : 0.034
TNS   : 0.000
Corner: Slow 900mV 0C Model

Type  : Hold 'q_sys_i|qsfp_xcvr_test_4|xcvr_native_s10_0|profile1|tx_clkout2|ch0'
Slack : 0.034
TNS   : 0.000
Corner: Slow 900mV 0C Model

Type  : Hold 'q_sys_i|sdi_xcvr_test_0|xcvr_native_s10_0|tx_clkout2|ch0'
Slack : 0.052
TNS   : 0.000
Corner: Fast 900mV 0C Model

Type  : Hold 'q_sys_i|qsfp_xcvr_test_3|xcvr_native_s10_0|profile0|tx_clkout2|ch0'
Slack : 0.056
TNS   : 0.000
Corner: Fast 900mV 0C Model

Type  : Hold 'q_sys_i|qsfp_xcvr_test_3|xcvr_native_s10_0|profile1|tx_clkout2|ch0'
Slack : 0.056
TNS   : 0.000
Corner: Fast 900mV 0C Model

Type  : Hold 'clk_50'
Slack : 0.060
TNS   : 0.000
Corner: 2 Slow vid2 100C Model

Type  : Hold 'q_sys_i|qsfp_xcvr_test_1|xcvr_native_s10_0|profile0|rx_clkout|ch0'
Slack : 0.081
TNS   : 0.000
Corner: Fast 900mV 0C Model

Type  : Hold 'q_sys_i|qsfp_xcvr_test_1|xcvr_native_s10_0|profile1|rx_clkout|ch0'
Slack : 0.081
TNS   : 0.000
Corner: Fast 900mV 0C Model

Type  : Hold 'q_sys_i|qsfp_xcvr_test_3|xcvr_native_s10_0|profile0|rx_clkout|ch0'
Slack : 0.083
TNS   : 0.000
Corner: Fast 900mV 0C Model

Type  : Hold 'q_sys_i|qsfp_xcvr_test_3|xcvr_native_s10_0|profile1|rx_clkout|ch0'
Slack : 0.083
TNS   : 0.000
Corner: Fast 900mV 0C Model

Type  : Hold 'q_sys_i|sdi_xcvr_test_1|xcvr_native_s10_0|tx_clkout2|ch0'
Slack : 0.083
TNS   : 0.000
Corner: Fast 900mV 0C Model

Type  : Hold 'q_sys_i|sdi_xcvr_test_0|xcvr_native_s10_0|rx_clkout|ch0'
Slack : 0.086
TNS   : 0.000
Corner: Fast 900mV 0C Model

Type  : Hold 'q_sys_i|qsfp_xcvr_test_1|xcvr_native_s10_0|qsfp_xcvr_test_xcvr_native_s10_htile_1|recal_clk_div8|ch0'
Slack : 0.095
TNS   : 0.000
Corner: Fast 900mV 100C Model

Type  : Hold 'q_sys_i|qsfp_xcvr_test_4|xcvr_native_s10_0|qsfp_xcvr_test_xcvr_native_s10_htile_1|recal_clk_div8|ch0'
Slack : 0.098
TNS   : 0.000
Corner: Fast 900mV 100C Model

Type  : Hold 'q_sys_i|sdi_xcvr_test_1|xcvr_native_s10_0|rx_clkout|ch0'
Slack : 0.114
TNS   : 0.000
Corner: Slow 900mV 0C Model

Type  : Hold 'q_sys_i|qsfp_xcvr_test_0|xcvr_native_s10_0|profile0|rx_clkout|ch0'
Slack : 0.115
TNS   : 0.000
Corner: Fast 900mV 0C Model

Type  : Hold 'q_sys_i|qsfp_xcvr_test_0|xcvr_native_s10_0|profile1|rx_clkout|ch0'
Slack : 0.115
TNS   : 0.000
Corner: Fast 900mV 0C Model

Type  : Hold 'q_sys_i|qsfp_xcvr_test_3|xcvr_native_s10_0|qsfp_xcvr_test_xcvr_native_s10_htile_1|recal_clk_div8|ch0'
Slack : 0.117
TNS   : 0.000
Corner: Fast 900mV 0C Model

Type  : Hold 'q_sys_i|qsfp_xcvr_test_4|xcvr_native_s10_0|profile0|rx_clkout|ch0'
Slack : 0.121
TNS   : 0.000
Corner: Fast 900mV 0C Model

Type  : Hold 'q_sys_i|qsfp_xcvr_test_4|xcvr_native_s10_0|profile1|rx_clkout|ch0'
Slack : 0.121
TNS   : 0.000
Corner: Fast 900mV 0C Model

Type  : Hold 'q_sys_i|qsfp_xcvr_test_4|xcvr_native_s10_0|profile0|rx_clkout2|ch0'
Slack : 0.123
TNS   : 0.000
Corner: Fast 900mV 0C Model

Type  : Hold 'q_sys_i|qsfp_xcvr_test_4|xcvr_native_s10_0|profile1|rx_clkout2|ch0'
Slack : 0.123
TNS   : 0.000
Corner: Fast 900mV 0C Model

Type  : Hold 'q_sys_i|qsfp_xcvr_test_0|xcvr_native_s10_0|qsfp_xcvr_test_xcvr_native_s10_htile_1|recal_clk_div8|ch0'
Slack : 0.127
TNS   : 0.000
Corner: Fast 900mV 0C Model

Type  : Hold 'q_sys_i|sdi_xcvr_test_1|xcvr_native_s10_0|rx_clkout2|ch0'
Slack : 0.128
TNS   : 0.000
Corner: Fast 900mV 0C Model

Type  : Hold 'ALTERA_INSERTED_INTOSC_FOR_TRS|divided_osc_clk'
Slack : 0.131
TNS   : 0.000
Corner: Fast 900mV 0C Model

Type  : Hold 'q_sys_i|qsfp_xcvr_test_0|xcvr_native_s10_0|profile0|rx_clkout2|ch0'
Slack : 0.134
TNS   : 0.000
Corner: Fast 900mV 0C Model

Type  : Hold 'q_sys_i|qsfp_xcvr_test_0|xcvr_native_s10_0|profile1|rx_clkout2|ch0'
Slack : 0.134
TNS   : 0.000
Corner: Fast 900mV 0C Model

Type  : Hold 'q_sys_i|qsfp_xcvr_test_0|xcvr_native_s10_0|profile0|tx_clkout2|ch0'
Slack : 0.135
TNS   : 0.000
Corner: Fast 900mV 0C Model

Type  : Hold 'q_sys_i|qsfp_xcvr_test_0|xcvr_native_s10_0|profile1|tx_clkout2|ch0'
Slack : 0.135
TNS   : 0.000
Corner: Fast 900mV 0C Model

Type  : Hold 'q_sys_i|qsfp_xcvr_test_3|xcvr_native_s10_0|profile0|rx_clkout2|ch0'
Slack : 0.136
TNS   : 0.000
Corner: Fast 900mV 0C Model

Type  : Hold 'q_sys_i|qsfp_xcvr_test_3|xcvr_native_s10_0|profile1|rx_clkout2|ch0'
Slack : 0.136
TNS   : 0.000
Corner: Fast 900mV 0C Model

Type  : Hold 'altera_int_osc_clk'
Slack : 0.138
TNS   : 0.000
Corner: Fast 900mV 0C Model

Type  : Hold 'q_sys_i|qsfp_xcvr_test_4|xcvr_native_s10_0|profile0|tx_clkout|ch0'
Slack : 0.139
TNS   : 0.000
Corner: Fast 900mV 0C Model

Type  : Hold 'q_sys_i|qsfp_xcvr_test_4|xcvr_native_s10_0|profile1|tx_clkout|ch0'
Slack : 0.139
TNS   : 0.000
Corner: Fast 900mV 0C Model

Type  : Hold 'q_sys_i|qsfp_xcvr_test_1|xcvr_native_s10_0|profile0|rx_clkout2|ch0'
Slack : 0.140
TNS   : 0.000
Corner: Fast 900mV 0C Model

Type  : Hold 'q_sys_i|qsfp_xcvr_test_1|xcvr_native_s10_0|profile1|rx_clkout2|ch0'
Slack : 0.140
TNS   : 0.000
Corner: Fast 900mV 0C Model

Type  : Hold 'altera_reserved_tck'
Slack : 0.141
TNS   : 0.000
Corner: Fast 900mV 0C Model

Type  : Hold 'q_sys_i|qsfp_xcvr_test_3|xcvr_native_s10_0|profile0|tx_clkout|ch0'
Slack : 0.142
TNS   : 0.000
Corner: Fast 900mV 0C Model

Type  : Hold 'q_sys_i|qsfp_xcvr_test_3|xcvr_native_s10_0|profile1|tx_clkout|ch0'
Slack : 0.142
TNS   : 0.000
Corner: Fast 900mV 0C Model

Type  : Hold 'q_sys_i|sdi_xcvr_test_0|xcvr_native_s10_0|rx_clkout2|ch0'
Slack : 0.142
TNS   : 0.000
Corner: Fast 900mV 0C Model

Type  : Hold 'q_sys_i|qsfp_xcvr_test_0|xcvr_native_s10_0|profile0|tx_clkout|ch0'
Slack : 0.143
TNS   : 0.000
Corner: Fast 900mV 0C Model

Type  : Hold 'q_sys_i|qsfp_xcvr_test_0|xcvr_native_s10_0|profile1|tx_clkout|ch0'
Slack : 0.143
TNS   : 0.000
Corner: Fast 900mV 0C Model

Type  : Hold 'q_sys_i|sdi_xcvr_test_0|xcvr_native_s10_0|tx_clkout|ch0'
Slack : 0.143
TNS   : 0.000
Corner: Fast 900mV 0C Model

Type  : Hold 'q_sys_i|sdi_xcvr_test_1|xcvr_native_s10_0|tx_clkout|ch0'
Slack : 0.146
TNS   : 0.000
Corner: Fast 900mV 0C Model

Type  : Hold 'q_sys_i|qsfp_xcvr_test_1|xcvr_native_s10_0|profile0|tx_clkout|ch0'
Slack : 0.149
TNS   : 0.000
Corner: Fast 900mV 0C Model

Type  : Hold 'q_sys_i|qsfp_xcvr_test_1|xcvr_native_s10_0|profile1|tx_clkout|ch0'
Slack : 0.149
TNS   : 0.000
Corner: Fast 900mV 0C Model

Type  : Hold 'q_sys_i|qsfp_xcvr_test_1|xcvr_native_s10_0|profile0|tx_pcs_x2_clk|ch0'
Slack : 0.158
TNS   : 0.000
Corner: Slow 900mV 100C Model

Type  : Hold 'q_sys_i|qsfp_xcvr_test_1|xcvr_native_s10_0|profile1|tx_pcs_x2_clk|ch0'
Slack : 0.158
TNS   : 0.000
Corner: Slow 900mV 100C Model

Type  : Recovery 'q_sys_i|qsfp_xcvr_test_3|xcvr_native_s10_0|profile1|rx_clkout|ch0'
Slack : 1.369
TNS   : 0.000
Corner: Slow 900mV 0C Model

Type  : Recovery 'q_sys_i|qsfp_xcvr_test_1|xcvr_native_s10_0|profile1|rx_clkout|ch0'
Slack : 1.406
TNS   : 0.000
Corner: Slow 900mV 0C Model

Type  : Recovery 'q_sys_i|qsfp_xcvr_test_0|xcvr_native_s10_0|profile1|rx_clkout|ch0'
Slack : 1.510
TNS   : 0.000
Corner: Slow 900mV 0C Model

Type  : Recovery 'q_sys_i|qsfp_xcvr_test_4|xcvr_native_s10_0|profile1|rx_clkout|ch0'
Slack : 1.571
TNS   : 0.000
Corner: Slow 900mV 0C Model

Type  : Recovery 'q_sys_i|qsfp_xcvr_test_1|xcvr_native_s10_0|profile1|rx_clkout2|ch0'
Slack : 2.178
TNS   : 0.000
Corner: Slow 900mV 100C Model

Type  : Recovery 'q_sys_i|qsfp_xcvr_test_0|xcvr_native_s10_0|profile1|rx_clkout2|ch0'
Slack : 2.329
TNS   : 0.000
Corner: Slow 900mV 100C Model

Type  : Recovery 'q_sys_i|qsfp_xcvr_test_3|xcvr_native_s10_0|profile1|rx_clkout2|ch0'
Slack : 2.396
TNS   : 0.000
Corner: Slow 900mV 100C Model

Type  : Recovery 'q_sys_i|qsfp_xcvr_test_1|xcvr_native_s10_0|profile1|tx_clkout2|ch0'
Slack : 2.537
TNS   : 0.000
Corner: Slow 900mV 100C Model

Type  : Recovery 'q_sys_i|qsfp_xcvr_test_4|xcvr_native_s10_0|profile1|tx_clkout2|ch0'
Slack : 2.580
TNS   : 0.000
Corner: Slow 900mV 100C Model

Type  : Recovery 'q_sys_i|qsfp_xcvr_test_3|xcvr_native_s10_0|profile1|tx_clkout2|ch0'
Slack : 2.794
TNS   : 0.000
Corner: Slow 900mV 100C Model

Type  : Recovery 'q_sys_i|qsfp_xcvr_test_4|xcvr_native_s10_0|profile1|rx_clkout2|ch0'
Slack : 2.978
TNS   : 0.000
Corner: Slow 900mV 100C Model

Type  : Recovery 'q_sys_i|qsfp_xcvr_test_0|xcvr_native_s10_0|profile1|tx_clkout2|ch0'
Slack : 3.221
TNS   : 0.000
Corner: Slow 900mV 100C Model

Type  : Recovery 'q_sys_i|qsfp_xcvr_test_3|xcvr_native_s10_0|profile0|rx_clkout|ch0'
Slack : 5.093
TNS   : 0.000
Corner: Slow 900mV 0C Model

Type  : Recovery 'q_sys_i|qsfp_xcvr_test_1|xcvr_native_s10_0|profile0|rx_clkout|ch0'
Slack : 5.130
TNS   : 0.000
Corner: Slow 900mV 0C Model

Type  : Recovery 'q_sys_i|qsfp_xcvr_test_0|xcvr_native_s10_0|profile0|rx_clkout|ch0'
Slack : 5.234
TNS   : 0.000
Corner: Slow 900mV 0C Model

Type  : Recovery 'q_sys_i|qsfp_xcvr_test_4|xcvr_native_s10_0|profile0|rx_clkout|ch0'
Slack : 5.295
TNS   : 0.000
Corner: Slow 900mV 0C Model

Type  : Recovery 'clk_fpga_100m'
Slack : 5.821
TNS   : 0.000
Corner: Slow 900mV 100C Model

Type  : Recovery 'ALTERA_INSERTED_INTOSC_FOR_TRS|divided_osc_clk'
Slack : 5.987
TNS   : 0.000
Corner: Slow 900mV 100C Model

Type  : Recovery 'q_sys_i|qsfp_xcvr_test_1|xcvr_native_s10_0|profile0|rx_clkout2|ch0'
Slack : 9.626
TNS   : 0.000
Corner: Slow 900mV 100C Model

Type  : Recovery 'q_sys_i|qsfp_xcvr_test_0|xcvr_native_s10_0|profile0|rx_clkout2|ch0'
Slack : 9.777
TNS   : 0.000
Corner: Slow 900mV 100C Model

Type  : Recovery 'q_sys_i|sdi_xcvr_test_0|xcvr_native_s10_0|rx_clkout|ch0'
Slack : 9.798
TNS   : 0.000
Corner: Slow 900mV 0C Model

Type  : Recovery 'q_sys_i|sdi_xcvr_test_1|xcvr_native_s10_0|rx_clkout|ch0'
Slack : 9.827
TNS   : 0.000
Corner: Slow 900mV 0C Model

Type  : Recovery 'q_sys_i|qsfp_xcvr_test_3|xcvr_native_s10_0|profile0|rx_clkout2|ch0'
Slack : 9.844
TNS   : 0.000
Corner: Slow 900mV 100C Model

Type  : Recovery 'q_sys_i|qsfp_xcvr_test_1|xcvr_native_s10_0|profile0|tx_clkout2|ch0'
Slack : 9.985
TNS   : 0.000
Corner: Slow 900mV 100C Model

Type  : Recovery 'q_sys_i|qsfp_xcvr_test_4|xcvr_native_s10_0|profile0|tx_clkout2|ch0'
Slack : 10.028
TNS   : 0.000
Corner: Slow 900mV 100C Model

Type  : Recovery 'q_sys_i|qsfp_xcvr_test_3|xcvr_native_s10_0|profile0|tx_clkout2|ch0'
Slack : 10.242
TNS   : 0.000
Corner: Slow 900mV 100C Model

Type  : Recovery 'q_sys_i|qsfp_xcvr_test_4|xcvr_native_s10_0|profile0|rx_clkout2|ch0'
Slack : 10.426
TNS   : 0.000
Corner: Slow 900mV 100C Model

Type  : Recovery 'q_sys_i|qsfp_xcvr_test_0|xcvr_native_s10_0|profile0|tx_clkout2|ch0'
Slack : 10.669
TNS   : 0.000
Corner: Slow 900mV 100C Model

Type  : Recovery 'clk_50'
Slack : 14.694
TNS   : 0.000
Corner: Slow 900mV 100C Model

Type  : Recovery 'q_sys_i|sdi_xcvr_test_1|xcvr_native_s10_0|rx_clkout2|ch0'
Slack : 18.056
TNS   : 0.000
Corner: Slow 900mV 100C Model

Type  : Recovery 'q_sys_i|sdi_xcvr_test_1|xcvr_native_s10_0|tx_clkout2|ch0'
Slack : 19.100
TNS   : 0.000
Corner: Slow 900mV 100C Model

Type  : Recovery 'q_sys_i|sdi_xcvr_test_0|xcvr_native_s10_0|rx_clkout2|ch0'
Slack : 19.446
TNS   : 0.000
Corner: Slow 900mV 100C Model

Type  : Recovery 'q_sys_i|sdi_xcvr_test_0|xcvr_native_s10_0|tx_clkout2|ch0'
Slack : 19.866
TNS   : 0.000
Corner: Slow 900mV 100C Model

Type  : Recovery 'altera_reserved_tck'
Slack : 32.665
TNS   : 0.000
Corner: Slow 900mV 100C Model

Type  : Recovery 'q_sys_i|qsfp_xcvr_test_1|xcvr_native_s10_0|qsfp_xcvr_test_xcvr_native_s10_htile_1|recal_clk_div8|ch0'
Slack : 62.441
TNS   : 0.000
Corner: Slow 900mV 100C Model

Type  : Recovery 'q_sys_i|qsfp_xcvr_test_4|xcvr_native_s10_0|qsfp_xcvr_test_xcvr_native_s10_htile_1|recal_clk_div8|ch0'
Slack : 62.735
TNS   : 0.000
Corner: Slow 900mV 0C Model

Type  : Recovery 'q_sys_i|qsfp_xcvr_test_0|xcvr_native_s10_0|qsfp_xcvr_test_xcvr_native_s10_htile_1|recal_clk_div8|ch0'
Slack : 62.775
TNS   : 0.000
Corner: Slow 900mV 0C Model

Type  : Recovery 'q_sys_i|qsfp_xcvr_test_3|xcvr_native_s10_0|qsfp_xcvr_test_xcvr_native_s10_htile_1|recal_clk_div8|ch0'
Slack : 62.984
TNS   : 0.000
Corner: Slow 900mV 0C Model

Type  : Recovery 'q_sys_i|qsfp_xcvr_test_4|xcvr_native_s10_0|profile0|rx_pcs_x2_clk|ch0'
Slack : 101.731
TNS   : 0.000
Corner: Slow 900mV 100C Model

Type  : Recovery 'q_sys_i|qsfp_xcvr_test_4|xcvr_native_s10_0|profile1|rx_pcs_x2_clk|ch0'
Slack : 101.731
TNS   : 0.000
Corner: Slow 900mV 100C Model

Type  : Recovery 'q_sys_i|qsfp_xcvr_test_4|xcvr_native_s10_0|profile0|tx_pcs_x2_clk|ch0'
Slack : 101.792
TNS   : 0.000
Corner: Slow 900mV 100C Model

Type  : Recovery 'q_sys_i|qsfp_xcvr_test_4|xcvr_native_s10_0|profile1|tx_pcs_x2_clk|ch0'
Slack : 101.792
TNS   : 0.000
Corner: Slow 900mV 100C Model

Type  : Recovery 'q_sys_i|sdi_xcvr_test_0|xcvr_native_s10_0|rx_pcs_x2_clk|ch0'
Slack : 101.910
TNS   : 0.000
Corner: Slow 900mV 100C Model

Type  : Recovery 'q_sys_i|sdi_xcvr_test_1|xcvr_native_s10_0|rx_pcs_x2_clk|ch0'
Slack : 101.910
TNS   : 0.000
Corner: Slow 900mV 100C Model

Type  : Recovery 'q_sys_i|sdi_xcvr_test_1|xcvr_native_s10_0|tx_pcs_x2_clk|ch0'
Slack : 102.296
TNS   : 0.000
Corner: Slow 900mV 100C Model

Type  : Recovery 'q_sys_i|qsfp_xcvr_test_0|xcvr_native_s10_0|profile0|tx_pcs_x2_clk|ch0'
Slack : 102.548
TNS   : 0.000
Corner: Slow 900mV 100C Model

Type  : Recovery 'q_sys_i|qsfp_xcvr_test_0|xcvr_native_s10_0|profile1|tx_pcs_x2_clk|ch0'
Slack : 102.548
TNS   : 0.000
Corner: Slow 900mV 100C Model

Type  : Recovery 'q_sys_i|qsfp_xcvr_test_1|xcvr_native_s10_0|profile0|tx_pcs_x2_clk|ch0'
Slack : 102.659
TNS   : 0.000
Corner: Slow 900mV 100C Model

Type  : Recovery 'q_sys_i|qsfp_xcvr_test_1|xcvr_native_s10_0|profile1|tx_pcs_x2_clk|ch0'
Slack : 102.659
TNS   : 0.000
Corner: Slow 900mV 100C Model

Type  : Recovery 'q_sys_i|qsfp_xcvr_test_1|xcvr_native_s10_0|profile0|rx_pcs_x2_clk|ch0'
Slack : 102.688
TNS   : 0.000
Corner: Slow 900mV 100C Model

Type  : Recovery 'q_sys_i|qsfp_xcvr_test_1|xcvr_native_s10_0|profile1|rx_pcs_x2_clk|ch0'
Slack : 102.688
TNS   : 0.000
Corner: Slow 900mV 100C Model

Type  : Recovery 'q_sys_i|qsfp_xcvr_test_0|xcvr_native_s10_0|profile0|rx_pcs_x2_clk|ch0'
Slack : 102.772
TNS   : 0.000
Corner: Slow 900mV 100C Model

Type  : Recovery 'q_sys_i|qsfp_xcvr_test_0|xcvr_native_s10_0|profile1|rx_pcs_x2_clk|ch0'
Slack : 102.772
TNS   : 0.000
Corner: Slow 900mV 100C Model

Type  : Recovery 'q_sys_i|qsfp_xcvr_test_3|xcvr_native_s10_0|profile0|rx_pcs_x2_clk|ch0'
Slack : 102.904
TNS   : 0.000
Corner: Slow 900mV 100C Model

Type  : Recovery 'q_sys_i|qsfp_xcvr_test_3|xcvr_native_s10_0|profile1|rx_pcs_x2_clk|ch0'
Slack : 102.904
TNS   : 0.000
Corner: Slow 900mV 100C Model

Type  : Recovery 'q_sys_i|sdi_xcvr_test_0|xcvr_native_s10_0|tx_pcs_x2_clk|ch0'
Slack : 102.925
TNS   : 0.000
Corner: Slow 900mV 100C Model

Type  : Recovery 'q_sys_i|qsfp_xcvr_test_3|xcvr_native_s10_0|profile0|tx_pcs_x2_clk|ch0'
Slack : 102.946
TNS   : 0.000
Corner: Slow 900mV 100C Model

Type  : Recovery 'q_sys_i|qsfp_xcvr_test_3|xcvr_native_s10_0|profile1|tx_pcs_x2_clk|ch0'
Slack : 102.946
TNS   : 0.000
Corner: Slow 900mV 100C Model

Type  : Recovery 'q_sys_i|qsfp_xcvr_test_4|xcvr_native_s10_0|profile0|tx_clkout|ch0'
Slack : 103.641
TNS   : 0.000
Corner: Slow 900mV 100C Model

Type  : Recovery 'q_sys_i|qsfp_xcvr_test_4|xcvr_native_s10_0|profile1|tx_clkout|ch0'
Slack : 103.641
TNS   : 0.000
Corner: Slow 900mV 100C Model

Type  : Recovery 'q_sys_i|qsfp_xcvr_test_1|xcvr_native_s10_0|profile0|tx_clkout|ch0'
Slack : 104.422
TNS   : 0.000
Corner: Slow 900mV 100C Model

Type  : Recovery 'q_sys_i|qsfp_xcvr_test_1|xcvr_native_s10_0|profile1|tx_clkout|ch0'
Slack : 104.422
TNS   : 0.000
Corner: Slow 900mV 100C Model

Type  : Recovery 'q_sys_i|sdi_xcvr_test_1|xcvr_native_s10_0|tx_clkout|ch0'
Slack : 104.492
TNS   : 0.000
Corner: Slow 900mV 100C Model

Type  : Recovery 'q_sys_i|sdi_xcvr_test_0|xcvr_native_s10_0|tx_clkout|ch0'
Slack : 104.692
TNS   : 0.000
Corner: Slow 900mV 100C Model

Type  : Recovery 'q_sys_i|qsfp_xcvr_test_0|xcvr_native_s10_0|profile0|tx_clkout|ch0'
Slack : 104.749
TNS   : 0.000
Corner: Slow 900mV 100C Model

Type  : Recovery 'q_sys_i|qsfp_xcvr_test_0|xcvr_native_s10_0|profile1|tx_clkout|ch0'
Slack : 104.749
TNS   : 0.000
Corner: Slow 900mV 100C Model

Type  : Recovery 'q_sys_i|qsfp_xcvr_test_3|xcvr_native_s10_0|profile0|tx_clkout|ch0'
Slack : 105.183
TNS   : 0.000
Corner: Slow 900mV 100C Model

Type  : Recovery 'q_sys_i|qsfp_xcvr_test_3|xcvr_native_s10_0|profile1|tx_clkout|ch0'
Slack : 105.183
TNS   : 0.000
Corner: Slow 900mV 100C Model

Type  : Removal 'clk_fpga_100m'
Slack : 0.166
TNS   : 0.000
Corner: Fast 900mV 0C Model

Type  : Removal 'q_sys_i|qsfp_xcvr_test_3|xcvr_native_s10_0|qsfp_xcvr_test_xcvr_native_s10_htile_1|recal_clk_div8|ch0'
Slack : 0.204
TNS   : 0.000
Corner: Fast 900mV 100C Model

Type  : Removal 'q_sys_i|qsfp_xcvr_test_4|xcvr_native_s10_0|qsfp_xcvr_test_xcvr_native_s10_htile_1|recal_clk_div8|ch0'
Slack : 0.221
TNS   : 0.000
Corner: Fast 900mV 100C Model

Type  : Removal 'q_sys_i|qsfp_xcvr_test_3|xcvr_native_s10_0|profile0|rx_clkout|ch0'
Slack : 0.237
TNS   : 0.000
Corner: Fast 900mV 0C Model

Type  : Removal 'q_sys_i|qsfp_xcvr_test_3|xcvr_native_s10_0|profile1|rx_clkout|ch0'
Slack : 0.237
TNS   : 0.000
Corner: Fast 900mV 0C Model

Type  : Removal 'q_sys_i|sdi_xcvr_test_1|xcvr_native_s10_0|rx_clkout2|ch0'
Slack : 0.250
TNS   : 0.000
Corner: Fast 900mV 0C Model

Type  : Removal 'clk_50'
Slack : 0.257
TNS   : 0.000
Corner: Fast 900mV 0C Model

Type  : Removal 'q_sys_i|qsfp_xcvr_test_4|xcvr_native_s10_0|profile0|rx_clkout|ch0'
Slack : 0.257
TNS   : 0.000
Corner: Fast 900mV 0C Model

Type  : Removal 'q_sys_i|qsfp_xcvr_test_4|xcvr_native_s10_0|profile1|rx_clkout|ch0'
Slack : 0.257
TNS   : 0.000
Corner: Fast 900mV 0C Model

Type  : Removal 'q_sys_i|qsfp_xcvr_test_0|xcvr_native_s10_0|profile0|rx_clkout2|ch0'
Slack : 0.263
TNS   : 0.000
Corner: Fast 900mV 0C Model

Type  : Removal 'q_sys_i|qsfp_xcvr_test_0|xcvr_native_s10_0|profile1|rx_clkout2|ch0'
Slack : 0.263
TNS   : 0.000
Corner: Fast 900mV 0C Model

Type  : Removal 'ALTERA_INSERTED_INTOSC_FOR_TRS|divided_osc_clk'
Slack : 0.264
TNS   : 0.000
Corner: Fast 900mV 0C Model

Type  : Removal 'altera_reserved_tck'
Slack : 0.268
TNS   : 0.000
Corner: Fast 900mV 0C Model

Type  : Removal 'q_sys_i|qsfp_xcvr_test_4|xcvr_native_s10_0|profile0|rx_clkout2|ch0'
Slack : 0.274
TNS   : 0.000
Corner: Fast 900mV 0C Model

Type  : Removal 'q_sys_i|qsfp_xcvr_test_4|xcvr_native_s10_0|profile1|rx_clkout2|ch0'
Slack : 0.274
TNS   : 0.000
Corner: Fast 900mV 0C Model

Type  : Removal 'q_sys_i|qsfp_xcvr_test_0|xcvr_native_s10_0|qsfp_xcvr_test_xcvr_native_s10_htile_1|recal_clk_div8|ch0'
Slack : 0.277
TNS   : 0.000
Corner: Fast 900mV 0C Model

Type  : Removal 'q_sys_i|qsfp_xcvr_test_1|xcvr_native_s10_0|profile0|rx_clkout2|ch0'
Slack : 0.277
TNS   : 0.000
Corner: Fast 900mV 0C Model

Type  : Removal 'q_sys_i|qsfp_xcvr_test_1|xcvr_native_s10_0|profile1|rx_clkout2|ch0'
Slack : 0.277
TNS   : 0.000
Corner: Fast 900mV 0C Model

Type  : Removal 'q_sys_i|qsfp_xcvr_test_4|xcvr_native_s10_0|profile0|tx_clkout2|ch0'
Slack : 0.278
TNS   : 0.000
Corner: Fast 900mV 0C Model

Type  : Removal 'q_sys_i|qsfp_xcvr_test_4|xcvr_native_s10_0|profile1|tx_clkout2|ch0'
Slack : 0.278
TNS   : 0.000
Corner: Fast 900mV 0C Model

Type  : Removal 'q_sys_i|qsfp_xcvr_test_3|xcvr_native_s10_0|profile0|tx_clkout2|ch0'
Slack : 0.280
TNS   : 0.000
Corner: Fast 900mV 0C Model

Type  : Removal 'q_sys_i|qsfp_xcvr_test_3|xcvr_native_s10_0|profile1|tx_clkout2|ch0'
Slack : 0.280
TNS   : 0.000
Corner: Fast 900mV 0C Model

Type  : Removal 'q_sys_i|qsfp_xcvr_test_3|xcvr_native_s10_0|profile0|rx_clkout2|ch0'
Slack : 0.283
TNS   : 0.000
Corner: Fast 900mV 0C Model

Type  : Removal 'q_sys_i|qsfp_xcvr_test_3|xcvr_native_s10_0|profile1|rx_clkout2|ch0'
Slack : 0.283
TNS   : 0.000
Corner: Fast 900mV 0C Model

Type  : Removal 'q_sys_i|qsfp_xcvr_test_0|xcvr_native_s10_0|profile0|rx_clkout|ch0'
Slack : 0.286
TNS   : 0.000
Corner: Fast 900mV 0C Model

Type  : Removal 'q_sys_i|qsfp_xcvr_test_0|xcvr_native_s10_0|profile1|rx_clkout|ch0'
Slack : 0.286
TNS   : 0.000
Corner: Fast 900mV 0C Model

Type  : Removal 'q_sys_i|sdi_xcvr_test_0|xcvr_native_s10_0|rx_clkout2|ch0'
Slack : 0.286
TNS   : 0.000
Corner: Fast 900mV 0C Model

Type  : Removal 'q_sys_i|qsfp_xcvr_test_1|xcvr_native_s10_0|qsfp_xcvr_test_xcvr_native_s10_htile_1|recal_clk_div8|ch0'
Slack : 0.292
TNS   : 0.000
Corner: Fast 900mV 0C Model

Type  : Removal 'q_sys_i|qsfp_xcvr_test_1|xcvr_native_s10_0|profile0|tx_clkout2|ch0'
Slack : 0.299
TNS   : 0.000
Corner: Fast 900mV 0C Model

Type  : Removal 'q_sys_i|qsfp_xcvr_test_1|xcvr_native_s10_0|profile1|tx_clkout2|ch0'
Slack : 0.299
TNS   : 0.000
Corner: Fast 900mV 0C Model

Type  : Removal 'q_sys_i|sdi_xcvr_test_0|xcvr_native_s10_0|tx_clkout2|ch0'
Slack : 0.303
TNS   : 0.000
Corner: Fast 900mV 0C Model

Type  : Removal 'q_sys_i|qsfp_xcvr_test_0|xcvr_native_s10_0|profile0|tx_clkout2|ch0'
Slack : 0.314
TNS   : 0.000
Corner: Fast 900mV 0C Model

Type  : Removal 'q_sys_i|qsfp_xcvr_test_0|xcvr_native_s10_0|profile1|tx_clkout2|ch0'
Slack : 0.314
TNS   : 0.000
Corner: Fast 900mV 0C Model

Type  : Removal 'q_sys_i|sdi_xcvr_test_1|xcvr_native_s10_0|tx_clkout2|ch0'
Slack : 0.322
TNS   : 0.000
Corner: Fast 900mV 0C Model

Type  : Removal 'q_sys_i|sdi_xcvr_test_1|xcvr_native_s10_0|rx_clkout|ch0'
Slack : 0.325
TNS   : 0.000
Corner: Fast 900mV 0C Model

Type  : Removal 'q_sys_i|sdi_xcvr_test_0|xcvr_native_s10_0|rx_clkout|ch0'
Slack : 0.343
TNS   : 0.000
Corner: Fast 900mV 0C Model

Type  : Removal 'q_sys_i|qsfp_xcvr_test_1|xcvr_native_s10_0|profile0|rx_clkout|ch0'
Slack : 0.362
TNS   : 0.000
Corner: Fast 900mV 0C Model

Type  : Removal 'q_sys_i|qsfp_xcvr_test_1|xcvr_native_s10_0|profile1|rx_clkout|ch0'
Slack : 0.362
TNS   : 0.000
Corner: Fast 900mV 0C Model

Type  : Removal 'q_sys_i|qsfp_xcvr_test_3|xcvr_native_s10_0|profile0|tx_clkout|ch0'
Slack : 203.540
TNS   : 0.000
Corner: Fast 900mV 0C Model

Type  : Removal 'q_sys_i|qsfp_xcvr_test_3|xcvr_native_s10_0|profile1|tx_clkout|ch0'
Slack : 203.540
TNS   : 0.000
Corner: Fast 900mV 0C Model

Type  : Removal 'q_sys_i|qsfp_xcvr_test_0|xcvr_native_s10_0|profile0|tx_clkout|ch0'
Slack : 203.785
TNS   : 0.000
Corner: Fast 900mV 0C Model

Type  : Removal 'q_sys_i|qsfp_xcvr_test_0|xcvr_native_s10_0|profile1|tx_clkout|ch0'
Slack : 203.785
TNS   : 0.000
Corner: Fast 900mV 0C Model

Type  : Removal 'q_sys_i|sdi_xcvr_test_0|xcvr_native_s10_0|tx_clkout|ch0'
Slack : 203.881
TNS   : 0.000
Corner: Fast 900mV 0C Model

Type  : Removal 'q_sys_i|sdi_xcvr_test_1|xcvr_native_s10_0|tx_clkout|ch0'
Slack : 203.967
TNS   : 0.000
Corner: Fast 900mV 0C Model

Type  : Removal 'q_sys_i|qsfp_xcvr_test_1|xcvr_native_s10_0|profile0|tx_clkout|ch0'
Slack : 204.035
TNS   : 0.000
Corner: Fast 900mV 0C Model

Type  : Removal 'q_sys_i|qsfp_xcvr_test_1|xcvr_native_s10_0|profile1|tx_clkout|ch0'
Slack : 204.035
TNS   : 0.000
Corner: Fast 900mV 0C Model

Type  : Removal 'q_sys_i|qsfp_xcvr_test_4|xcvr_native_s10_0|profile0|tx_clkout|ch0'
Slack : 204.497
TNS   : 0.000
Corner: Fast 900mV 0C Model

Type  : Removal 'q_sys_i|qsfp_xcvr_test_4|xcvr_native_s10_0|profile1|tx_clkout|ch0'
Slack : 204.497
TNS   : 0.000
Corner: Fast 900mV 0C Model

Type  : Removal 'q_sys_i|qsfp_xcvr_test_3|xcvr_native_s10_0|profile0|rx_pcs_x2_clk|ch0'
Slack : 205.118
TNS   : 0.000
Corner: Fast 900mV 0C Model

Type  : Removal 'q_sys_i|qsfp_xcvr_test_3|xcvr_native_s10_0|profile1|rx_pcs_x2_clk|ch0'
Slack : 205.118
TNS   : 0.000
Corner: Fast 900mV 0C Model

Type  : Removal 'q_sys_i|qsfp_xcvr_test_3|xcvr_native_s10_0|profile0|tx_pcs_x2_clk|ch0'
Slack : 205.176
TNS   : 0.000
Corner: Fast 900mV 0C Model

Type  : Removal 'q_sys_i|qsfp_xcvr_test_3|xcvr_native_s10_0|profile1|tx_pcs_x2_clk|ch0'
Slack : 205.176
TNS   : 0.000
Corner: Fast 900mV 0C Model

Type  : Removal 'q_sys_i|qsfp_xcvr_test_0|xcvr_native_s10_0|profile0|rx_pcs_x2_clk|ch0'
Slack : 205.190
TNS   : 0.000
Corner: Fast 900mV 0C Model

Type  : Removal 'q_sys_i|qsfp_xcvr_test_0|xcvr_native_s10_0|profile1|rx_pcs_x2_clk|ch0'
Slack : 205.190
TNS   : 0.000
Corner: Fast 900mV 0C Model

Type  : Removal 'q_sys_i|sdi_xcvr_test_0|xcvr_native_s10_0|tx_pcs_x2_clk|ch0'
Slack : 205.192
TNS   : 0.000
Corner: Fast 900mV 0C Model

Type  : Removal 'q_sys_i|qsfp_xcvr_test_1|xcvr_native_s10_0|profile0|rx_pcs_x2_clk|ch0'
Slack : 205.257
TNS   : 0.000
Corner: Fast 900mV 0C Model

Type  : Removal 'q_sys_i|qsfp_xcvr_test_1|xcvr_native_s10_0|profile1|rx_pcs_x2_clk|ch0'
Slack : 205.257
TNS   : 0.000
Corner: Fast 900mV 0C Model

Type  : Removal 'q_sys_i|qsfp_xcvr_test_1|xcvr_native_s10_0|profile0|tx_pcs_x2_clk|ch0'
Slack : 205.344
TNS   : 0.000
Corner: Fast 900mV 0C Model

Type  : Removal 'q_sys_i|qsfp_xcvr_test_1|xcvr_native_s10_0|profile1|tx_pcs_x2_clk|ch0'
Slack : 205.344
TNS   : 0.000
Corner: Fast 900mV 0C Model

Type  : Removal 'q_sys_i|qsfp_xcvr_test_0|xcvr_native_s10_0|profile0|tx_pcs_x2_clk|ch0'
Slack : 205.396
TNS   : 0.000
Corner: Fast 900mV 0C Model

Type  : Removal 'q_sys_i|qsfp_xcvr_test_0|xcvr_native_s10_0|profile1|tx_pcs_x2_clk|ch0'
Slack : 205.396
TNS   : 0.000
Corner: Fast 900mV 0C Model

Type  : Removal 'q_sys_i|sdi_xcvr_test_1|xcvr_native_s10_0|tx_pcs_x2_clk|ch0'
Slack : 205.577
TNS   : 0.000
Corner: Fast 900mV 0C Model

Type  : Removal 'q_sys_i|sdi_xcvr_test_1|xcvr_native_s10_0|rx_pcs_x2_clk|ch0'
Slack : 205.724
TNS   : 0.000
Corner: Fast 900mV 0C Model

Type  : Removal 'q_sys_i|qsfp_xcvr_test_4|xcvr_native_s10_0|profile0|rx_pcs_x2_clk|ch0'
Slack : 205.738
TNS   : 0.000
Corner: Fast 900mV 0C Model

Type  : Removal 'q_sys_i|qsfp_xcvr_test_4|xcvr_native_s10_0|profile1|rx_pcs_x2_clk|ch0'
Slack : 205.738
TNS   : 0.000
Corner: Fast 900mV 0C Model

Type  : Removal 'q_sys_i|sdi_xcvr_test_0|xcvr_native_s10_0|rx_pcs_x2_clk|ch0'
Slack : 205.747
TNS   : 0.000
Corner: Fast 900mV 0C Model

Type  : Removal 'q_sys_i|qsfp_xcvr_test_4|xcvr_native_s10_0|profile0|tx_pcs_x2_clk|ch0'
Slack : 205.862
TNS   : 0.000
Corner: Fast 900mV 0C Model

Type  : Removal 'q_sys_i|qsfp_xcvr_test_4|xcvr_native_s10_0|profile1|tx_pcs_x2_clk|ch0'
Slack : 205.862
TNS   : 0.000
Corner: Fast 900mV 0C Model

Type  : Minimum Pulse Width 'q_sys_i|qsfp_xcvr_test_0|xcvr_native_s10_0|profile1|rx_pcs_x2_clk|ch0'
Slack : 0.368
TNS   : 0.000
Corner: Slow 900mV 0C Model

Type  : Minimum Pulse Width 'q_sys_i|qsfp_xcvr_test_1|xcvr_native_s10_0|profile1|rx_pcs_x2_clk|ch0'
Slack : 0.368
TNS   : 0.000
Corner: Slow 900mV 0C Model

Type  : Minimum Pulse Width 'q_sys_i|qsfp_xcvr_test_3|xcvr_native_s10_0|profile1|rx_pcs_x2_clk|ch0'
Slack : 0.368
TNS   : 0.000
Corner: Slow 900mV 0C Model

Type  : Minimum Pulse Width 'q_sys_i|qsfp_xcvr_test_4|xcvr_native_s10_0|profile1|rx_pcs_x2_clk|ch0'
Slack : 0.368
TNS   : 0.000
Corner: Slow 900mV 0C Model

Type  : Minimum Pulse Width 'q_sys_i|qsfp_xcvr_test_0|xcvr_native_s10_0|profile1|tx_pcs_x2_clk|ch0'
Slack : 0.407
TNS   : 0.000
Corner: Slow 900mV 0C Model

Type  : Minimum Pulse Width 'q_sys_i|qsfp_xcvr_test_1|xcvr_native_s10_0|profile1|tx_pcs_x2_clk|ch0'
Slack : 0.407
TNS   : 0.000
Corner: Slow 900mV 0C Model

Type  : Minimum Pulse Width 'q_sys_i|qsfp_xcvr_test_3|xcvr_native_s10_0|profile1|tx_pcs_x2_clk|ch0'
Slack : 0.407
TNS   : 0.000
Corner: Slow 900mV 0C Model

Type  : Minimum Pulse Width 'q_sys_i|qsfp_xcvr_test_4|xcvr_native_s10_0|profile1|tx_pcs_x2_clk|ch0'
Slack : 0.407
TNS   : 0.000
Corner: Slow 900mV 0C Model

Type  : Minimum Pulse Width 'q_sys_i|qsfp_xcvr_test_3|xcvr_native_s10_0|profile1|rx_clkout|ch0'
Slack : 0.752
TNS   : 0.000
Corner: Slow 900mV 0C Model

Type  : Minimum Pulse Width 'q_sys_i|qsfp_xcvr_test_1|xcvr_native_s10_0|profile1|rx_clkout|ch0'
Slack : 0.753
TNS   : 0.000
Corner: Slow 900mV 0C Model

Type  : Minimum Pulse Width 'q_sys_i|qsfp_xcvr_test_0|xcvr_native_s10_0|profile1|rx_clkout|ch0'
Slack : 0.754
TNS   : 0.000
Corner: Slow 900mV 0C Model

Type  : Minimum Pulse Width 'q_sys_i|qsfp_xcvr_test_3|xcvr_native_s10_0|profile1|tx_clkout|ch0'
Slack : 0.764
TNS   : 0.000
Corner: Slow 900mV 100C Model

Type  : Minimum Pulse Width 'q_sys_i|qsfp_xcvr_test_0|xcvr_native_s10_0|profile1|tx_clkout|ch0'
Slack : 0.769
TNS   : 0.000
Corner: Slow 900mV 100C Model

Type  : Minimum Pulse Width 'refclk_qsfp_p'
Slack : 0.775
TNS   : 0.000
Corner: 2 Slow vid2 100C Model

Type  : Minimum Pulse Width 'q_sys_i|qsfp_xcvr_test_4|xcvr_native_s10_0|profile1|rx_clkout|ch0'
Slack : 0.779
TNS   : 0.000
Corner: Slow 900mV 0C Model

Type  : Minimum Pulse Width 'q_sys_i|qsfp_xcvr_test_4|xcvr_native_s10_0|profile1|tx_clkout|ch0'
Slack : 0.788
TNS   : 0.000
Corner: Slow 900mV 0C Model

Type  : Minimum Pulse Width 'q_sys_i|qsfp_xcvr_test_1|xcvr_native_s10_0|profile1|tx_clkout|ch0'
Slack : 0.820
TNS   : 0.000
Corner: Slow 900mV 0C Model

Type  : Minimum Pulse Width 'altera_int_osc_clk'
Slack : 0.936
TNS   : 0.000
Corner: Slow 900mV 0C Model

Type  : Minimum Pulse Width 'q_sys_i|qsfp_xcvr_test_0|xcvr_native_s10_0|profile0|rx_pcs_x2_clk|ch0'
Slack : 1.299
TNS   : 0.000
Corner: Slow 900mV 0C Model

Type  : Minimum Pulse Width 'q_sys_i|qsfp_xcvr_test_1|xcvr_native_s10_0|profile0|rx_pcs_x2_clk|ch0'
Slack : 1.299
TNS   : 0.000
Corner: Slow 900mV 0C Model

Type  : Minimum Pulse Width 'q_sys_i|qsfp_xcvr_test_3|xcvr_native_s10_0|profile0|rx_pcs_x2_clk|ch0'
Slack : 1.299
TNS   : 0.000
Corner: Slow 900mV 0C Model

Type  : Minimum Pulse Width 'q_sys_i|qsfp_xcvr_test_4|xcvr_native_s10_0|profile0|rx_pcs_x2_clk|ch0'
Slack : 1.299
TNS   : 0.000
Corner: Slow 900mV 0C Model

Type  : Minimum Pulse Width 'q_sys_i|qsfp_xcvr_test_0|xcvr_native_s10_0|profile0|tx_pcs_x2_clk|ch0'
Slack : 1.338
TNS   : 0.000
Corner: Slow 900mV 0C Model

Type  : Minimum Pulse Width 'q_sys_i|qsfp_xcvr_test_1|xcvr_native_s10_0|profile0|tx_pcs_x2_clk|ch0'
Slack : 1.338
TNS   : 0.000
Corner: Slow 900mV 0C Model

Type  : Minimum Pulse Width 'q_sys_i|qsfp_xcvr_test_3|xcvr_native_s10_0|profile0|tx_pcs_x2_clk|ch0'
Slack : 1.338
TNS   : 0.000
Corner: Slow 900mV 0C Model

Type  : Minimum Pulse Width 'q_sys_i|qsfp_xcvr_test_4|xcvr_native_s10_0|profile0|tx_pcs_x2_clk|ch0'
Slack : 1.338
TNS   : 0.000
Corner: Slow 900mV 0C Model

Type  : Minimum Pulse Width 'q_sys_i|qsfp_xcvr_test_0|xcvr_native_s10_0|profile1|rx_clkout2|ch0'
Slack : 1.996
TNS   : 0.000
Corner: Slow 900mV 0C Model

Type  : Minimum Pulse Width 'q_sys_i|qsfp_xcvr_test_3|xcvr_native_s10_0|profile1|rx_clkout2|ch0'
Slack : 1.997
TNS   : 0.000
Corner: Slow 900mV 0C Model

Type  : Minimum Pulse Width 'q_sys_i|qsfp_xcvr_test_1|xcvr_native_s10_0|profile1|rx_clkout2|ch0'
Slack : 2.000
TNS   : 0.000
Corner: Slow 900mV 0C Model

Type  : Minimum Pulse Width 'q_sys_i|qsfp_xcvr_test_0|xcvr_native_s10_0|profile1|tx_clkout2|ch0'
Slack : 2.016
TNS   : 0.000
Corner: Slow 900mV 100C Model

Type  : Minimum Pulse Width 'q_sys_i|qsfp_xcvr_test_4|xcvr_native_s10_0|profile1|rx_clkout2|ch0'
Slack : 2.016
TNS   : 0.000
Corner: Slow 900mV 0C Model

Type  : Minimum Pulse Width 'q_sys_i|qsfp_xcvr_test_3|xcvr_native_s10_0|profile1|tx_clkout2|ch0'
Slack : 2.048
TNS   : 0.000
Corner: Slow 900mV 100C Model

Type  : Minimum Pulse Width 'q_sys_i|qsfp_xcvr_test_1|xcvr_native_s10_0|profile1|tx_clkout2|ch0'
Slack : 2.066
TNS   : 0.000
Corner: Slow 900mV 100C Model

Type  : Minimum Pulse Width 'q_sys_i|qsfp_xcvr_test_4|xcvr_native_s10_0|profile1|tx_clkout2|ch0'
Slack : 2.073
TNS   : 0.000
Corner: Slow 900mV 100C Model

Type  : Minimum Pulse Width 'q_sys_i|sdi_xcvr_test_0|xcvr_native_s10_0|rx_pcs_x2_clk|ch0'
Slack : 2.441
TNS   : 0.000
Corner: Slow 900mV 0C Model

Type  : Minimum Pulse Width 'q_sys_i|sdi_xcvr_test_1|xcvr_native_s10_0|rx_pcs_x2_clk|ch0'
Slack : 2.441
TNS   : 0.000
Corner: Slow 900mV 0C Model

Type  : Minimum Pulse Width 'q_sys_i|sdi_xcvr_test_0|xcvr_native_s10_0|tx_pcs_x2_clk|ch0'
Slack : 2.480
TNS   : 0.000
Corner: Slow 900mV 0C Model

Type  : Minimum Pulse Width 'q_sys_i|sdi_xcvr_test_1|xcvr_native_s10_0|tx_pcs_x2_clk|ch0'
Slack : 2.480
TNS   : 0.000
Corner: Slow 900mV 0C Model

Type  : Minimum Pulse Width 'q_sys_i|qsfp_xcvr_test_3|xcvr_native_s10_0|profile0|rx_clkout|ch0'
Slack : 2.614
TNS   : 0.000
Corner: Slow 900mV 0C Model

Type  : Minimum Pulse Width 'q_sys_i|qsfp_xcvr_test_1|xcvr_native_s10_0|profile0|rx_clkout|ch0'
Slack : 2.615
TNS   : 0.000
Corner: Slow 900mV 0C Model

Type  : Minimum Pulse Width 'q_sys_i|qsfp_xcvr_test_0|xcvr_native_s10_0|profile0|rx_clkout|ch0'
Slack : 2.616
TNS   : 0.000
Corner: Slow 900mV 0C Model

Type  : Minimum Pulse Width 'q_sys_i|qsfp_xcvr_test_3|xcvr_native_s10_0|profile0|tx_clkout|ch0'
Slack : 2.626
TNS   : 0.000
Corner: Slow 900mV 100C Model

Type  : Minimum Pulse Width 'q_sys_i|qsfp_xcvr_test_0|xcvr_native_s10_0|profile0|tx_clkout|ch0'
Slack : 2.631
TNS   : 0.000
Corner: Slow 900mV 100C Model

Type  : Minimum Pulse Width 'q_sys_i|qsfp_xcvr_test_4|xcvr_native_s10_0|profile0|rx_clkout|ch0'
Slack : 2.641
TNS   : 0.000
Corner: Slow 900mV 0C Model

Type  : Minimum Pulse Width 'q_sys_i|qsfp_xcvr_test_4|xcvr_native_s10_0|profile0|tx_clkout|ch0'
Slack : 2.650
TNS   : 0.000
Corner: Slow 900mV 0C Model

Type  : Minimum Pulse Width 'q_sys_i|qsfp_xcvr_test_1|xcvr_native_s10_0|profile0|tx_clkout|ch0'
Slack : 2.682
TNS   : 0.000
Corner: Slow 900mV 0C Model

Type  : Minimum Pulse Width 'refclk_sdi_p'
Slack : 3.367
TNS   : 0.000
Corner: 2 Slow vid2 100C Model

Type  : Minimum Pulse Width 'ALTERA_INSERTED_INTOSC_FOR_TRS|divided_osc_clk'
Slack : 3.375
TNS   : 0.000
Corner: Slow 900mV 0C Model

Type  : Minimum Pulse Width 'clk_fpga_100m'
Slack : 4.170
TNS   : 0.000
Corner: Slow 900mV 0C Model

Type  : Minimum Pulse Width 'q_sys_i|sdi_xcvr_test_1|xcvr_native_s10_0|rx_clkout|ch0'
Slack : 4.886
TNS   : 0.000
Corner: Slow 900mV 0C Model

Type  : Minimum Pulse Width 'q_sys_i|sdi_xcvr_test_1|xcvr_native_s10_0|tx_clkout|ch0'
Slack : 4.914
TNS   : 0.000
Corner: Slow 900mV 100C Model

Type  : Minimum Pulse Width 'q_sys_i|sdi_xcvr_test_0|xcvr_native_s10_0|rx_clkout|ch0'
Slack : 4.919
TNS   : 0.000
Corner: Slow 900mV 0C Model

Type  : Minimum Pulse Width 'q_sys_i|sdi_xcvr_test_0|xcvr_native_s10_0|tx_clkout|ch0'
Slack : 4.969
TNS   : 0.000
Corner: Slow 900mV 0C Model

Type  : Minimum Pulse Width 'q_sys_i|qsfp_xcvr_test_0|xcvr_native_s10_0|profile0|rx_clkout2|ch0'
Slack : 5.720
TNS   : 0.000
Corner: Slow 900mV 0C Model

Type  : Minimum Pulse Width 'q_sys_i|qsfp_xcvr_test_3|xcvr_native_s10_0|profile0|rx_clkout2|ch0'
Slack : 5.721
TNS   : 0.000
Corner: Slow 900mV 0C Model

Type  : Minimum Pulse Width 'q_sys_i|qsfp_xcvr_test_1|xcvr_native_s10_0|profile0|rx_clkout2|ch0'
Slack : 5.724
TNS   : 0.000
Corner: Slow 900mV 0C Model

Type  : Minimum Pulse Width 'q_sys_i|qsfp_xcvr_test_0|xcvr_native_s10_0|profile0|tx_clkout2|ch0'
Slack : 5.740
TNS   : 0.000
Corner: Slow 900mV 100C Model

Type  : Minimum Pulse Width 'q_sys_i|qsfp_xcvr_test_4|xcvr_native_s10_0|profile0|rx_clkout2|ch0'
Slack : 5.740
TNS   : 0.000
Corner: Slow 900mV 0C Model

Type  : Minimum Pulse Width 'q_sys_i|qsfp_xcvr_test_3|xcvr_native_s10_0|profile0|tx_clkout2|ch0'
Slack : 5.772
TNS   : 0.000
Corner: Slow 900mV 100C Model

Type  : Minimum Pulse Width 'q_sys_i|qsfp_xcvr_test_1|xcvr_native_s10_0|profile0|tx_clkout2|ch0'
Slack : 5.790
TNS   : 0.000
Corner: Slow 900mV 100C Model

Type  : Minimum Pulse Width 'q_sys_i|qsfp_xcvr_test_4|xcvr_native_s10_0|profile0|tx_clkout2|ch0'
Slack : 5.797
TNS   : 0.000
Corner: Slow 900mV 100C Model

Type  : Minimum Pulse Width 'clk_50'
Slack : 9.170
TNS   : 0.000
Corner: Slow 900mV 100C Model

Type  : Minimum Pulse Width 'q_sys_i|sdi_xcvr_test_1|xcvr_native_s10_0|rx_clkout2|ch0'
Slack : 10.291
TNS   : 0.000
Corner: Slow 900mV 0C Model

Type  : Minimum Pulse Width 'q_sys_i|sdi_xcvr_test_0|xcvr_native_s10_0|rx_clkout2|ch0'
Slack : 10.300
TNS   : 0.000
Corner: Slow 900mV 0C Model

Type  : Minimum Pulse Width 'q_sys_i|sdi_xcvr_test_1|xcvr_native_s10_0|tx_clkout2|ch0'
Slack : 10.345
TNS   : 0.000
Corner: Slow 900mV 100C Model

Type  : Minimum Pulse Width 'q_sys_i|sdi_xcvr_test_0|xcvr_native_s10_0|tx_clkout2|ch0'
Slack : 10.365
TNS   : 0.000
Corner: Slow 900mV 100C Model

Type  : Minimum Pulse Width 'altera_reserved_tck'
Slack : 17.885
TNS   : 0.000
Corner: Slow 900mV 0C Model

Type  : Minimum Pulse Width 'q_sys_i|qsfp_xcvr_test_3|xcvr_native_s10_0|qsfp_xcvr_test_xcvr_native_s10_htile_1|recal_clk_div8|ch0'
Slack : 31.609
TNS   : 0.000
Corner: Slow 900mV 100C Model

Type  : Minimum Pulse Width 'q_sys_i|qsfp_xcvr_test_4|xcvr_native_s10_0|qsfp_xcvr_test_xcvr_native_s10_htile_1|recal_clk_div8|ch0'
Slack : 31.611
TNS   : 0.000
Corner: Slow 900mV 100C Model

Type  : Minimum Pulse Width 'q_sys_i|qsfp_xcvr_test_0|xcvr_native_s10_0|qsfp_xcvr_test_xcvr_native_s10_htile_1|recal_clk_div8|ch0'
Slack : 31.616
TNS   : 0.000
Corner: Slow 900mV 100C Model

Type  : Minimum Pulse Width 'q_sys_i|qsfp_xcvr_test_1|xcvr_native_s10_0|qsfp_xcvr_test_xcvr_native_s10_htile_1|recal_clk_div8|ch0'
Slack : 31.619
TNS   : 0.000
Corner: Slow 900mV 100C Model

Type  : 2 Slow vid2 100C Model Max Skew 'set_max_skew'
Slack : 1.351

Type  : 2 Slow vid2 100C Model Max Skew 'set_max_skew'
Slack : 1.355

Type  : 2 Slow vid2 100C Model Max Skew 'set_max_skew'
Slack : 1.376

Type  : 2 Slow vid2 100C Model Max Skew 'set_max_skew'
Slack : 1.381

Type  : 2 Slow vid2 100C Model Max Skew 'set_max_skew'
Slack : 1.433

Type  : 2 Slow vid2 100C Model Max Skew 'set_max_skew'
Slack : 1.438

Type  : 2 Slow vid2 100C Model Max Skew 'set_max_skew'
Slack : 1.443

Type  : 2 Slow vid2 100C Model Max Skew 'set_max_skew'
Slack : 1.461

Type  : 2 Slow vid2 100C Model Max Skew 'set_max_skew'
Slack : 3.328

Type  : 2 Slow vid2 100C Model Max Skew 'set_max_skew'
Slack : 3.344

Type  : 2 Slow vid2 100C Model Max Skew 'set_max_skew'
Slack : 3.358

Type  : 2 Slow vid2 100C Model Max Skew 'set_max_skew'
Slack : 3.381

Type  : 2 Slow vid2 100C Model Max Skew 'set_max_skew'
Slack : 3.392

Type  : 2 Slow vid2 100C Model Max Skew 'set_max_skew'
Slack : 3.431

Type  : 2 Slow vid2 100C Model Max Skew 'set_max_skew'
Slack : 3.453

Type  : 2 Slow vid2 100C Model Max Skew 'set_max_skew'
Slack : 3.530

Type  : 2 Slow vid2 100C Model Max Skew 'set_max_skew'
Slack : 7.448

Type  : 2 Slow vid2 100C Model Max Skew 'set_max_skew'
Slack : 7.456

Type  : 2 Slow vid2 100C Model Max Skew 'set_max_skew'
Slack : 7.489

Type  : 2 Slow vid2 100C Model Max Skew 'set_max_skew'
Slack : 7.520

Type  : 2 Slow vid2 100C Model Max Skew 'set_max_skew'
Slack : 7.528

Type  : 2 Slow vid2 100C Model Max Skew 'set_max_skew'
Slack : 7.536

Type  : 2 Slow vid2 100C Model Max Skew 'set_max_skew'
Slack : 7.540

Type  : 2 Slow vid2 100C Model Max Skew 'set_max_skew'
Slack : 7.579

Type  : 2 Slow vid2 100C Model Max Skew 'set_max_skew'
Slack : 7.580

Type  : 2 Slow vid2 100C Model Max Skew 'set_max_skew'
Slack : 7.588

Type  : 2 Slow vid2 100C Model Max Skew 'set_max_skew'
Slack : 7.607

Type  : 2 Slow vid2 100C Model Max Skew 'set_max_skew'
Slack : 7.613

Type  : 2 Slow vid2 100C Model Max Skew 'set_max_skew'
Slack : 7.619

Type  : 2 Slow vid2 100C Model Max Skew 'set_max_skew'
Slack : 7.623

Type  : 2 Slow vid2 100C Model Max Skew 'set_max_skew'
Slack : 7.634

Type  : 2 Slow vid2 100C Model Max Skew 'set_max_skew'
Slack : 7.655

Type  : 2 Slow vid2 100C Model Max Skew 'set_max_skew'
Slack : 7.660

Type  : 2 Slow vid2 100C Model Max Skew 'set_max_skew'
Slack : 7.661

Type  : 2 Slow vid2 100C Model Max Skew 'set_max_skew'
Slack : 7.666

Type  : 2 Slow vid2 100C Model Max Skew 'set_max_skew'
Slack : 7.694

Type  : 2 Slow vid2 100C Model Max Skew 'set_max_skew'
Slack : 8.045

Type  : 2 Slow vid2 100C Model Max Skew 'set_max_skew'
Slack : 8.090

Type  : 2 Slow vid2 100C Model Max Skew 'set_max_skew'
Slack : 8.138

Type  : 2 Slow vid2 100C Model Max Skew 'set_max_skew'
Slack : 8.167

Type  : 2 Slow vid2 100C Model Max Skew 'set_max_skew'
Slack : 15.239

Type  : 2 Slow vid2 100C Model Max Skew 'set_max_skew'
Slack : 15.240

Type  : 2 Slow vid2 100C Model Max Skew 'set_max_skew'
Slack : 15.325

Type  : 2 Slow vid2 100C Model Max Skew 'set_max_skew'
Slack : 15.334

Type  : 2 Slow vid2 100C Model Max Skew 'set_max_skew'
Slack : 15.363

Type  : 2 Slow vid2 100C Model Max Skew 'set_max_skew'
Slack : 15.363

Type  : 2 Slow vid2 100C Model Max Skew 'set_max_skew'
Slack : 15.403

Type  : 2 Slow vid2 100C Model Max Skew 'set_max_skew'
Slack : 15.416

Type  : 2 Slow vid2 100C Model Max Skew 'set_max_skew'
Slack : 15.420

Type  : 2 Slow vid2 100C Model Max Skew 'set_max_skew'
Slack : 15.443

Type  : 2 Slow vid2 100C Model Max Skew 'set_max_skew'
Slack : 15.459

Type  : 2 Slow vid2 100C Model Max Skew 'set_max_skew'
Slack : 15.479

Type  : 2 Slow vid2 100C Model Max Skew 'set_max_skew'
Slack : 15.481

Type  : 2 Slow vid2 100C Model Max Skew 'set_max_skew'
Slack : 15.526

Type  : 2 Slow vid2 100C Model Max Skew 'set_max_skew'
Slack : 15.599

Type  : 2 Slow vid2 100C Model Max Skew 'set_max_skew'
Slack : 15.646

Type  : 2 Slow vid2 100C Model Max Skew 'set_max_skew'
Slack : 16.640

Type  : 2 Slow vid2 100C Model Max Skew 'set_max_skew'
Slack : 16.665

Type  : 2 Slow vid2 100C Model Max Skew 'set_max_skew'
Slack : 16.673

Type  : 2 Slow vid2 100C Model Max Skew 'set_max_skew'
Slack : 16.696

Type  : 2 Slow vid2 0C Model Max Skew 'set_max_skew'
Slack : 1.349

Type  : 2 Slow vid2 0C Model Max Skew 'set_max_skew'
Slack : 1.366

Type  : 2 Slow vid2 0C Model Max Skew 'set_max_skew'
Slack : 1.384

Type  : 2 Slow vid2 0C Model Max Skew 'set_max_skew'
Slack : 1.384

Type  : 2 Slow vid2 0C Model Max Skew 'set_max_skew'
Slack : 1.416

Type  : 2 Slow vid2 0C Model Max Skew 'set_max_skew'
Slack : 1.429

Type  : 2 Slow vid2 0C Model Max Skew 'set_max_skew'
Slack : 1.438

Type  : 2 Slow vid2 0C Model Max Skew 'set_max_skew'
Slack : 1.466

Type  : 2 Slow vid2 0C Model Max Skew 'set_max_skew'
Slack : 3.317

Type  : 2 Slow vid2 0C Model Max Skew 'set_max_skew'
Slack : 3.329

Type  : 2 Slow vid2 0C Model Max Skew 'set_max_skew'
Slack : 3.365

Type  : 2 Slow vid2 0C Model Max Skew 'set_max_skew'
Slack : 3.384

Type  : 2 Slow vid2 0C Model Max Skew 'set_max_skew'
Slack : 3.390

Type  : 2 Slow vid2 0C Model Max Skew 'set_max_skew'
Slack : 3.433

Type  : 2 Slow vid2 0C Model Max Skew 'set_max_skew'
Slack : 3.443

Type  : 2 Slow vid2 0C Model Max Skew 'set_max_skew'
Slack : 3.518

Type  : 2 Slow vid2 0C Model Max Skew 'set_max_skew'
Slack : 7.443

Type  : 2 Slow vid2 0C Model Max Skew 'set_max_skew'
Slack : 7.459

Type  : 2 Slow vid2 0C Model Max Skew 'set_max_skew'
Slack : 7.491

Type  : 2 Slow vid2 0C Model Max Skew 'set_max_skew'
Slack : 7.523

Type  : 2 Slow vid2 0C Model Max Skew 'set_max_skew'
Slack : 7.534

Type  : 2 Slow vid2 0C Model Max Skew 'set_max_skew'
Slack : 7.544

Type  : 2 Slow vid2 0C Model Max Skew 'set_max_skew'
Slack : 7.545

Type  : 2 Slow vid2 0C Model Max Skew 'set_max_skew'
Slack : 7.569

Type  : 2 Slow vid2 0C Model Max Skew 'set_max_skew'
Slack : 7.571

Type  : 2 Slow vid2 0C Model Max Skew 'set_max_skew'
Slack : 7.594

Type  : 2 Slow vid2 0C Model Max Skew 'set_max_skew'
Slack : 7.597

Type  : 2 Slow vid2 0C Model Max Skew 'set_max_skew'
Slack : 7.616

Type  : 2 Slow vid2 0C Model Max Skew 'set_max_skew'
Slack : 7.619

Type  : 2 Slow vid2 0C Model Max Skew 'set_max_skew'
Slack : 7.630

Type  : 2 Slow vid2 0C Model Max Skew 'set_max_skew'
Slack : 7.641

Type  : 2 Slow vid2 0C Model Max Skew 'set_max_skew'
Slack : 7.652

Type  : 2 Slow vid2 0C Model Max Skew 'set_max_skew'
Slack : 7.660

Type  : 2 Slow vid2 0C Model Max Skew 'set_max_skew'
Slack : 7.666

Type  : 2 Slow vid2 0C Model Max Skew 'set_max_skew'
Slack : 7.669

Type  : 2 Slow vid2 0C Model Max Skew 'set_max_skew'
Slack : 7.685

Type  : 2 Slow vid2 0C Model Max Skew 'set_max_skew'
Slack : 8.037

Type  : 2 Slow vid2 0C Model Max Skew 'set_max_skew'
Slack : 8.063

Type  : 2 Slow vid2 0C Model Max Skew 'set_max_skew'
Slack : 8.133

Type  : 2 Slow vid2 0C Model Max Skew 'set_max_skew'
Slack : 8.171

Type  : 2 Slow vid2 0C Model Max Skew 'set_max_skew'
Slack : 15.243

Type  : 2 Slow vid2 0C Model Max Skew 'set_max_skew'
Slack : 15.244

Type  : 2 Slow vid2 0C Model Max Skew 'set_max_skew'
Slack : 15.322

Type  : 2 Slow vid2 0C Model Max Skew 'set_max_skew'
Slack : 15.335

Type  : 2 Slow vid2 0C Model Max Skew 'set_max_skew'
Slack : 15.364

Type  : 2 Slow vid2 0C Model Max Skew 'set_max_skew'
Slack : 15.368

Type  : 2 Slow vid2 0C Model Max Skew 'set_max_skew'
Slack : 15.417

Type  : 2 Slow vid2 0C Model Max Skew 'set_max_skew'
Slack : 15.424

Type  : 2 Slow vid2 0C Model Max Skew 'set_max_skew'
Slack : 15.430

Type  : 2 Slow vid2 0C Model Max Skew 'set_max_skew'
Slack : 15.441

Type  : 2 Slow vid2 0C Model Max Skew 'set_max_skew'
Slack : 15.465

Type  : 2 Slow vid2 0C Model Max Skew 'set_max_skew'
Slack : 15.487

Type  : 2 Slow vid2 0C Model Max Skew 'set_max_skew'
Slack : 15.488

Type  : 2 Slow vid2 0C Model Max Skew 'set_max_skew'
Slack : 15.502

Type  : 2 Slow vid2 0C Model Max Skew 'set_max_skew'
Slack : 15.609

Type  : 2 Slow vid2 0C Model Max Skew 'set_max_skew'
Slack : 15.665

Type  : 2 Slow vid2 0C Model Max Skew 'set_max_skew'
Slack : 16.623

Type  : 2 Slow vid2 0C Model Max Skew 'set_max_skew'
Slack : 16.666

Type  : 2 Slow vid2 0C Model Max Skew 'set_max_skew'
Slack : 16.673

Type  : 2 Slow vid2 0C Model Max Skew 'set_max_skew'
Slack : 16.694

Type  : Slow 900mV 100C Model Max Skew 'set_max_skew'
Slack : 1.240

Type  : Slow 900mV 100C Model Max Skew 'set_max_skew'
Slack : 1.255

Type  : Slow 900mV 100C Model Max Skew 'set_max_skew'
Slack : 1.261

Type  : Slow 900mV 100C Model Max Skew 'set_max_skew'
Slack : 1.272

Type  : Slow 900mV 100C Model Max Skew 'set_max_skew'
Slack : 1.334

Type  : Slow 900mV 100C Model Max Skew 'set_max_skew'
Slack : 1.349

Type  : Slow 900mV 100C Model Max Skew 'set_max_skew'
Slack : 1.365

Type  : Slow 900mV 100C Model Max Skew 'set_max_skew'
Slack : 1.386

Type  : Slow 900mV 100C Model Max Skew 'set_max_skew'
Slack : 3.224

Type  : Slow 900mV 100C Model Max Skew 'set_max_skew'
Slack : 3.248

Type  : Slow 900mV 100C Model Max Skew 'set_max_skew'
Slack : 3.282

Type  : Slow 900mV 100C Model Max Skew 'set_max_skew'
Slack : 3.288

Type  : Slow 900mV 100C Model Max Skew 'set_max_skew'
Slack : 3.300

Type  : Slow 900mV 100C Model Max Skew 'set_max_skew'
Slack : 3.335

Type  : Slow 900mV 100C Model Max Skew 'set_max_skew'
Slack : 3.371

Type  : Slow 900mV 100C Model Max Skew 'set_max_skew'
Slack : 3.441

Type  : Slow 900mV 100C Model Max Skew 'set_max_skew'
Slack : 7.336

Type  : Slow 900mV 100C Model Max Skew 'set_max_skew'
Slack : 7.370

Type  : Slow 900mV 100C Model Max Skew 'set_max_skew'
Slack : 7.401

Type  : Slow 900mV 100C Model Max Skew 'set_max_skew'
Slack : 7.420

Type  : Slow 900mV 100C Model Max Skew 'set_max_skew'
Slack : 7.425

Type  : Slow 900mV 100C Model Max Skew 'set_max_skew'
Slack : 7.454

Type  : Slow 900mV 100C Model Max Skew 'set_max_skew'
Slack : 7.455

Type  : Slow 900mV 100C Model Max Skew 'set_max_skew'
Slack : 7.482

Type  : Slow 900mV 100C Model Max Skew 'set_max_skew'
Slack : 7.491

Type  : Slow 900mV 100C Model Max Skew 'set_max_skew'
Slack : 7.511

Type  : Slow 900mV 100C Model Max Skew 'set_max_skew'
Slack : 7.532

Type  : Slow 900mV 100C Model Max Skew 'set_max_skew'
Slack : 7.537

Type  : Slow 900mV 100C Model Max Skew 'set_max_skew'
Slack : 7.539

Type  : Slow 900mV 100C Model Max Skew 'set_max_skew'
Slack : 7.541

Type  : Slow 900mV 100C Model Max Skew 'set_max_skew'
Slack : 7.558

Type  : Slow 900mV 100C Model Max Skew 'set_max_skew'
Slack : 7.577

Type  : Slow 900mV 100C Model Max Skew 'set_max_skew'
Slack : 7.586

Type  : Slow 900mV 100C Model Max Skew 'set_max_skew'
Slack : 7.587

Type  : Slow 900mV 100C Model Max Skew 'set_max_skew'
Slack : 7.588

Type  : Slow 900mV 100C Model Max Skew 'set_max_skew'
Slack : 7.623

Type  : Slow 900mV 100C Model Max Skew 'set_max_skew'
Slack : 7.954

Type  : Slow 900mV 100C Model Max Skew 'set_max_skew'
Slack : 7.996

Type  : Slow 900mV 100C Model Max Skew 'set_max_skew'
Slack : 8.039

Type  : Slow 900mV 100C Model Max Skew 'set_max_skew'
Slack : 8.091

Type  : Slow 900mV 100C Model Max Skew 'set_max_skew'
Slack : 15.132

Type  : Slow 900mV 100C Model Max Skew 'set_max_skew'
Slack : 15.155

Type  : Slow 900mV 100C Model Max Skew 'set_max_skew'
Slack : 15.209

Type  : Slow 900mV 100C Model Max Skew 'set_max_skew'
Slack : 15.240

Type  : Slow 900mV 100C Model Max Skew 'set_max_skew'
Slack : 15.250

Type  : Slow 900mV 100C Model Max Skew 'set_max_skew'
Slack : 15.252

Type  : Slow 900mV 100C Model Max Skew 'set_max_skew'
Slack : 15.283

Type  : Slow 900mV 100C Model Max Skew 'set_max_skew'
Slack : 15.305

Type  : Slow 900mV 100C Model Max Skew 'set_max_skew'
Slack : 15.327

Type  : Slow 900mV 100C Model Max Skew 'set_max_skew'
Slack : 15.365

Type  : Slow 900mV 100C Model Max Skew 'set_max_skew'
Slack : 15.367

Type  : Slow 900mV 100C Model Max Skew 'set_max_skew'
Slack : 15.377

Type  : Slow 900mV 100C Model Max Skew 'set_max_skew'
Slack : 15.398

Type  : Slow 900mV 100C Model Max Skew 'set_max_skew'
Slack : 15.438

Type  : Slow 900mV 100C Model Max Skew 'set_max_skew'
Slack : 15.519

Type  : Slow 900mV 100C Model Max Skew 'set_max_skew'
Slack : 15.566

Type  : Slow 900mV 100C Model Max Skew 'set_max_skew'
Slack : 16.559

Type  : Slow 900mV 100C Model Max Skew 'set_max_skew'
Slack : 16.565

Type  : Slow 900mV 100C Model Max Skew 'set_max_skew'
Slack : 16.578

Type  : Slow 900mV 100C Model Max Skew 'set_max_skew'
Slack : 16.608

Type  : Slow 900mV 0C Model Max Skew 'set_max_skew'
Slack : 1.265

Type  : Slow 900mV 0C Model Max Skew 'set_max_skew'
Slack : 1.289

Type  : Slow 900mV 0C Model Max Skew 'set_max_skew'
Slack : 1.289

Type  : Slow 900mV 0C Model Max Skew 'set_max_skew'
Slack : 1.295

Type  : Slow 900mV 0C Model Max Skew 'set_max_skew'
Slack : 1.339

Type  : Slow 900mV 0C Model Max Skew 'set_max_skew'
Slack : 1.353

Type  : Slow 900mV 0C Model Max Skew 'set_max_skew'
Slack : 1.358

Type  : Slow 900mV 0C Model Max Skew 'set_max_skew'
Slack : 1.398

Type  : Slow 900mV 0C Model Max Skew 'set_max_skew'
Slack : 3.239

Type  : Slow 900mV 0C Model Max Skew 'set_max_skew'
Slack : 3.255

Type  : Slow 900mV 0C Model Max Skew 'set_max_skew'
Slack : 3.283

Type  : Slow 900mV 0C Model Max Skew 'set_max_skew'
Slack : 3.293

Type  : Slow 900mV 0C Model Max Skew 'set_max_skew'
Slack : 3.316

Type  : Slow 900mV 0C Model Max Skew 'set_max_skew'
Slack : 3.351

Type  : Slow 900mV 0C Model Max Skew 'set_max_skew'
Slack : 3.374

Type  : Slow 900mV 0C Model Max Skew 'set_max_skew'
Slack : 3.437

Type  : Slow 900mV 0C Model Max Skew 'set_max_skew'
Slack : 7.353

Type  : Slow 900mV 0C Model Max Skew 'set_max_skew'
Slack : 7.370

Type  : Slow 900mV 0C Model Max Skew 'set_max_skew'
Slack : 7.427

Type  : Slow 900mV 0C Model Max Skew 'set_max_skew'
Slack : 7.438

Type  : Slow 900mV 0C Model Max Skew 'set_max_skew'
Slack : 7.447

Type  : Slow 900mV 0C Model Max Skew 'set_max_skew'
Slack : 7.472

Type  : Slow 900mV 0C Model Max Skew 'set_max_skew'
Slack : 7.477

Type  : Slow 900mV 0C Model Max Skew 'set_max_skew'
Slack : 7.481

Type  : Slow 900mV 0C Model Max Skew 'set_max_skew'
Slack : 7.506

Type  : Slow 900mV 0C Model Max Skew 'set_max_skew'
Slack : 7.513

Type  : Slow 900mV 0C Model Max Skew 'set_max_skew'
Slack : 7.540

Type  : Slow 900mV 0C Model Max Skew 'set_max_skew'
Slack : 7.544

Type  : Slow 900mV 0C Model Max Skew 'set_max_skew'
Slack : 7.550

Type  : Slow 900mV 0C Model Max Skew 'set_max_skew'
Slack : 7.555

Type  : Slow 900mV 0C Model Max Skew 'set_max_skew'
Slack : 7.569

Type  : Slow 900mV 0C Model Max Skew 'set_max_skew'
Slack : 7.585

Type  : Slow 900mV 0C Model Max Skew 'set_max_skew'
Slack : 7.598

Type  : Slow 900mV 0C Model Max Skew 'set_max_skew'
Slack : 7.599

Type  : Slow 900mV 0C Model Max Skew 'set_max_skew'
Slack : 7.607

Type  : Slow 900mV 0C Model Max Skew 'set_max_skew'
Slack : 7.629

Type  : Slow 900mV 0C Model Max Skew 'set_max_skew'
Slack : 7.952

Type  : Slow 900mV 0C Model Max Skew 'set_max_skew'
Slack : 7.990

Type  : Slow 900mV 0C Model Max Skew 'set_max_skew'
Slack : 8.049

Type  : Slow 900mV 0C Model Max Skew 'set_max_skew'
Slack : 8.105

Type  : Slow 900mV 0C Model Max Skew 'set_max_skew'
Slack : 15.154

Type  : Slow 900mV 0C Model Max Skew 'set_max_skew'
Slack : 15.159

Type  : Slow 900mV 0C Model Max Skew 'set_max_skew'
Slack : 15.233

Type  : Slow 900mV 0C Model Max Skew 'set_max_skew'
Slack : 15.243

Type  : Slow 900mV 0C Model Max Skew 'set_max_skew'
Slack : 15.265

Type  : Slow 900mV 0C Model Max Skew 'set_max_skew'
Slack : 15.267

Type  : Slow 900mV 0C Model Max Skew 'set_max_skew'
Slack : 15.303

Type  : Slow 900mV 0C Model Max Skew 'set_max_skew'
Slack : 15.321

Type  : Slow 900mV 0C Model Max Skew 'set_max_skew'
Slack : 15.338

Type  : Slow 900mV 0C Model Max Skew 'set_max_skew'
Slack : 15.368

Type  : Slow 900mV 0C Model Max Skew 'set_max_skew'
Slack : 15.385

Type  : Slow 900mV 0C Model Max Skew 'set_max_skew'
Slack : 15.402

Type  : Slow 900mV 0C Model Max Skew 'set_max_skew'
Slack : 15.403

Type  : Slow 900mV 0C Model Max Skew 'set_max_skew'
Slack : 15.436

Type  : Slow 900mV 0C Model Max Skew 'set_max_skew'
Slack : 15.525

Type  : Slow 900mV 0C Model Max Skew 'set_max_skew'
Slack : 15.586

Type  : Slow 900mV 0C Model Max Skew 'set_max_skew'
Slack : 16.555

Type  : Slow 900mV 0C Model Max Skew 'set_max_skew'
Slack : 16.576

Type  : Slow 900mV 0C Model Max Skew 'set_max_skew'
Slack : 16.588

Type  : Slow 900mV 0C Model Max Skew 'set_max_skew'
Slack : 16.607

Type  : Fast 900mV 100C Model Max Skew 'set_max_skew'
Slack : 1.365

Type  : Fast 900mV 100C Model Max Skew 'set_max_skew'
Slack : 1.370

Type  : Fast 900mV 100C Model Max Skew 'set_max_skew'
Slack : 1.386

Type  : Fast 900mV 100C Model Max Skew 'set_max_skew'
Slack : 1.408

Type  : Fast 900mV 100C Model Max Skew 'set_max_skew'
Slack : 1.465

Type  : Fast 900mV 100C Model Max Skew 'set_max_skew'
Slack : 1.471

Type  : Fast 900mV 100C Model Max Skew 'set_max_skew'
Slack : 1.485

Type  : Fast 900mV 100C Model Max Skew 'set_max_skew'
Slack : 1.491

Type  : Fast 900mV 100C Model Max Skew 'set_max_skew'
Slack : 3.367

Type  : Fast 900mV 100C Model Max Skew 'set_max_skew'
Slack : 3.375

Type  : Fast 900mV 100C Model Max Skew 'set_max_skew'
Slack : 3.387

Type  : Fast 900mV 100C Model Max Skew 'set_max_skew'
Slack : 3.393

Type  : Fast 900mV 100C Model Max Skew 'set_max_skew'
Slack : 3.413

Type  : Fast 900mV 100C Model Max Skew 'set_max_skew'
Slack : 3.437

Type  : Fast 900mV 100C Model Max Skew 'set_max_skew'
Slack : 3.491

Type  : Fast 900mV 100C Model Max Skew 'set_max_skew'
Slack : 3.562

Type  : Fast 900mV 100C Model Max Skew 'set_max_skew'
Slack : 7.479

Type  : Fast 900mV 100C Model Max Skew 'set_max_skew'
Slack : 7.487

Type  : Fast 900mV 100C Model Max Skew 'set_max_skew'
Slack : 7.512

Type  : Fast 900mV 100C Model Max Skew 'set_max_skew'
Slack : 7.546

Type  : Fast 900mV 100C Model Max Skew 'set_max_skew'
Slack : 7.561

Type  : Fast 900mV 100C Model Max Skew 'set_max_skew'
Slack : 7.562

Type  : Fast 900mV 100C Model Max Skew 'set_max_skew'
Slack : 7.575

Type  : Fast 900mV 100C Model Max Skew 'set_max_skew'
Slack : 7.586

Type  : Fast 900mV 100C Model Max Skew 'set_max_skew'
Slack : 7.624

Type  : Fast 900mV 100C Model Max Skew 'set_max_skew'
Slack : 7.635

Type  : Fast 900mV 100C Model Max Skew 'set_max_skew'
Slack : 7.635

Type  : Fast 900mV 100C Model Max Skew 'set_max_skew'
Slack : 7.643

Type  : Fast 900mV 100C Model Max Skew 'set_max_skew'
Slack : 7.645

Type  : Fast 900mV 100C Model Max Skew 'set_max_skew'
Slack : 7.655

Type  : Fast 900mV 100C Model Max Skew 'set_max_skew'
Slack : 7.663

Type  : Fast 900mV 100C Model Max Skew 'set_max_skew'
Slack : 7.675

Type  : Fast 900mV 100C Model Max Skew 'set_max_skew'
Slack : 7.684

Type  : Fast 900mV 100C Model Max Skew 'set_max_skew'
Slack : 7.691

Type  : Fast 900mV 100C Model Max Skew 'set_max_skew'
Slack : 7.698

Type  : Fast 900mV 100C Model Max Skew 'set_max_skew'
Slack : 7.722

Type  : Fast 900mV 100C Model Max Skew 'set_max_skew'
Slack : 8.099

Type  : Fast 900mV 100C Model Max Skew 'set_max_skew'
Slack : 8.128

Type  : Fast 900mV 100C Model Max Skew 'set_max_skew'
Slack : 8.149

Type  : Fast 900mV 100C Model Max Skew 'set_max_skew'
Slack : 8.178

Type  : Fast 900mV 100C Model Max Skew 'set_max_skew'
Slack : 15.279

Type  : Fast 900mV 100C Model Max Skew 'set_max_skew'
Slack : 15.308

Type  : Fast 900mV 100C Model Max Skew 'set_max_skew'
Slack : 15.356

Type  : Fast 900mV 100C Model Max Skew 'set_max_skew'
Slack : 15.358

Type  : Fast 900mV 100C Model Max Skew 'set_max_skew'
Slack : 15.363

Type  : Fast 900mV 100C Model Max Skew 'set_max_skew'
Slack : 15.398

Type  : Fast 900mV 100C Model Max Skew 'set_max_skew'
Slack : 15.454

Type  : Fast 900mV 100C Model Max Skew 'set_max_skew'
Slack : 15.455

Type  : Fast 900mV 100C Model Max Skew 'set_max_skew'
Slack : 15.467

Type  : Fast 900mV 100C Model Max Skew 'set_max_skew'
Slack : 15.471

Type  : Fast 900mV 100C Model Max Skew 'set_max_skew'
Slack : 15.473

Type  : Fast 900mV 100C Model Max Skew 'set_max_skew'
Slack : 15.475

Type  : Fast 900mV 100C Model Max Skew 'set_max_skew'
Slack : 15.512

Type  : Fast 900mV 100C Model Max Skew 'set_max_skew'
Slack : 15.574

Type  : Fast 900mV 100C Model Max Skew 'set_max_skew'
Slack : 15.624

Type  : Fast 900mV 100C Model Max Skew 'set_max_skew'
Slack : 15.670

Type  : Fast 900mV 100C Model Max Skew 'set_max_skew'
Slack : 16.676

Type  : Fast 900mV 100C Model Max Skew 'set_max_skew'
Slack : 16.704

Type  : Fast 900mV 100C Model Max Skew 'set_max_skew'
Slack : 16.705

Type  : Fast 900mV 100C Model Max Skew 'set_max_skew'
Slack : 16.743

Type  : Fast 900mV 0C Model Max Skew 'set_max_skew'
Slack : 1.407

Type  : Fast 900mV 0C Model Max Skew 'set_max_skew'
Slack : 1.413

Type  : Fast 900mV 0C Model Max Skew 'set_max_skew'
Slack : 1.438

Type  : Fast 900mV 0C Model Max Skew 'set_max_skew'
Slack : 1.459

Type  : Fast 900mV 0C Model Max Skew 'set_max_skew'
Slack : 1.506

Type  : Fast 900mV 0C Model Max Skew 'set_max_skew'
Slack : 1.513

Type  : Fast 900mV 0C Model Max Skew 'set_max_skew'
Slack : 1.516

Type  : Fast 900mV 0C Model Max Skew 'set_max_skew'
Slack : 1.521

Type  : Fast 900mV 0C Model Max Skew 'set_max_skew'
Slack : 3.413

Type  : Fast 900mV 0C Model Max Skew 'set_max_skew'
Slack : 3.414

Type  : Fast 900mV 0C Model Max Skew 'set_max_skew'
Slack : 3.437

Type  : Fast 900mV 0C Model Max Skew 'set_max_skew'
Slack : 3.462

Type  : Fast 900mV 0C Model Max Skew 'set_max_skew'
Slack : 3.462

Type  : Fast 900mV 0C Model Max Skew 'set_max_skew'
Slack : 3.472

Type  : Fast 900mV 0C Model Max Skew 'set_max_skew'
Slack : 3.515

Type  : Fast 900mV 0C Model Max Skew 'set_max_skew'
Slack : 3.582

Type  : Fast 900mV 0C Model Max Skew 'set_max_skew'
Slack : 7.499

Type  : Fast 900mV 0C Model Max Skew 'set_max_skew'
Slack : 7.528

Type  : Fast 900mV 0C Model Max Skew 'set_max_skew'
Slack : 7.550

Type  : Fast 900mV 0C Model Max Skew 'set_max_skew'
Slack : 7.564

Type  : Fast 900mV 0C Model Max Skew 'set_max_skew'
Slack : 7.589

Type  : Fast 900mV 0C Model Max Skew 'set_max_skew'
Slack : 7.594

Type  : Fast 900mV 0C Model Max Skew 'set_max_skew'
Slack : 7.595

Type  : Fast 900mV 0C Model Max Skew 'set_max_skew'
Slack : 7.611

Type  : Fast 900mV 0C Model Max Skew 'set_max_skew'
Slack : 7.639

Type  : Fast 900mV 0C Model Max Skew 'set_max_skew'
Slack : 7.641

Type  : Fast 900mV 0C Model Max Skew 'set_max_skew'
Slack : 7.656

Type  : Fast 900mV 0C Model Max Skew 'set_max_skew'
Slack : 7.660

Type  : Fast 900mV 0C Model Max Skew 'set_max_skew'
Slack : 7.661

Type  : Fast 900mV 0C Model Max Skew 'set_max_skew'
Slack : 7.675

Type  : Fast 900mV 0C Model Max Skew 'set_max_skew'
Slack : 7.679

Type  : Fast 900mV 0C Model Max Skew 'set_max_skew'
Slack : 7.695

Type  : Fast 900mV 0C Model Max Skew 'set_max_skew'
Slack : 7.695

Type  : Fast 900mV 0C Model Max Skew 'set_max_skew'
Slack : 7.700

Type  : Fast 900mV 0C Model Max Skew 'set_max_skew'
Slack : 7.708

Type  : Fast 900mV 0C Model Max Skew 'set_max_skew'
Slack : 7.729

Type  : Fast 900mV 0C Model Max Skew 'set_max_skew'
Slack : 8.137

Type  : Fast 900mV 0C Model Max Skew 'set_max_skew'
Slack : 8.147

Type  : Fast 900mV 0C Model Max Skew 'set_max_skew'
Slack : 8.168

Type  : Fast 900mV 0C Model Max Skew 'set_max_skew'
Slack : 8.220

Type  : Fast 900mV 0C Model Max Skew 'set_max_skew'
Slack : 15.330

Type  : Fast 900mV 0C Model Max Skew 'set_max_skew'
Slack : 15.363

Type  : Fast 900mV 0C Model Max Skew 'set_max_skew'
Slack : 15.385

Type  : Fast 900mV 0C Model Max Skew 'set_max_skew'
Slack : 15.408

Type  : Fast 900mV 0C Model Max Skew 'set_max_skew'
Slack : 15.421

Type  : Fast 900mV 0C Model Max Skew 'set_max_skew'
Slack : 15.451

Type  : Fast 900mV 0C Model Max Skew 'set_max_skew'
Slack : 15.498

Type  : Fast 900mV 0C Model Max Skew 'set_max_skew'
Slack : 15.501

Type  : Fast 900mV 0C Model Max Skew 'set_max_skew'
Slack : 15.504

Type  : Fast 900mV 0C Model Max Skew 'set_max_skew'
Slack : 15.507

Type  : Fast 900mV 0C Model Max Skew 'set_max_skew'
Slack : 15.509

Type  : Fast 900mV 0C Model Max Skew 'set_max_skew'
Slack : 15.509

Type  : Fast 900mV 0C Model Max Skew 'set_max_skew'
Slack : 15.554

Type  : Fast 900mV 0C Model Max Skew 'set_max_skew'
Slack : 15.586

Type  : Fast 900mV 0C Model Max Skew 'set_max_skew'
Slack : 15.658

Type  : Fast 900mV 0C Model Max Skew 'set_max_skew'
Slack : 15.694

Type  : Fast 900mV 0C Model Max Skew 'set_max_skew'
Slack : 16.723

Type  : Fast 900mV 0C Model Max Skew 'set_max_skew'
Slack : 16.745

Type  : Fast 900mV 0C Model Max Skew 'set_max_skew'
Slack : 16.751

Type  : Fast 900mV 0C Model Max Skew 'set_max_skew'
Slack : 16.781

Type  : Net Delay 'set_net_delay'
Slack : 1.164

Type  : Net Delay 'set_net_delay'
Slack : 1.176

Type  : Net Delay 'set_net_delay'
Slack : 1.189

Type  : Net Delay 'set_net_delay'
Slack : 1.195

Type  : Net Delay 'set_net_delay'
Slack : 1.214

Type  : Net Delay 'set_net_delay'
Slack : 1.240

Type  : Net Delay 'set_net_delay'
Slack : 1.260

Type  : Net Delay 'set_net_delay'
Slack : 1.355

Type  : Net Delay 'set_net_delay'
Slack : 1.433

Type  : Net Delay 'set_net_delay'
Slack : 1.446

Type  : Net Delay 'set_net_delay'
Slack : 1.458

Type  : Net Delay 'set_net_delay'
Slack : 1.466

Type  : Net Delay 'set_net_delay'
Slack : 1.470

Type  : Net Delay 'set_net_delay'
Slack : 1.480

Type  : Net Delay 'set_net_delay'
Slack : 1.494

Type  : Net Delay 'set_net_delay'
Slack : 1.501

Type  : Net Delay 'set_net_delay'
Slack : 3.129

Type  : Net Delay 'set_net_delay'
Slack : 3.151

Type  : Net Delay 'set_net_delay'
Slack : 3.168

Type  : Net Delay 'set_net_delay'
Slack : 3.186

Type  : Net Delay 'set_net_delay'
Slack : 3.194

Type  : Net Delay 'set_net_delay'
Slack : 3.215

Type  : Net Delay 'set_net_delay'
Slack : 3.234

Type  : Net Delay 'set_net_delay'
Slack : 3.261

Type  : Net Delay 'set_net_delay'
Slack : 3.318

Type  : Net Delay 'set_net_delay'
Slack : 3.391

Type  : Net Delay 'set_net_delay'
Slack : 3.427

Type  : Net Delay 'set_net_delay'
Slack : 3.438

Type  : Net Delay 'set_net_delay'
Slack : 3.458

Type  : Net Delay 'set_net_delay'
Slack : 3.461

Type  : Net Delay 'set_net_delay'
Slack : 3.485

Type  : Net Delay 'set_net_delay'
Slack : 3.488

Type  : Net Delay 'set_net_delay'
Slack : 7.127

Type  : Net Delay 'set_net_delay'
Slack : 7.129

Type  : Net Delay 'set_net_delay'
Slack : 7.132

Type  : Net Delay 'set_net_delay'
Slack : 7.136

Type  : Net Delay 'set_net_delay'
Slack : 7.140

Type  : Net Delay 'set_net_delay'
Slack : 7.141

Type  : Net Delay 'set_net_delay'
Slack : 7.151

Type  : Net Delay 'set_net_delay'
Slack : 7.166

Type  : Net Delay 'set_net_delay'
Slack : 7.184

Type  : Net Delay 'set_net_delay'
Slack : 7.197

Type  : Net Delay 'set_net_delay'
Slack : 7.201

Type  : Net Delay 'set_net_delay'
Slack : 7.204

Type  : Net Delay 'set_net_delay'
Slack : 7.218

Type  : Net Delay 'set_net_delay'
Slack : 7.255

Type  : Net Delay 'set_net_delay'
Slack : 7.273

Type  : Net Delay 'set_net_delay'
Slack : 7.287

Type  : Net Delay 'set_net_delay'
Slack : 7.289

Type  : Net Delay 'set_net_delay'
Slack : 7.315

Type  : Net Delay 'set_net_delay'
Slack : 7.318

Type  : Net Delay 'set_net_delay'
Slack : 7.361

Type  : Net Delay 'set_net_delay'
Slack : 7.363

Type  : Net Delay 'set_net_delay'
Slack : 7.364

Type  : Net Delay 'set_net_delay'
Slack : 7.364

Type  : Net Delay 'set_net_delay'
Slack : 7.396

Type  : Net Delay 'set_net_delay'
Slack : 7.402

Type  : Net Delay 'set_net_delay'
Slack : 7.407

Type  : Net Delay 'set_net_delay'
Slack : 7.409

Type  : Net Delay 'set_net_delay'
Slack : 7.409

Type  : Net Delay 'set_net_delay'
Slack : 7.412

Type  : Net Delay 'set_net_delay'
Slack : 7.416

Type  : Net Delay 'set_net_delay'
Slack : 7.424

Type  : Net Delay 'set_net_delay'
Slack : 7.427

Type  : Net Delay 'set_net_delay'
Slack : 7.432

Type  : Net Delay 'set_net_delay'
Slack : 7.440

Type  : Net Delay 'set_net_delay'
Slack : 7.445

Type  : Net Delay 'set_net_delay'
Slack : 7.445

Type  : Net Delay 'set_net_delay'
Slack : 7.448

Type  : Net Delay 'set_net_delay'
Slack : 7.451

Type  : Net Delay 'set_net_delay'
Slack : 7.456

Type  : Net Delay 'set_net_delay'
Slack : 7.458

Type  : Net Delay 'set_net_delay'
Slack : 7.462

Type  : Net Delay 'set_net_delay'
Slack : 7.473

Type  : Net Delay 'set_net_delay'
Slack : 7.488

Type  : Net Delay 'set_net_delay'
Slack : 7.490

Type  : Net Delay 'set_net_delay'
Slack : 7.496

Type  : Net Delay 'set_net_delay'
Slack : 7.530

Type  : Net Delay 'set_net_delay'
Slack : 7.555

Type  : Net Delay 'set_net_delay'
Slack : 7.720

Type  : Net Delay 'set_net_delay'
Slack : 7.825

Type  : Net Delay 'set_net_delay'
Slack : 7.826

Type  : Net Delay 'set_net_delay'
Slack : 7.837

Type  : Net Delay 'set_net_delay'
Slack : 7.876

Type  : Net Delay 'set_net_delay'
Slack : 8.053

Type  : Net Delay 'set_net_delay'
Slack : 8.094

Type  : Net Delay 'set_net_delay'
Slack : 8.094

Type  : Net Delay 'set_net_delay'
Slack : 8.101

Type  : Net Delay 'set_net_delay'
Slack : 15.181

Type  : Net Delay 'set_net_delay'
Slack : 15.218

Type  : Net Delay 'set_net_delay'
Slack : 15.233

Type  : Net Delay 'set_net_delay'
Slack : 15.235

Type  : Net Delay 'set_net_delay'
Slack : 15.242

Type  : Net Delay 'set_net_delay'
Slack : 15.268

Type  : Net Delay 'set_net_delay'
Slack : 15.271

Type  : Net Delay 'set_net_delay'
Slack : 15.278

Type  : Net Delay 'set_net_delay'
Slack : 15.291

Type  : Net Delay 'set_net_delay'
Slack : 15.294

Type  : Net Delay 'set_net_delay'
Slack : 15.300

Type  : Net Delay 'set_net_delay'
Slack : 15.312

Type  : Net Delay 'set_net_delay'
Slack : 15.318

Type  : Net Delay 'set_net_delay'
Slack : 15.324

Type  : Net Delay 'set_net_delay'
Slack : 15.327

Type  : Net Delay 'set_net_delay'
Slack : 15.329

Type  : Net Delay 'set_net_delay'
Slack : 15.341

Type  : Net Delay 'set_net_delay'
Slack : 15.357

Type  : Net Delay 'set_net_delay'
Slack : 15.360

Type  : Net Delay 'set_net_delay'
Slack : 15.360

Type  : Net Delay 'set_net_delay'
Slack : 15.370

Type  : Net Delay 'set_net_delay'
Slack : 15.379

Type  : Net Delay 'set_net_delay'
Slack : 15.380

Type  : Net Delay 'set_net_delay'
Slack : 15.381

Type  : Net Delay 'set_net_delay'
Slack : 15.391

Type  : Net Delay 'set_net_delay'
Slack : 15.391

Type  : Net Delay 'set_net_delay'
Slack : 15.393

Type  : Net Delay 'set_net_delay'
Slack : 15.394

Type  : Net Delay 'set_net_delay'
Slack : 15.397

Type  : Net Delay 'set_net_delay'
Slack : 15.398

Type  : Net Delay 'set_net_delay'
Slack : 15.402

Type  : Net Delay 'set_net_delay'
Slack : 15.404

Type  : Net Delay 'set_net_delay'
Slack : 15.408

Type  : Net Delay 'set_net_delay'
Slack : 15.420

Type  : Net Delay 'set_net_delay'
Slack : 15.420

Type  : Net Delay 'set_net_delay'
Slack : 15.427

Type  : Net Delay 'set_net_delay'
Slack : 15.430

Type  : Net Delay 'set_net_delay'
Slack : 15.448

Type  : Net Delay 'set_net_delay'
Slack : 15.452

Type  : Net Delay 'set_net_delay'
Slack : 15.461

Type  : Net Delay 'set_net_delay'
Slack : 15.465

Type  : Net Delay 'set_net_delay'
Slack : 15.477

Type  : Net Delay 'set_net_delay'
Slack : 15.478

Type  : Net Delay 'set_net_delay'
Slack : 15.484

Type  : Net Delay 'set_net_delay'
Slack : 15.494

Type  : Net Delay 'set_net_delay'
Slack : 15.514

Type  : Net Delay 'set_net_delay'
Slack : 16.519

Type  : Net Delay 'set_net_delay'
Slack : 16.530

Type  : Net Delay 'set_net_delay'
Slack : 16.537

Type  : Net Delay 'set_net_delay'
Slack : 16.539

Type  : Net Delay 'set_net_delay'
Slack : 16.698

Type  : Net Delay 'set_net_delay'
Slack : 16.717

Type  : Net Delay 'set_net_delay'
Slack : 16.748

Type  : Net Delay 'set_net_delay'
Slack : 16.756

Type  : Net Delay 'set_net_delay'
Slack : 32.701

Type  : Net Delay 'set_net_delay'
Slack : 32.710

Type  : Net Delay 'set_net_delay'
Slack : 32.738

Type  : Net Delay 'set_net_delay'
Slack : 32.756

------------------------------------------------------------
