Fitter Finalize Stage Report for qts_qsfp_sdi
Sun Feb  4 17:20:08 2024
Quartus Prime Version 23.3.0 Build 104 09/20/2023 SC Pro Edition


---------------------
; Table of Contents ;
---------------------
  1. Legal Notice
  2. Routing Usage Summary
  3. Finalize Messages



----------------
; Legal Notice ;
----------------
Copyright (C) 2023  Intel Corporation. All rights reserved.
Your use of Intel Corporation's design tools, logic functions 
and other software and tools, and any partner logic 
functions, and any output files from any of the foregoing 
(including device programming or simulation files), and any 
associated documentation or information are expressly subject 
to the terms and conditions of the Intel Program License 
Subscription Agreement, the Intel Quartus Prime License Agreement,
the Intel FPGA IP License Agreement, or other applicable license
agreement, including, without limitation, that your use is for
the sole purpose of programming logic devices manufactured by
Intel and sold by Intel or its authorized distributors.  Please
refer to the Intel FPGA Software License Subscription Agreements 
on the Quartus Prime software download page.



+---------------------------------------------------------------+
; Routing Usage Summary                                         ;
+--------------------------------+------------------------------+
; Routing Resource Type          ; Usage                        ;
+--------------------------------+------------------------------+
; Block Input Muxes              ; 668 / 675,444 ( < 1 % )      ;
; Block interconnects            ; 91,528 / 9,132,912 ( 1 % )   ;
; C16 interconnects              ; 441 / 226,512 ( < 1 % )      ;
; C2 interconnects               ; 8,968 / 1,359,072 ( < 1 % )  ;
; C3 interconnects               ; 14,478 / 2,758,032 ( < 1 % ) ;
; C4 interconnects               ; 20,173 / 1,772,208 ( 1 % )   ;
; CLOCK_INVERTs                  ; 55 / 7,616 ( < 1 % )         ;
; DCM_muxes                      ; 38 / 1,632 ( 2 % )           ;
; Direct links                   ; 30,402 / 9,132,912 ( < 1 % ) ;
; GAP Interconnects              ; 301 / 267,192 ( < 1 % )      ;
; GAPs                           ; 10 / 29,304 ( < 1 % )        ;
; HIO Buffers                    ; 534 / 209,664 ( < 1 % )      ;
; Horizontal Buffers             ; 136 / 176,364 ( < 1 % )      ;
; Horizontal_clock_segment_muxes ; 152 / 7,488 ( 2 % )          ;
; Programmable Inverts           ; 797 / 318,960 ( < 1 % )      ;
; R10 interconnects              ; 15,526 / 2,456,208 ( < 1 % ) ;
; R2 interconnects               ; 11,002 / 2,265,120 ( < 1 % ) ;
; R24 interconnects              ; 183 / 293,040 ( < 1 % )      ;
; R24/C16 interconnect drivers   ; 418 / 453,024 ( < 1 % )      ;
; R4 interconnects               ; 19,951 / 3,248,028 ( < 1 % ) ;
; Row Clock Tap-Offs             ; 3,083 / 725,544 ( < 1 % )    ;
; Switchbox_clock_muxes          ; 606 / 41,600 ( 1 % )         ;
; Vertical_seam_tap_muxes        ; 471 / 22,848 ( 2 % )         ;
+--------------------------------+------------------------------+


+-------------------+
; Finalize Messages ;
+-------------------+
Info (20030): Parallel compilation is enabled and will use 10 of the 10 processors detected
Info: *******************************************************************
Info: Running Quartus Prime Fitter
    Info: Version 23.3.0 Build 104 09/20/2023 SC Pro Edition
    Info: Processing started: Sun Feb  4 17:06:04 2024
    Info: System process ID: 12900
Info: Command: quartus_fit --read_settings_files=on --write_settings_files=off qts_qsfp_sdi -c qts_qsfp_sdi
Info: Using INI file C:/Users/Haas1S/Downloads/stratix/qts_qsfp_sdi/qts_qsfp_sdi/quartus.ini
Info: The application is running in 'DNI' mode.
Info: qfit2_default_script.tcl version: #1
Info: Project  = qts_qsfp_sdi
Info: Revision = qts_qsfp_sdi
Info (21077): Low junction temperature is 0 degrees C
Info (21077): High junction temperature is 100 degrees C
Info (18258): Fitter Physical Synthesis operations beginning
Info (18259): Fitter Physical Synthesis operations ending: elapsed time is 00:00:04
Info (16557): Fitter post-fit operations ending: elapsed time is 00:01:24


